Archive member included to satisfy reference by file (symbol)

c:/st/stm32cubeide_1.3.0/stm32cubeide/plugins/com.st.stm32cube.ide.mcu.externaltools.gnu-tools-for-stm32.7-2018-q2-update.win32_1.4.0.202007081208/tools/bin/../lib/gcc/arm-none-eabi/7.3.1/../../../../arm-none-eabi/lib/thumb/v7e-m/fpv4-sp/hard\libc_nano.a(lib_a-errno.o)
                              Core/Src/syscalls.o (__errno)
c:/st/stm32cubeide_1.3.0/stm32cubeide/plugins/com.st.stm32cube.ide.mcu.externaltools.gnu-tools-for-stm32.7-2018-q2-update.win32_1.4.0.202007081208/tools/bin/../lib/gcc/arm-none-eabi/7.3.1/../../../../arm-none-eabi/lib/thumb/v7e-m/fpv4-sp/hard\libc_nano.a(lib_a-exit.o)
                              c:/st/stm32cubeide_1.3.0/stm32cubeide/plugins/com.st.stm32cube.ide.mcu.externaltools.gnu-tools-for-stm32.7-2018-q2-update.win32_1.4.0.202007081208/tools/bin/../lib/gcc/arm-none-eabi/7.3.1/../../../../arm-none-eabi/lib/thumb/v7e-m/fpv4-sp/hard/crt0.o (exit)
c:/st/stm32cubeide_1.3.0/stm32cubeide/plugins/com.st.stm32cube.ide.mcu.externaltools.gnu-tools-for-stm32.7-2018-q2-update.win32_1.4.0.202007081208/tools/bin/../lib/gcc/arm-none-eabi/7.3.1/../../../../arm-none-eabi/lib/thumb/v7e-m/fpv4-sp/hard\libc_nano.a(lib_a-impure.o)
                              c:/st/stm32cubeide_1.3.0/stm32cubeide/plugins/com.st.stm32cube.ide.mcu.externaltools.gnu-tools-for-stm32.7-2018-q2-update.win32_1.4.0.202007081208/tools/bin/../lib/gcc/arm-none-eabi/7.3.1/../../../../arm-none-eabi/lib/thumb/v7e-m/fpv4-sp/hard\libc_nano.a(lib_a-exit.o) (_global_impure_ptr)
c:/st/stm32cubeide_1.3.0/stm32cubeide/plugins/com.st.stm32cube.ide.mcu.externaltools.gnu-tools-for-stm32.7-2018-q2-update.win32_1.4.0.202007081208/tools/bin/../lib/gcc/arm-none-eabi/7.3.1/../../../../arm-none-eabi/lib/thumb/v7e-m/fpv4-sp/hard\libc_nano.a(lib_a-init.o)
                              c:/st/stm32cubeide_1.3.0/stm32cubeide/plugins/com.st.stm32cube.ide.mcu.externaltools.gnu-tools-for-stm32.7-2018-q2-update.win32_1.4.0.202007081208/tools/bin/../lib/gcc/arm-none-eabi/7.3.1/../../../../arm-none-eabi/lib/thumb/v7e-m/fpv4-sp/hard/crt0.o (__libc_init_array)
c:/st/stm32cubeide_1.3.0/stm32cubeide/plugins/com.st.stm32cube.ide.mcu.externaltools.gnu-tools-for-stm32.7-2018-q2-update.win32_1.4.0.202007081208/tools/bin/../lib/gcc/arm-none-eabi/7.3.1/../../../../arm-none-eabi/lib/thumb/v7e-m/fpv4-sp/hard\libc_nano.a(lib_a-malloc.o)
                              Middlewares/ST/STM32_USB_Device_Library/Class/CDC/Src/usbd_cdc.o (malloc)
c:/st/stm32cubeide_1.3.0/stm32cubeide/plugins/com.st.stm32cube.ide.mcu.externaltools.gnu-tools-for-stm32.7-2018-q2-update.win32_1.4.0.202007081208/tools/bin/../lib/gcc/arm-none-eabi/7.3.1/../../../../arm-none-eabi/lib/thumb/v7e-m/fpv4-sp/hard\libc_nano.a(lib_a-memcpy-stub.o)
                              Core/Src/AppMain.o (memcpy)
c:/st/stm32cubeide_1.3.0/stm32cubeide/plugins/com.st.stm32cube.ide.mcu.externaltools.gnu-tools-for-stm32.7-2018-q2-update.win32_1.4.0.202007081208/tools/bin/../lib/gcc/arm-none-eabi/7.3.1/../../../../arm-none-eabi/lib/thumb/v7e-m/fpv4-sp/hard\libc_nano.a(lib_a-memset.o)
                              c:/st/stm32cubeide_1.3.0/stm32cubeide/plugins/com.st.stm32cube.ide.mcu.externaltools.gnu-tools-for-stm32.7-2018-q2-update.win32_1.4.0.202007081208/tools/bin/../lib/gcc/arm-none-eabi/7.3.1/../../../../arm-none-eabi/lib/thumb/v7e-m/fpv4-sp/hard/crt0.o (memset)
c:/st/stm32cubeide_1.3.0/stm32cubeide/plugins/com.st.stm32cube.ide.mcu.externaltools.gnu-tools-for-stm32.7-2018-q2-update.win32_1.4.0.202007081208/tools/bin/../lib/gcc/arm-none-eabi/7.3.1/../../../../arm-none-eabi/lib/thumb/v7e-m/fpv4-sp/hard\libc_nano.a(lib_a-nano-freer.o)
                              c:/st/stm32cubeide_1.3.0/stm32cubeide/plugins/com.st.stm32cube.ide.mcu.externaltools.gnu-tools-for-stm32.7-2018-q2-update.win32_1.4.0.202007081208/tools/bin/../lib/gcc/arm-none-eabi/7.3.1/../../../../arm-none-eabi/lib/thumb/v7e-m/fpv4-sp/hard\libc_nano.a(lib_a-malloc.o) (_free_r)
c:/st/stm32cubeide_1.3.0/stm32cubeide/plugins/com.st.stm32cube.ide.mcu.externaltools.gnu-tools-for-stm32.7-2018-q2-update.win32_1.4.0.202007081208/tools/bin/../lib/gcc/arm-none-eabi/7.3.1/../../../../arm-none-eabi/lib/thumb/v7e-m/fpv4-sp/hard\libc_nano.a(lib_a-nano-mallocr.o)
                              c:/st/stm32cubeide_1.3.0/stm32cubeide/plugins/com.st.stm32cube.ide.mcu.externaltools.gnu-tools-for-stm32.7-2018-q2-update.win32_1.4.0.202007081208/tools/bin/../lib/gcc/arm-none-eabi/7.3.1/../../../../arm-none-eabi/lib/thumb/v7e-m/fpv4-sp/hard\libc_nano.a(lib_a-malloc.o) (_malloc_r)
c:/st/stm32cubeide_1.3.0/stm32cubeide/plugins/com.st.stm32cube.ide.mcu.externaltools.gnu-tools-for-stm32.7-2018-q2-update.win32_1.4.0.202007081208/tools/bin/../lib/gcc/arm-none-eabi/7.3.1/../../../../arm-none-eabi/lib/thumb/v7e-m/fpv4-sp/hard\libc_nano.a(lib_a-sbrkr.o)
[...]
Memory Configuration

Name             Origin             Length             Attributes
RAM              0x0000000020000000 0x000000000000a000 xrw
FLASH            0x0000000008000000 0x0000000000010000 xr
*default*        0x0000000000000000 0xffffffffffffffff

Linker script and memory map

LOAD c:/st/stm32cubeide_1.3.0/stm32cubeide/plugins/com.st.stm32cube.ide.mcu.externaltools.gnu-tools-for-stm32.7-2018-q2-update.win32_1.4.0.202007081208/tools/bin/../lib/gcc/arm-none-eabi/7.3.1/thumb/v7e-m/fpv4-sp/hard/crti.o
LOAD c:/st/stm32cubeide_1.3.0/stm32cubeide/plugins/com.st.stm32cube.ide.mcu.externaltools.gnu-tools-for-stm32.7-2018-q2-update.win32_1.4.0.202007081208/tools/bin/../lib/gcc/arm-none-eabi/7.3.1/thumb/v7e-m/fpv4-sp/hard/crtbegin.o
LOAD c:/st/stm32cubeide_1.3.0/stm32cubeide/plugins/com.st.stm32cube.ide.mcu.externaltools.gnu-tools-for-stm32.7-2018-q2-update.win32_1.4.0.202007081208/tools/bin/../lib/gcc/arm-none-eabi/7.3.1/../../../../arm-none-eabi/lib/thumb/v7e-m/fpv4-sp/hard/crt0.o
LOAD Core/Src/AppMain.o
LOAD Core/Src/gpio.o
LOAD Core/Src/i2c.o
LOAD Core/Src/main.o
LOAD Core/Src/spi.o
LOAD Core/Src/stm32l4xx_hal_msp.o
LOAD Core/Src/stm32l4xx_it.o
LOAD Core/Src/syscalls.o
LOAD Core/Src/sysmem.o
LOAD Core/Src/system_stm32l4xx.o
LOAD Core/Src/tim.o
LOAD Core/Src/LCD/LCD.o
LOAD Core/Src/LCD/LCDBase.o
LOAD Core/Src/LoadCell/LoadCell.o
LOAD Core/Src/Model/Model.o
LOAD Core/Src/Screen/BWSettings.o
LOAD Core/Src/Screen/BaseScreen.o
LOAD Core/Src/Screen/LogBook.o
LOAD Core/Src/Screen/MainScreen.o
LOAD Core/Src/Screen/PWSettings.o
LOAD Core/Src/Screen/ScreenControl.o
LOAD Core/Src/Screen/TimeSettings.o
LOAD Core/Src/Time/Time.o
LOAD Core/Startup/startup_stm32l412kbtx.o
LOAD Drivers/STM32L4xx_HAL_Driver/Src/stm32l4xx_hal.o
LOAD Drivers/STM32L4xx_HAL_Driver/Src/stm32l4xx_hal_cortex.o
LOAD Drivers/STM32L4xx_HAL_Driver/Src/stm32l4xx_hal_dma.o
LOAD Drivers/STM32L4xx_HAL_Driver/Src/stm32l4xx_hal_dma_ex.o
LOAD Drivers/STM32L4xx_HAL_Driver/Src/stm32l4xx_hal_exti.o
LOAD Drivers/STM32L4xx_HAL_Driver/Src/stm32l4xx_hal_flash.o
LOAD Drivers/STM32L4xx_HAL_Driver/Src/stm32l4xx_hal_flash_ex.o
LOAD Drivers/STM32L4xx_HAL_Driver/Src/stm32l4xx_hal_flash_ramfunc.o
LOAD Drivers/STM32L4xx_HAL_Driver/Src/stm32l4xx_hal_gpio.o
LOAD Drivers/STM32L4xx_HAL_Driver/Src/stm32l4xx_hal_i2c.o
LOAD Drivers/STM32L4xx_HAL_Driver/Src/stm32l4xx_hal_i2c_ex.o
LOAD Drivers/STM32L4xx_HAL_Driver/Src/stm32l4xx_hal_pcd.o
LOAD Drivers/STM32L4xx_HAL_Driver/Src/stm32l4xx_hal_pcd_ex.o
LOAD Drivers/STM32L4xx_HAL_Driver/Src/stm32l4xx_hal_pwr.o
LOAD Drivers/STM32L4xx_HAL_Driver/Src/stm32l4xx_hal_pwr_ex.o
LOAD Drivers/STM32L4xx_HAL_Driver/Src/stm32l4xx_hal_rcc.o
LOAD Drivers/STM32L4xx_HAL_Driver/Src/stm32l4xx_hal_rcc_ex.o
LOAD Drivers/STM32L4xx_HAL_Driver/Src/stm32l4xx_hal_spi.o
LOAD Drivers/STM32L4xx_HAL_Driver/Src/stm32l4xx_hal_spi_ex.o
LOAD Drivers/STM32L4xx_HAL_Driver/Src/stm32l4xx_hal_tim.o
LOAD Drivers/STM32L4xx_HAL_Driver/Src/stm32l4xx_hal_tim_ex.o
LOAD Drivers/STM32L4xx_HAL_Driver/Src/stm32l4xx_ll_usb.o
LOAD Middlewares/ST/STM32_USB_Device_Library/Class/CDC/Src/usbd_cdc.o
LOAD Middlewares/ST/STM32_USB_Device_Library/Core/Src/usbd_core.o
LOAD Middlewares/ST/STM32_USB_Device_Library/Core/Src/usbd_ctlreq.o
LOAD Middlewares/ST/STM32_USB_Device_Library/Core/Src/usbd_ioreq.o
LOAD USB_DEVICE/App/usb_device.o
LOAD USB_DEVICE/App/usbd_cdc_if.o
LOAD USB_DEVICE/App/usbd_desc.o
LOAD USB_DEVICE/Target/usbd_conf.o
START GROUP
LOAD c:/st/stm32cubeide_1.3.0/stm32cubeide/plugins/com.st.stm32cube.ide.mcu.externaltools.gnu-tools-for-stm32.7-2018-q2-update.win32_1.4.0.202007081208/tools/bin/../lib/gcc/arm-none-eabi/7.3.1/../../../../arm-none-eabi/lib/thumb/v7e-m/fpv4-sp/hard\libstdc++_nano.a
LOAD c:/st/stm32cubeide_1.3.0/stm32cubeide/plugins/com.st.stm32cube.ide.mcu.externaltools.gnu-tools-for-stm32.7-2018-q2-update.win32_1.4.0.202007081208/tools/bin/../lib/gcc/arm-none-eabi/7.3.1/../../../../arm-none-eabi/lib/thumb/v7e-m/fpv4-sp/hard\libsupc++_nano.a
END GROUP
LOAD c:/st/stm32cubeide_1.3.0/stm32cubeide/plugins/com.st.stm32cube.ide.mcu.externaltools.gnu-tools-for-stm32.7-2018-q2-update.win32_1.4.0.202007081208/tools/bin/../lib/gcc/arm-none-eabi/7.3.1/../../../../arm-none-eabi/lib/thumb/v7e-m/fpv4-sp/hard\libstdc++_nano.a
LOAD c:/st/stm32cubeide_1.3.0/stm32cubeide/plugins/com.st.stm32cube.ide.mcu.externaltools.gnu-tools-for-stm32.7-2018-q2-update.win32_1.4.0.202007081208/tools/bin/../lib/gcc/arm-none-eabi/7.3.1/../../../../arm-none-eabi/lib/thumb/v7e-m/fpv4-sp/hard\libm.a
LOAD c:/st/stm32cubeide_1.3.0/stm32cubeide/plugins/com.st.stm32cube.ide.mcu.externaltools.gnu-tools-for-stm32.7-2018-q2-update.win32_1.4.0.202007081208/tools/bin/../lib/gcc/arm-none-eabi/7.3.1/../../../../arm-none-eabi/lib/thumb/v7e-m/fpv4-sp/hard\libc_nano.a
START GROUP
LOAD c:/st/stm32cubeide_1.3.0/stm32cubeide/plugins/com.st.stm32cube.ide.mcu.externaltools.gnu-tools-for-stm32.7-2018-q2-update.win32_1.4.0.202007081208/tools/bin/../lib/gcc/arm-none-eabi/7.3.1/thumb/v7e-m/fpv4-sp/hard\libgcc.a
LOAD c:/st/stm32cubeide_1.3.0/stm32cubeide/plugins/com.st.stm32cube.ide.mcu.externaltools.gnu-tools-for-stm32.7-2018-q2-update.win32_1.4.0.202007081208/tools/bin/../lib/gcc/arm-none-eabi/7.3.1/../../../../arm-none-eabi/lib/thumb/v7e-m/fpv4-sp/hard\libc_nano.a
END GROUP
START GROUP
LOAD c:/st/stm32cubeide_1.3.0/stm32cubeide/plugins/com.st.stm32cube.ide.mcu.externaltools.gnu-tools-for-stm32.7-2018-q2-update.win32_1.4.0.202007081208/tools/bin/../lib/gcc/arm-none-eabi/7.3.1/thumb/v7e-m/fpv4-sp/hard\libgcc.a
LOAD c:/st/stm32cubeide_1.3.0/stm32cubeide/plugins/com.st.stm32cube.ide.mcu.externaltools.gnu-tools-for-stm32.7-2018-q2-update.win32_1.4.0.202007081208/tools/bin/../lib/gcc/arm-none-eabi/7.3.1/../../../../arm-none-eabi/lib/thumb/v7e-m/fpv4-sp/hard\libc_nano.a
LOAD c:/st/stm32cubeide_1.3.0/stm32cubeide/plugins/com.st.stm32cube.ide.mcu.externaltools.gnu-tools-for-stm32.7-2018-q2-update.win32_1.4.0.202007081208/tools/bin/../lib/gcc/arm-none-eabi/7.3.1/../../../../arm-none-eabi/lib/thumb/v7e-m/fpv4-sp/hard\libnosys.a
END GROUP
START GROUP
LOAD c:/st/stm32cubeide_1.3.0/stm32cubeide/plugins/com.st.stm32cube.ide.mcu.externaltools.gnu-tools-for-stm32.7-2018-q2-update.win32_1.4.0.202007081208/tools/bin/../lib/gcc/arm-none-eabi/7.3.1/thumb/v7e-m/fpv4-sp/hard\libgcc.a
LOAD c:/st/stm32cubeide_1.3.0/stm32cubeide/plugins/com.st.stm32cube.ide.mcu.externaltools.gnu-tools-for-stm32.7-2018-q2-update.win32_1.4.0.202007081208/tools/bin/../lib/gcc/arm-none-eabi/7.3.1/../../../../arm-none-eabi/lib/thumb/v7e-m/fpv4-sp/hard\libc_nano.a
LOAD c:/st/stm32cubeide_1.3.0/stm32cubeide/plugins/com.st.stm32cube.ide.mcu.externaltools.gnu-tools-for-stm32.7-2018-q2-update.win32_1.4.0.202007081208/tools/bin/../lib/gcc/arm-none-eabi/7.3.1/../../../../arm-none-eabi/lib/thumb/v7e-m/fpv4-sp/hard\libnosys.a
END GROUP
LOAD c:/st/stm32cubeide_1.3.0/stm32cubeide/plugins/com.st.stm32cube.ide.mcu.externaltools.gnu-tools-for-stm32.7-2018-q2-update.win32_1.4.0.202007081208/tools/bin/../lib/gcc/arm-none-eabi/7.3.1/thumb/v7e-m/fpv4-sp/hard/crtend.o
LOAD c:/st/stm32cubeide_1.3.0/stm32cubeide/plugins/com.st.stm32cube.ide.mcu.externaltools.gnu-tools-for-stm32.7-2018-q2-update.win32_1.4.0.202007081208/tools/bin/../lib/gcc/arm-none-eabi/7.3.1/thumb/v7e-m/fpv4-sp/hard/crtn.o
                0x000000002000a000                _estack = (ORIGIN (RAM) + LENGTH (RAM))
                0x0000000000000200                _Min_Heap_Size = 0x200
                0x0000000000000400                _Min_Stack_Size = 0x400

.isr_vector     0x0000000008000000      0x18c
                0x0000000008000000                . = ALIGN (0x4)
 *(.isr_vector)
 .isr_vector    0x0000000008000000      0x18c Core/Startup/startup_stm32l412kbtx.o
                0x0000000008000000                g_pfnVectors
                0x000000000800018c                . = ALIGN (0x4)

.text           0x000000000800018c     0x9c4c
                0x000000000800018c                . = ALIGN (0x4)
 *(.text)
 .text          0x000000000800018c       0x40 c:/st/stm32cubeide_1.3.0/stm32cubeide/plugins/com.st.stm32cube.ide.mcu.externaltools.gnu-tools-for-stm32.7-2018-q2-update.win32_1.4.0.202007081208/tools/bin/../lib/gcc/arm-none-eabi/7.3.1/thumb/v7e-m/fpv4-sp/hard/crtbegin.o
 *(.text*)
 .text._ZN7AppMainC2Ev
                0x00000000080001cc       0xa0 Core/Src/AppMain.o
                0x00000000080001cc                AppMain::AppMain()
                0x00000000080001cc                AppMain::AppMain()
 .text._ZN7AppMain5mainFEv
                0x000000000800026c      0x114 Core/Src/AppMain.o
                0x000000000800026c                AppMain::mainF()
 .text.MX_GPIO_Init
                0x0000000008000380      0x168 Core/Src/gpio.o
                0x0000000008000380                MX_GPIO_Init
 .text.MX_I2C1_Init
                0x00000000080004e8       0x80 Core/Src/i2c.o
                0x00000000080004e8                MX_I2C1_Init
 .text.HAL_I2C_MspInit
                0x0000000008000568       0x88 Core/Src/i2c.o
                0x0000000008000568                HAL_I2C_MspInit
 .text.main     0x00000000080005f0       0x4c Core/Src/main.o
                0x00000000080005f0                main
 .text._Z18SystemClock_Configv
                0x000000000800063c      0x10c Core/Src/main.o
                0x000000000800063c                SystemClock_Config()
 .text.Error_Handler
                0x0000000008000748        0xe Core/Src/main.o
                0x0000000008000748                Error_Handler
 *fill*         0x0000000008000756        0x2 
 .text._Z41__static_initialization_and_destruction_0ii
                0x0000000008000758       0x2c Core/Src/main.o
 .text._GLOBAL__sub_I_appMain
                0x0000000008000784       0x10 Core/Src/main.o
 .text.MX_SPI1_Init
                0x0000000008000794       0x7c Core/Src/spi.o
                0x0000000008000794                MX_SPI1_Init
 .text.HAL_SPI_MspInit
                0x0000000008000810       0x88 Core/Src/spi.o
                0x0000000008000810                HAL_SPI_MspInit
 .text.HAL_MspInit
                0x0000000008000898       0x48 Core/Src/stm32l4xx_hal_msp.o
                0x0000000008000898                HAL_MspInit
 .text.NMI_Handler
                0x00000000080008e0        0xe Core/Src/stm32l4xx_it.o
                0x00000000080008e0                NMI_Handler
 .text.HardFault_Handler
                0x00000000080008ee        0x6 Core/Src/stm32l4xx_it.o
                0x00000000080008ee                HardFault_Handler
 .text.MemManage_Handler
                0x00000000080008f4        0x6 Core/Src/stm32l4xx_it.o
                0x00000000080008f4                MemManage_Handler
 .text.BusFault_Handler
                0x00000000080008fa        0x6 Core/Src/stm32l4xx_it.o
                0x00000000080008fa                BusFault_Handler
 .text.UsageFault_Handler
                0x0000000008000900        0x6 Core/Src/stm32l4xx_it.o
                0x0000000008000900                UsageFault_Handler
 .text.SVC_Handler
                0x0000000008000906        0xe Core/Src/stm32l4xx_it.o
                0x0000000008000906                SVC_Handler
 .text.DebugMon_Handler
                0x0000000008000914        0xe Core/Src/stm32l4xx_it.o
                0x0000000008000914                DebugMon_Handler
 .text.PendSV_Handler
                0x0000000008000922        0xe Core/Src/stm32l4xx_it.o
                0x0000000008000922                PendSV_Handler
 .text.SysTick_Handler
                0x0000000008000930        0xc Core/Src/stm32l4xx_it.o
                0x0000000008000930                SysTick_Handler
 .text.USB_IRQHandler
                0x000000000800093c       0x14 Core/Src/stm32l4xx_it.o
                0x000000000800093c                USB_IRQHandler
 .text._sbrk    0x0000000008000950       0x6c Core/Src/sysmem.o
                0x0000000008000950                _sbrk
 .text.SystemInit
                0x00000000080009bc       0x6c Core/Src/system_stm32l4xx.o
                0x00000000080009bc                SystemInit
 .text.MX_TIM1_Init
                0x0000000008000a28       0xa8 Core/Src/tim.o
                0x0000000008000a28                MX_TIM1_Init
 .text.HAL_TIM_Base_MspInit
                0x0000000008000ad0       0x40 Core/Src/tim.o
                0x0000000008000ad0                HAL_TIM_Base_MspInit
 .text._ZN3LCDC2Ev
                0x0000000008000b10       0x16 Core/Src/LCD/LCD.o
                0x0000000008000b10                LCD::LCD()
                0x0000000008000b10                LCD::LCD()
 *fill*         0x0000000008000b26        0x2 
 .text._ZN3LCD7InitLCDEv
                0x0000000008000b28      0x128 Core/Src/LCD/LCD.o
                0x0000000008000b28                LCD::InitLCD()
 .text._ZN3LCD20WriteCommaandWwakeUpEh
                0x0000000008000c50       0x94 Core/Src/LCD/LCD.o
                0x0000000008000c50                LCD::WriteCommaandWwakeUp(unsigned char)
 .text._ZN3LCD12WriteCommandEh
                0x0000000008000ce4      0x118 Core/Src/LCD/LCD.o
                0x0000000008000ce4                LCD::WriteCommand(unsigned char)
 .text._ZN3LCD9WriteDataEh
                0x0000000008000dfc      0x118 Core/Src/LCD/LCD.o
                0x0000000008000dfc                LCD::WriteData(unsigned char)
 .text._ZN8LoadCellC2EP5Modelh
                0x0000000008000f14       0x38 Core/Src/LoadCell/LoadCell.o
                0x0000000008000f14                LoadCell::LoadCell(Model*, unsigned char)
                0x0000000008000f14                LoadCell::LoadCell(Model*, unsigned char)
 .text._ZN8LoadCell6UpdateEv
                0x0000000008000f4c       0x16 Core/Src/LoadCell/LoadCell.o
                0x0000000008000f4c                LoadCell::Update()
 .text._ZN8LoadCell12InitLoadCellE11ComSettings
                0x0000000008000f62       0xba Core/Src/LoadCell/LoadCell.o
                0x0000000008000f62                LoadCell::InitLoadCell(ComSettings)
 .text._ZN8LoadCell9ReadValueEv
                0x000000000800101c      0x100 Core/Src/LoadCell/LoadCell.o
                0x000000000800101c                LoadCell::ReadValue()
 .text._ZN8LoadCell15IsDataAvailableEv
                0x000000000800111c       0x3c Core/Src/LoadCell/LoadCell.o
                0x000000000800111c                LoadCell::IsDataAvailable()
 .text._ZN8LoadCell5WriteEPhh
                0x0000000008001158       0x60 Core/Src/LoadCell/LoadCell.o
                0x0000000008001158                LoadCell::Write(unsigned char*, unsigned char)
 .text._ZN8LoadCell9WriteReadEPhS0_hh
                0x00000000080011b8       0x60 Core/Src/LoadCell/LoadCell.o
                0x00000000080011b8                LoadCell::WriteRead(unsigned char*, unsigned char*, unsigned char, unsigned char)
 .text._ZN5ModelC2Ev
                0x0000000008001218       0x16 Core/Src/Model/Model.o
                0x0000000008001218                Model::Model()
                0x0000000008001218                Model::Model()
 .text._ZN5Model12setLoadCell1El
                0x000000000800122e       0x1c Core/Src/Model/Model.o
                0x000000000800122e                Model::setLoadCell1(long)
 .text._ZN5Model12setLoadCell2El
                0x000000000800124a       0x1c Core/Src/Model/Model.o
                0x000000000800124a                Model::setLoadCell2(long)
 .text._ZN10BWSettingsC2EP5Model
                0x0000000008001266       0x1c Core/Src/Screen/BWSettings.o
                0x0000000008001266                BWSettings::BWSettings(Model*)
                0x0000000008001266                BWSettings::BWSettings(Model*)
 .text._ZN10BaseScreenC2Ev
                0x0000000008001282       0x1e Core/Src/Screen/BaseScreen.o
                0x0000000008001282                BaseScreen::BaseScreen()
                0x0000000008001282                BaseScreen::BaseScreen()
 .text._ZN10MainScreenC2EP5Model
                0x00000000080012a0       0x1c Core/Src/Screen/MainScreen.o
                0x00000000080012a0                MainScreen::MainScreen(Model*)
                0x00000000080012a0                MainScreen::MainScreen(Model*)
 .text._ZN10PWSettingsC2EP5Model
                0x00000000080012bc       0x1c Core/Src/Screen/PWSettings.o
                0x00000000080012bc                PWSettings::PWSettings(Model*)
                0x00000000080012bc                PWSettings::PWSettings(Model*)
 .text._ZN13ScreenControlC2Ev
                0x00000000080012d8       0x96 Core/Src/Screen/ScreenControl.o
                0x00000000080012d8                ScreenControl::ScreenControl()
                0x00000000080012d8                ScreenControl::ScreenControl()
 .text._ZN13ScreenControl10InitScreenEv
                0x000000000800136e       0x1a Core/Src/Screen/ScreenControl.o
                0x000000000800136e                ScreenControl::InitScreen()
 .text._ZN12TimeSettingsC2EP5Model
                0x0000000008001388       0x1c Core/Src/Screen/TimeSettings.o
                0x0000000008001388                TimeSettings::TimeSettings(Model*)
                0x0000000008001388                TimeSettings::TimeSettings(Model*)
 .text.Reset_Handler
                0x00000000080013a4       0x50 Core/Startup/startup_stm32l412kbtx.o
                0x00000000080013a4                Reset_Handler
 .text.Default_Handler
                0x00000000080013f4        0x2 Core/Startup/startup_stm32l412kbtx.o
                0x00000000080013f4                RTC_Alarm_IRQHandler
                0x00000000080013f4                EXTI2_IRQHandler
                0x00000000080013f4                TIM1_CC_IRQHandler
                0x00000000080013f4                TSC_IRQHandler
                0x00000000080013f4                TIM6_IRQHandler
                0x00000000080013f4                TAMP_STAMP_IRQHandler
                0x00000000080013f4                EXTI3_IRQHandler
                0x00000000080013f4                LPTIM2_IRQHandler
                0x00000000080013f4                I2C3_ER_IRQHandler
                0x00000000080013f4                EXTI0_IRQHandler
                0x00000000080013f4                I2C2_EV_IRQHandler
                0x00000000080013f4                FPU_IRQHandler
                0x00000000080013f4                TIM1_UP_TIM16_IRQHandler
                0x00000000080013f4                ADC1_2_IRQHandler
                0x00000000080013f4                SPI1_IRQHandler
                0x00000000080013f4                DMA2_Channel2_IRQHandler
                0x00000000080013f4                DMA1_Channel4_IRQHandler
                0x00000000080013f4                USART3_IRQHandler
                0x00000000080013f4                DMA1_Channel7_IRQHandler
                0x00000000080013f4                DMA2_Channel1_IRQHandler
                0x00000000080013f4                QUADSPI_IRQHandler
                0x00000000080013f4                I2C1_EV_IRQHandler
                0x00000000080013f4                DMA1_Channel6_IRQHandler
                0x00000000080013f4                DMA2_Channel4_IRQHandler
                0x00000000080013f4                RCC_IRQHandler
                0x00000000080013f4                TIM1_TRG_COM_IRQHandler
                0x00000000080013f4                DMA1_Channel1_IRQHandler
                0x00000000080013f4                Default_Handler
                0x00000000080013f4                DMA2_Channel7_IRQHandler
                0x00000000080013f4                EXTI15_10_IRQHandler
                0x00000000080013f4                I2C3_EV_IRQHandler
                0x00000000080013f4                EXTI9_5_IRQHandler
                0x00000000080013f4                RTC_WKUP_IRQHandler
                0x00000000080013f4                PVD_PVM_IRQHandler
                0x00000000080013f4                SPI2_IRQHandler
                0x00000000080013f4                DMA2_Channel5_IRQHandler
                0x00000000080013f4                CRS_IRQHandler
                0x00000000080013f4                DMA1_Channel5_IRQHandler
                0x00000000080013f4                EXTI4_IRQHandler
                0x00000000080013f4                RNG_IRQHandler
                0x00000000080013f4                DMA1_Channel3_IRQHandler
                0x00000000080013f4                COMP_IRQHandler
                0x00000000080013f4                WWDG_IRQHandler
                0x00000000080013f4                LPUART1_IRQHandler
                0x00000000080013f4                DMA2_Channel6_IRQHandler
                0x00000000080013f4                TIM2_IRQHandler
                0x00000000080013f4                EXTI1_IRQHandler
                0x00000000080013f4                USART2_IRQHandler
                0x00000000080013f4                I2C2_ER_IRQHandler
                0x00000000080013f4                DMA1_Channel2_IRQHandler
                0x00000000080013f4                FLASH_IRQHandler
                0x00000000080013f4                USART1_IRQHandler
                0x00000000080013f4                I2C1_ER_IRQHandler
                0x00000000080013f4                LPTIM1_IRQHandler
                0x00000000080013f4                DMA2_Channel3_IRQHandler
                0x00000000080013f4                TIM1_BRK_TIM15_IRQHandler
 .text.HAL_Init
                0x00000000080013f6       0x30 Drivers/STM32L4xx_HAL_Driver/Src/stm32l4xx_hal.o
                0x00000000080013f6                HAL_Init
 *fill*         0x0000000008001426        0x2 
 .text.HAL_InitTick
                0x0000000008001428       0x78 Drivers/STM32L4xx_HAL_Driver/Src/stm32l4xx_hal.o
                0x0000000008001428                HAL_InitTick
 .text.HAL_IncTick
                0x00000000080014a0       0x28 Drivers/STM32L4xx_HAL_Driver/Src/stm32l4xx_hal.o
                0x00000000080014a0                HAL_IncTick
 .text.HAL_GetTick
                0x00000000080014c8       0x18 Drivers/STM32L4xx_HAL_Driver/Src/stm32l4xx_hal.o
                0x00000000080014c8                HAL_GetTick
 .text.HAL_Delay
                0x00000000080014e0       0x44 Drivers/STM32L4xx_HAL_Driver/Src/stm32l4xx_hal.o
                0x00000000080014e0                HAL_Delay
 .text.__NVIC_SetPriorityGrouping
                0x0000000008001524       0x48 Drivers/STM32L4xx_HAL_Driver/Src/stm32l4xx_hal_cortex.o
 .text.__NVIC_GetPriorityGrouping
                0x000000000800156c       0x1c Drivers/STM32L4xx_HAL_Driver/Src/stm32l4xx_hal_cortex.o
 .text.__NVIC_EnableIRQ
                0x0000000008001588       0x3c Drivers/STM32L4xx_HAL_Driver/Src/stm32l4xx_hal_cortex.o
 .text.__NVIC_SetPriority
                0x00000000080015c4       0x54 Drivers/STM32L4xx_HAL_Driver/Src/stm32l4xx_hal_cortex.o
 .text.NVIC_EncodePriority
                0x0000000008001618       0x66 Drivers/STM32L4xx_HAL_Driver/Src/stm32l4xx_hal_cortex.o
 *fill*         0x000000000800167e        0x2 
 .text.SysTick_Config
                0x0000000008001680       0x44 Drivers/STM32L4xx_HAL_Driver/Src/stm32l4xx_hal_cortex.o
 .text.HAL_NVIC_SetPriorityGrouping
                0x00000000080016c4       0x16 Drivers/STM32L4xx_HAL_Driver/Src/stm32l4xx_hal_cortex.o
                0x00000000080016c4                HAL_NVIC_SetPriorityGrouping
 .text.HAL_NVIC_SetPriority
                0x00000000080016da       0x38 Drivers/STM32L4xx_HAL_Driver/Src/stm32l4xx_hal_cortex.o
                0x00000000080016da                HAL_NVIC_SetPriority
 .text.HAL_NVIC_EnableIRQ
                0x0000000008001712       0x1c Drivers/STM32L4xx_HAL_Driver/Src/stm32l4xx_hal_cortex.o
                0x0000000008001712                HAL_NVIC_EnableIRQ
 .text.HAL_SYSTICK_Config
                0x000000000800172e       0x18 Drivers/STM32L4xx_HAL_Driver/Src/stm32l4xx_hal_cortex.o
                0x000000000800172e                HAL_SYSTICK_Config
 *fill*         0x0000000008001746        0x2 
 .text.HAL_GPIO_Init
                0x0000000008001748      0x2e4 Drivers/STM32L4xx_HAL_Driver/Src/stm32l4xx_hal_gpio.o
                0x0000000008001748                HAL_GPIO_Init
 .text.HAL_GPIO_ReadPin
                0x0000000008001a2c       0x30 Drivers/STM32L4xx_HAL_Driver/Src/stm32l4xx_hal_gpio.o
                0x0000000008001a2c                HAL_GPIO_ReadPin
 .text.HAL_GPIO_WritePin
                0x0000000008001a5c       0x30 Drivers/STM32L4xx_HAL_Driver/Src/stm32l4xx_hal_gpio.o
                0x0000000008001a5c                HAL_GPIO_WritePin
 .text.HAL_I2C_Init
                0x0000000008001a8c      0x11e Drivers/STM32L4xx_HAL_Driver/Src/stm32l4xx_hal_i2c.o
                0x0000000008001a8c                HAL_I2C_Init
 .text.HAL_I2CEx_ConfigAnalogFilter
                0x0000000008001baa       0x96 Drivers/STM32L4xx_HAL_Driver/Src/stm32l4xx_hal_i2c_ex.o
                0x0000000008001baa                HAL_I2CEx_ConfigAnalogFilter
 .text.HAL_I2CEx_ConfigDigitalFilter
                0x0000000008001c40       0x98 Drivers/STM32L4xx_HAL_Driver/Src/stm32l4xx_hal_i2c_ex.o
                0x0000000008001c40                HAL_I2CEx_ConfigDigitalFilter
 .text.HAL_PCD_Init
                0x0000000008001cd8      0x224 Drivers/STM32L4xx_HAL_Driver/Src/stm32l4xx_hal_pcd.o
                0x0000000008001cd8                HAL_PCD_Init
 .text.HAL_PCD_Start
                0x0000000008001efc       0x44 Drivers/STM32L4xx_HAL_Driver/Src/stm32l4xx_hal_pcd.o
                0x0000000008001efc                HAL_PCD_Start
 .text.HAL_PCD_IRQHandler
                0x0000000008001f40      0x29c Drivers/STM32L4xx_HAL_Driver/Src/stm32l4xx_hal_pcd.o
                0x0000000008001f40                HAL_PCD_IRQHandler
 .text.HAL_PCD_SetAddress
                0x00000000080021dc       0x4a Drivers/STM32L4xx_HAL_Driver/Src/stm32l4xx_hal_pcd.o
                0x00000000080021dc                HAL_PCD_SetAddress
 .text.HAL_PCD_EP_Open
                0x0000000008002226       0xcc Drivers/STM32L4xx_HAL_Driver/Src/stm32l4xx_hal_pcd.o
                0x0000000008002226                HAL_PCD_EP_Open
 .text.HAL_PCD_EP_Close
                0x00000000080022f2       0x90 Drivers/STM32L4xx_HAL_Driver/Src/stm32l4xx_hal_pcd.o
                0x00000000080022f2                HAL_PCD_EP_Close
 .text.HAL_PCD_EP_Receive
                0x0000000008002382       0x7a Drivers/STM32L4xx_HAL_Driver/Src/stm32l4xx_hal_pcd.o
                0x0000000008002382                HAL_PCD_EP_Receive
 .text.HAL_PCD_EP_GetRxCount
                0x00000000080023fc       0x30 Drivers/STM32L4xx_HAL_Driver/Src/stm32l4xx_hal_pcd.o
                0x00000000080023fc                HAL_PCD_EP_GetRxCount
 .text.HAL_PCD_EP_Transmit
                0x000000000800242c       0x86 Drivers/STM32L4xx_HAL_Driver/Src/stm32l4xx_hal_pcd.o
                0x000000000800242c                HAL_PCD_EP_Transmit
 .text.HAL_PCD_EP_SetStall
                0x00000000080024b2       0xc0 Drivers/STM32L4xx_HAL_Driver/Src/stm32l4xx_hal_pcd.o
                0x00000000080024b2                HAL_PCD_EP_SetStall
 .text.HAL_PCD_EP_ClrStall
                0x0000000008002572       0xa8 Drivers/STM32L4xx_HAL_Driver/Src/stm32l4xx_hal_pcd.o
                0x0000000008002572                HAL_PCD_EP_ClrStall
 .text.PCD_EP_ISR_Handler
                0x000000000800261a      0x5ca Drivers/STM32L4xx_HAL_Driver/Src/stm32l4xx_hal_pcd.o
 .text.HAL_PCD_EP_DB_Receive
                0x0000000008002be4      0x212 Drivers/STM32L4xx_HAL_Driver/Src/stm32l4xx_hal_pcd.o
 .text.HAL_PCD_EP_DB_Transmit
                0x0000000008002df6      0x532 Drivers/STM32L4xx_HAL_Driver/Src/stm32l4xx_hal_pcd.o
 .text.HAL_PCDEx_PMAConfig
                0x0000000008003328       0x86 Drivers/STM32L4xx_HAL_Driver/Src/stm32l4xx_hal_pcd_ex.o
                0x0000000008003328                HAL_PCDEx_PMAConfig
 .text.HAL_PCDEx_ActivateLPM
                0x00000000080033ae       0x54 Drivers/STM32L4xx_HAL_Driver/Src/stm32l4xx_hal_pcd_ex.o
                0x00000000080033ae                HAL_PCDEx_ActivateLPM
 *fill*         0x0000000008003402        0x2 
 .text.HAL_PWREx_GetVoltageRange
                0x0000000008003404       0x1c Drivers/STM32L4xx_HAL_Driver/Src/stm32l4xx_hal_pwr_ex.o
                0x0000000008003404                HAL_PWREx_GetVoltageRange
 .text.HAL_PWREx_ControlVoltageScaling
                0x0000000008003420       0xac Drivers/STM32L4xx_HAL_Driver/Src/stm32l4xx_hal_pwr_ex.o
                0x0000000008003420                HAL_PWREx_ControlVoltageScaling
 .text.HAL_PWREx_EnableVddUSB
                0x00000000080034cc       0x20 Drivers/STM32L4xx_HAL_Driver/Src/stm32l4xx_hal_pwr_ex.o
                0x00000000080034cc                HAL_PWREx_EnableVddUSB
 .text.HAL_RCC_OscConfig
                0x00000000080034ec      0x8cc Drivers/STM32L4xx_HAL_Driver/Src/stm32l4xx_hal_rcc.o
                0x00000000080034ec                HAL_RCC_OscConfig
 .text.HAL_RCC_ClockConfig
                0x0000000008003db8      0x1c4 Drivers/STM32L4xx_HAL_Driver/Src/stm32l4xx_hal_rcc.o
                0x0000000008003db8                HAL_RCC_ClockConfig
 .text.HAL_RCC_GetSysClockFreq
                0x0000000008003f7c      0x114 Drivers/STM32L4xx_HAL_Driver/Src/stm32l4xx_hal_rcc.o
                0x0000000008003f7c                HAL_RCC_GetSysClockFreq
 .text.RCC_SetFlashLatencyFromMSIRange
                0x0000000008004090       0xc0 Drivers/STM32L4xx_HAL_Driver/Src/stm32l4xx_hal_rcc.o
 .text.HAL_RCCEx_PeriphCLKConfig
                0x0000000008004150      0x30c Drivers/STM32L4xx_HAL_Driver/Src/stm32l4xx_hal_rcc_ex.o
                0x0000000008004150                HAL_RCCEx_PeriphCLKConfig
 .text.HAL_SPI_Init
                0x000000000800445c      0x146 Drivers/STM32L4xx_HAL_Driver/Src/stm32l4xx_hal_spi.o
                0x000000000800445c                HAL_SPI_Init
 .text.HAL_SPI_Transmit
                0x00000000080045a2      0x2dc Drivers/STM32L4xx_HAL_Driver/Src/stm32l4xx_hal_spi.o
                0x00000000080045a2                HAL_SPI_Transmit
 .text.HAL_SPI_Receive
                0x000000000800487e      0x260 Drivers/STM32L4xx_HAL_Driver/Src/stm32l4xx_hal_spi.o
                0x000000000800487e                HAL_SPI_Receive
 .text.HAL_SPI_TransmitReceive
                0x0000000008004ade      0x426 Drivers/STM32L4xx_HAL_Driver/Src/stm32l4xx_hal_spi.o
                0x0000000008004ade                HAL_SPI_TransmitReceive
 .text.SPI_WaitFlagStateUntilTimeout
                0x0000000008004f04      0x110 Drivers/STM32L4xx_HAL_Driver/Src/stm32l4xx_hal_spi.o
 .text.SPI_WaitFifoStateUntilTimeout
                0x0000000008005014      0x11c Drivers/STM32L4xx_HAL_Driver/Src/stm32l4xx_hal_spi.o
 .text.SPI_EndRxTransaction
                0x0000000008005130       0xb0 Drivers/STM32L4xx_HAL_Driver/Src/stm32l4xx_hal_spi.o
 .text.SPI_EndRxTxTransaction
                0x00000000080051e0       0x8c Drivers/STM32L4xx_HAL_Driver/Src/stm32l4xx_hal_spi.o
 .text.HAL_TIM_Base_Init
                0x000000000800526c       0xae Drivers/STM32L4xx_HAL_Driver/Src/stm32l4xx_hal_tim.o
                0x000000000800526c                HAL_TIM_Base_Init
 .text.HAL_TIM_ConfigClockSource
                0x000000000800531a      0x172 Drivers/STM32L4xx_HAL_Driver/Src/stm32l4xx_hal_tim.o
                0x000000000800531a                HAL_TIM_ConfigClockSource
 .text.TIM_Base_SetConfig
                0x000000000800548c       0xc8 Drivers/STM32L4xx_HAL_Driver/Src/stm32l4xx_hal_tim.o
                0x000000000800548c                TIM_Base_SetConfig
 .text.TIM_TI1_ConfigInputStage
                0x0000000008005554       0x5e Drivers/STM32L4xx_HAL_Driver/Src/stm32l4xx_hal_tim.o
 .text.TIM_TI2_ConfigInputStage
                0x00000000080055b2       0x60 Drivers/STM32L4xx_HAL_Driver/Src/stm32l4xx_hal_tim.o
 .text.TIM_ITRx_SetConfig
                0x0000000008005612       0x36 Drivers/STM32L4xx_HAL_Driver/Src/stm32l4xx_hal_tim.o
 .text.TIM_ETR_SetConfig
                0x0000000008005648       0x40 Drivers/STM32L4xx_HAL_Driver/Src/stm32l4xx_hal_tim.o
                0x0000000008005648                TIM_ETR_SetConfig
 .text.HAL_TIMEx_MasterConfigSynchronization
                0x0000000008005688       0xcc Drivers/STM32L4xx_HAL_Driver/Src/stm32l4xx_hal_tim_ex.o
                0x0000000008005688                HAL_TIMEx_MasterConfigSynchronization
 .text.USB_CoreInit
                0x0000000008005754       0x22 Drivers/STM32L4xx_HAL_Driver/Src/stm32l4xx_ll_usb.o
                0x0000000008005754                USB_CoreInit
 .text.USB_EnableGlobalInt
                0x0000000008005776       0x2e Drivers/STM32L4xx_HAL_Driver/Src/stm32l4xx_ll_usb.o
                0x0000000008005776                USB_EnableGlobalInt
 .text.USB_DisableGlobalInt
                0x00000000080057a4       0x36 Drivers/STM32L4xx_HAL_Driver/Src/stm32l4xx_ll_usb.o
                0x00000000080057a4                USB_DisableGlobalInt
 .text.USB_SetCurrentMode
                0x00000000080057da       0x1a Drivers/STM32L4xx_HAL_Driver/Src/stm32l4xx_ll_usb.o
                0x00000000080057da                USB_SetCurrentMode
 .text.USB_DevInit
                0x00000000080057f4       0x42 Drivers/STM32L4xx_HAL_Driver/Src/stm32l4xx_ll_usb.o
                0x00000000080057f4                USB_DevInit
 *fill*         0x0000000008005836        0x2 
 .text.USB_ActivateEndpoint
                0x0000000008005838      0x6dc Drivers/STM32L4xx_HAL_Driver/Src/stm32l4xx_ll_usb.o
                0x0000000008005838                USB_ActivateEndpoint
 .text.USB_DeactivateEndpoint
                0x0000000008005f14      0x3da Drivers/STM32L4xx_HAL_Driver/Src/stm32l4xx_ll_usb.o
                0x0000000008005f14                USB_DeactivateEndpoint
 .text.USB_EPStartXfer
                0x00000000080062ee     0x125e Drivers/STM32L4xx_HAL_Driver/Src/stm32l4xx_ll_usb.o
                0x00000000080062ee                USB_EPStartXfer
 .text.USB_EPSetStall
                0x000000000800754c       0xa2 Drivers/STM32L4xx_HAL_Driver/Src/stm32l4xx_ll_usb.o
                0x000000000800754c                USB_EPSetStall
 .text.USB_EPClearStall
                0x00000000080075ee      0x15c Drivers/STM32L4xx_HAL_Driver/Src/stm32l4xx_ll_usb.o
                0x00000000080075ee                USB_EPClearStall
 .text.USB_SetDevAddress
                0x000000000800774a       0x28 Drivers/STM32L4xx_HAL_Driver/Src/stm32l4xx_ll_usb.o
                0x000000000800774a                USB_SetDevAddress
 .text.USB_DevConnect
                0x0000000008007772       0x2e Drivers/STM32L4xx_HAL_Driver/Src/stm32l4xx_ll_usb.o
                0x0000000008007772                USB_DevConnect
 .text.USB_DevDisconnect
                0x00000000080077a0       0x2a Drivers/STM32L4xx_HAL_Driver/Src/stm32l4xx_ll_usb.o
                0x00000000080077a0                USB_DevDisconnect
 .text.USB_ReadInterrupts
                0x00000000080077ca       0x20 Drivers/STM32L4xx_HAL_Driver/Src/stm32l4xx_ll_usb.o
                0x00000000080077ca                USB_ReadInterrupts
 .text.USB_EP0_OutStart
                0x00000000080077ea       0x18 Drivers/STM32L4xx_HAL_Driver/Src/stm32l4xx_ll_usb.o
                0x00000000080077ea                USB_EP0_OutStart
 .text.USB_WritePMA
                0x0000000008007802       0x82 Drivers/STM32L4xx_HAL_Driver/Src/stm32l4xx_ll_usb.o
                0x0000000008007802                USB_WritePMA
 .text.USB_ReadPMA
                0x0000000008007884       0x98 Drivers/STM32L4xx_HAL_Driver/Src/stm32l4xx_ll_usb.o
                0x0000000008007884                USB_ReadPMA
 .text.USBD_CDC_Init
                0x000000000800791c      0x100 Middlewares/ST/STM32_USB_Device_Library/Class/CDC/Src/usbd_cdc.o
 .text.USBD_CDC_DeInit
                0x0000000008007a1c       0x74 Middlewares/ST/STM32_USB_Device_Library/Class/CDC/Src/usbd_cdc.o
 .text.USBD_CDC_Setup
                0x0000000008007a90      0x178 Middlewares/ST/STM32_USB_Device_Library/Class/CDC/Src/usbd_cdc.o
 .text.USBD_CDC_DataIn
                0x0000000008007c08       0xca Middlewares/ST/STM32_USB_Device_Library/Class/CDC/Src/usbd_cdc.o
 .text.USBD_CDC_DataOut
                0x0000000008007cd2       0x56 Middlewares/ST/STM32_USB_Device_Library/Class/CDC/Src/usbd_cdc.o
 .text.USBD_CDC_EP0_RxReady
                0x0000000008007d28       0x50 Middlewares/ST/STM32_USB_Device_Library/Class/CDC/Src/usbd_cdc.o
 .text.USBD_CDC_GetFSCfgDesc
                0x0000000008007d78       0x20 Middlewares/ST/STM32_USB_Device_Library/Class/CDC/Src/usbd_cdc.o
 .text.USBD_CDC_GetHSCfgDesc
                0x0000000008007d98       0x20 Middlewares/ST/STM32_USB_Device_Library/Class/CDC/Src/usbd_cdc.o
 .text.USBD_CDC_GetOtherSpeedCfgDesc
                0x0000000008007db8       0x20 Middlewares/ST/STM32_USB_Device_Library/Class/CDC/Src/usbd_cdc.o
 .text.USBD_CDC_GetDeviceQualifierDescriptor
                0x0000000008007dd8       0x20 Middlewares/ST/STM32_USB_Device_Library/Class/CDC/Src/usbd_cdc.o
                0x0000000008007dd8                USBD_CDC_GetDeviceQualifierDescriptor
 .text.USBD_CDC_RegisterInterface
                0x0000000008007df8       0x2a Middlewares/ST/STM32_USB_Device_Library/Class/CDC/Src/usbd_cdc.o
                0x0000000008007df8                USBD_CDC_RegisterInterface
 .text.USBD_CDC_SetTxBuffer
                0x0000000008007e22       0x32 Middlewares/ST/STM32_USB_Device_Library/Class/CDC/Src/usbd_cdc.o
                0x0000000008007e22                USBD_CDC_SetTxBuffer
 .text.USBD_CDC_SetRxBuffer
                0x0000000008007e54       0x28 Middlewares/ST/STM32_USB_Device_Library/Class/CDC/Src/usbd_cdc.o
                0x0000000008007e54                USBD_CDC_SetRxBuffer
 .text.USBD_CDC_ReceivePacket
                0x0000000008007e7c       0x54 Middlewares/ST/STM32_USB_Device_Library/Class/CDC/Src/usbd_cdc.o
                0x0000000008007e7c                USBD_CDC_ReceivePacket
 .text.USBD_Init
                0x0000000008007ed0       0x60 Middlewares/ST/STM32_USB_Device_Library/Core/Src/usbd_core.o
                0x0000000008007ed0                USBD_Init
 .text.USBD_RegisterClass
                0x0000000008007f30       0x4e Middlewares/ST/STM32_USB_Device_Library/Core/Src/usbd_core.o
                0x0000000008007f30                USBD_RegisterClass
 .text.USBD_Start
                0x0000000008007f7e       0x18 Middlewares/ST/STM32_USB_Device_Library/Core/Src/usbd_core.o
                0x0000000008007f7e                USBD_Start
 .text.USBD_RunTestMode
                0x0000000008007f96       0x16 Middlewares/ST/STM32_USB_Device_Library/Core/Src/usbd_core.o
                0x0000000008007f96                USBD_RunTestMode
 .text.USBD_SetClassConfig
                0x0000000008007fac       0x38 Middlewares/ST/STM32_USB_Device_Library/Core/Src/usbd_core.o
                0x0000000008007fac                USBD_SetClassConfig
 .text.USBD_ClrClassConfig
                0x0000000008007fe4       0x30 Middlewares/ST/STM32_USB_Device_Library/Core/Src/usbd_core.o
                0x0000000008007fe4                USBD_ClrClassConfig
 .text.USBD_LL_SetupStage
                0x0000000008008014       0xa6 Middlewares/ST/STM32_USB_Device_Library/Core/Src/usbd_core.o
                0x0000000008008014                USBD_LL_SetupStage
 .text.USBD_LL_DataOutStage
                0x00000000080080ba       0xc6 Middlewares/ST/STM32_USB_Device_Library/Core/Src/usbd_core.o
                0x00000000080080ba                USBD_LL_DataOutStage
 .text.USBD_LL_DataInStage
                0x0000000008008180      0x12c Middlewares/ST/STM32_USB_Device_Library/Core/Src/usbd_core.o
                0x0000000008008180                USBD_LL_DataInStage
 .text.USBD_LL_Reset
                0x00000000080082ac       0x82 Middlewares/ST/STM32_USB_Device_Library/Core/Src/usbd_core.o
                0x00000000080082ac                USBD_LL_Reset
 .text.USBD_LL_SetSpeed
                0x000000000800832e       0x20 Middlewares/ST/STM32_USB_Device_Library/Core/Src/usbd_core.o
                0x000000000800832e                USBD_LL_SetSpeed
 .text.USBD_LL_Suspend
                0x000000000800834e       0x2a Middlewares/ST/STM32_USB_Device_Library/Core/Src/usbd_core.o
                0x000000000800834e                USBD_LL_Suspend
 .text.USBD_LL_Resume
                0x0000000008008378       0x2c Middlewares/ST/STM32_USB_Device_Library/Core/Src/usbd_core.o
                0x0000000008008378                USBD_LL_Resume
 .text.USBD_LL_SOF
                0x00000000080083a4       0x34 Middlewares/ST/STM32_USB_Device_Library/Core/Src/usbd_core.o
                0x00000000080083a4                USBD_LL_SOF
 .text.SWAPBYTE
                0x00000000080083d8       0x3c Middlewares/ST/STM32_USB_Device_Library/Core/Src/usbd_ctlreq.o
 .text.USBD_StdDevReq
                0x0000000008008414       0xdc Middlewares/ST/STM32_USB_Device_Library/Core/Src/usbd_ctlreq.o
                0x0000000008008414                USBD_StdDevReq
 .text.USBD_StdItfReq
                0x00000000080084f0       0x8c Middlewares/ST/STM32_USB_Device_Library/Core/Src/usbd_ctlreq.o
                0x00000000080084f0                USBD_StdItfReq
 .text.USBD_StdEPReq
                0x000000000800857c      0x2ae Middlewares/ST/STM32_USB_Device_Library/Core/Src/usbd_ctlreq.o
                0x000000000800857c                USBD_StdEPReq
 *fill*         0x000000000800882a        0x2 
 .text.USBD_GetDescriptor
                0x000000000800882c      0x328 Middlewares/ST/STM32_USB_Device_Library/Core/Src/usbd_ctlreq.o
 .text.USBD_SetAddress
                0x0000000008008b54       0x84 Middlewares/ST/STM32_USB_Device_Library/Core/Src/usbd_ctlreq.o
 .text.USBD_SetConfig
                0x0000000008008bd8      0x148 Middlewares/ST/STM32_USB_Device_Library/Core/Src/usbd_ctlreq.o
 .text.USBD_GetConfig
                0x0000000008008d20       0x68 Middlewares/ST/STM32_USB_Device_Library/Core/Src/usbd_ctlreq.o
 .text.USBD_GetStatus
                0x0000000008008d88       0x66 Middlewares/ST/STM32_USB_Device_Library/Core/Src/usbd_ctlreq.o
 .text.USBD_SetFeature
                0x0000000008008dee       0x28 Middlewares/ST/STM32_USB_Device_Library/Core/Src/usbd_ctlreq.o
 .text.USBD_ClrFeature
                0x0000000008008e16       0x42 Middlewares/ST/STM32_USB_Device_Library/Core/Src/usbd_ctlreq.o
 .text.USBD_ParseSetupRequest
                0x0000000008008e58       0x74 Middlewares/ST/STM32_USB_Device_Library/Core/Src/usbd_ctlreq.o
                0x0000000008008e58                USBD_ParseSetupRequest
 .text.USBD_CtlError
                0x0000000008008ecc       0x22 Middlewares/ST/STM32_USB_Device_Library/Core/Src/usbd_ctlreq.o
                0x0000000008008ecc                USBD_CtlError
 .text.USBD_GetString
                0x0000000008008eee       0x8c Middlewares/ST/STM32_USB_Device_Library/Core/Src/usbd_ctlreq.o
                0x0000000008008eee                USBD_GetString
 .text.USBD_GetLen
                0x0000000008008f7a       0x34 Middlewares/ST/STM32_USB_Device_Library/Core/Src/usbd_ctlreq.o
 .text.USBD_CtlSendData
                0x0000000008008fae       0x36 Middlewares/ST/STM32_USB_Device_Library/Core/Src/usbd_ioreq.o
                0x0000000008008fae                USBD_CtlSendData
 .text.USBD_CtlContinueSendData
                0x0000000008008fe4       0x22 Middlewares/ST/STM32_USB_Device_Library/Core/Src/usbd_ioreq.o
                0x0000000008008fe4                USBD_CtlContinueSendData
 .text.USBD_CtlPrepareRx
                0x0000000008009006       0x3a Middlewares/ST/STM32_USB_Device_Library/Core/Src/usbd_ioreq.o
                0x0000000008009006                USBD_CtlPrepareRx
 .text.USBD_CtlContinueRx
                0x0000000008009040       0x22 Middlewares/ST/STM32_USB_Device_Library/Core/Src/usbd_ioreq.o
                0x0000000008009040                USBD_CtlContinueRx
 .text.USBD_CtlSendStatus
                0x0000000008009062       0x26 Middlewares/ST/STM32_USB_Device_Library/Core/Src/usbd_ioreq.o
                0x0000000008009062                USBD_CtlSendStatus
 .text.USBD_CtlReceiveStatus
                0x0000000008009088       0x26 Middlewares/ST/STM32_USB_Device_Library/Core/Src/usbd_ioreq.o
                0x0000000008009088                USBD_CtlReceiveStatus
 *fill*         0x00000000080090ae        0x2 
 .text.MX_USB_DEVICE_Init
                0x00000000080090b0       0x60 USB_DEVICE/App/usb_device.o
                0x00000000080090b0                MX_USB_DEVICE_Init
 .text.CDC_Init_FS
                0x0000000008009110       0x28 USB_DEVICE/App/usbd_cdc_if.o
 .text.CDC_DeInit_FS
                0x0000000008009138       0x10 USB_DEVICE/App/usbd_cdc_if.o
 .text.CDC_Control_FS
                0x0000000008009148       0xbc USB_DEVICE/App/usbd_cdc_if.o
 .text.CDC_Receive_FS
                0x0000000008009204       0x28 USB_DEVICE/App/usbd_cdc_if.o
 .text.CDC_TransmitCplt_FS
                0x000000000800922c       0x22 USB_DEVICE/App/usbd_cdc_if.o
 *fill*         0x000000000800924e        0x2 
 .text.USBD_FS_DeviceDescriptor
                0x0000000008009250       0x24 USB_DEVICE/App/usbd_desc.o
                0x0000000008009250                USBD_FS_DeviceDescriptor
 .text.USBD_FS_LangIDStrDescriptor
                0x0000000008009274       0x24 USB_DEVICE/App/usbd_desc.o
                0x0000000008009274                USBD_FS_LangIDStrDescriptor
 .text.USBD_FS_ProductStrDescriptor
                0x0000000008009298       0x3c USB_DEVICE/App/usbd_desc.o
                0x0000000008009298                USBD_FS_ProductStrDescriptor
 .text.USBD_FS_ManufacturerStrDescriptor
                0x00000000080092d4       0x28 USB_DEVICE/App/usbd_desc.o
                0x00000000080092d4                USBD_FS_ManufacturerStrDescriptor
 .text.USBD_FS_SerialStrDescriptor
                0x00000000080092fc       0x24 USB_DEVICE/App/usbd_desc.o
                0x00000000080092fc                USBD_FS_SerialStrDescriptor
 .text.USBD_FS_ConfigStrDescriptor
                0x0000000008009320       0x3c USB_DEVICE/App/usbd_desc.o
                0x0000000008009320                USBD_FS_ConfigStrDescriptor
 .text.USBD_FS_InterfaceStrDescriptor
                0x000000000800935c       0x3c USB_DEVICE/App/usbd_desc.o
                0x000000000800935c                USBD_FS_InterfaceStrDescriptor
 .text.USBD_FS_USR_BOSDescriptor
                0x0000000008009398       0x24 USB_DEVICE/App/usbd_desc.o
                0x0000000008009398                USBD_FS_USR_BOSDescriptor
 .text.Get_SerialNum
                0x00000000080093bc       0x58 USB_DEVICE/App/usbd_desc.o
 .text.IntToUnicode
                0x0000000008009414       0x7c USB_DEVICE/App/usbd_desc.o
 .text.HAL_PCD_MspInit
                0x0000000008009490       0x98 USB_DEVICE/Target/usbd_conf.o
                0x0000000008009490                HAL_PCD_MspInit
 .text.HAL_PCD_SetupStageCallback
                0x0000000008009528       0x24 USB_DEVICE/Target/usbd_conf.o
                0x0000000008009528                HAL_PCD_SetupStageCallback
 .text.HAL_PCD_DataOutStageCallback
                0x000000000800954c       0x36 USB_DEVICE/Target/usbd_conf.o
                0x000000000800954c                HAL_PCD_DataOutStageCallback
 .text.HAL_PCD_DataInStageCallback
                0x0000000008009582       0x34 USB_DEVICE/Target/usbd_conf.o
                0x0000000008009582                HAL_PCD_DataInStageCallback
 .text.HAL_PCD_SOFCallback
                0x00000000080095b6       0x1c USB_DEVICE/Target/usbd_conf.o
                0x00000000080095b6                HAL_PCD_SOFCallback
 .text.HAL_PCD_ResetCallback
                0x00000000080095d2       0x3c USB_DEVICE/Target/usbd_conf.o
                0x00000000080095d2                HAL_PCD_ResetCallback
 *fill*         0x000000000800960e        0x2 
 .text.HAL_PCD_SuspendCallback
                0x0000000008009610       0x34 USB_DEVICE/Target/usbd_conf.o
                0x0000000008009610                HAL_PCD_SuspendCallback
 .text.HAL_PCD_ResumeCallback
                0x0000000008009644       0x38 USB_DEVICE/Target/usbd_conf.o
                0x0000000008009644                HAL_PCD_ResumeCallback
 .text.USBD_LL_Init
                0x000000000800967c       0xc4 USB_DEVICE/Target/usbd_conf.o
                0x000000000800967c                USBD_LL_Init
 .text.USBD_LL_Start
                0x0000000008009740       0x64 USB_DEVICE/Target/usbd_conf.o
                0x0000000008009740                USBD_LL_Start
 .text.USBD_LL_OpenEP
                0x00000000080097a4       0x7c USB_DEVICE/Target/usbd_conf.o
                0x00000000080097a4                USBD_LL_OpenEP
 .text.USBD_LL_CloseEP
                0x0000000008009820       0x6c USB_DEVICE/Target/usbd_conf.o
                0x0000000008009820                USBD_LL_CloseEP
 .text.USBD_LL_StallEP
                0x000000000800988c       0x6c USB_DEVICE/Target/usbd_conf.o
                0x000000000800988c                USBD_LL_StallEP
 .text.USBD_LL_ClearStallEP
                0x00000000080098f8       0x6c USB_DEVICE/Target/usbd_conf.o
                0x00000000080098f8                USBD_LL_ClearStallEP
 .text.USBD_LL_IsStallEP
                0x0000000008009964       0x5a USB_DEVICE/Target/usbd_conf.o
                0x0000000008009964                USBD_LL_IsStallEP
 *fill*         0x00000000080099be        0x2 
 .text.USBD_LL_SetUSBAddress
                0x00000000080099c0       0x6c USB_DEVICE/Target/usbd_conf.o
                0x00000000080099c0                USBD_LL_SetUSBAddress
 .text.USBD_LL_Transmit
                0x0000000008009a2c       0x70 USB_DEVICE/Target/usbd_conf.o
                0x0000000008009a2c                USBD_LL_Transmit
 .text.USBD_LL_PrepareReceive
                0x0000000008009a9c       0x70 USB_DEVICE/Target/usbd_conf.o
                0x0000000008009a9c                USBD_LL_PrepareReceive
 .text.USBD_LL_GetRxDataSize
                0x0000000008009b0c       0x26 USB_DEVICE/Target/usbd_conf.o
                0x0000000008009b0c                USBD_LL_GetRxDataSize
 *fill*         0x0000000008009b32        0x2 
 .text.HAL_PCDEx_LPM_Callback
                0x0000000008009b34       0x6c USB_DEVICE/Target/usbd_conf.o
                0x0000000008009b34                HAL_PCDEx_LPM_Callback
 .text.SystemClockConfig_Resume
                0x0000000008009ba0        0xe USB_DEVICE/Target/usbd_conf.o
 *fill*         0x0000000008009bae        0x2 
 .text.__errno  0x0000000008009bb0        0xc c:/st/stm32cubeide_1.3.0/stm32cubeide/plugins/com.st.stm32cube.ide.mcu.externaltools.gnu-tools-for-stm32.7-2018-q2-update.win32_1.4.0.202007081208/tools/bin/../lib/gcc/arm-none-eabi/7.3.1/../../../../arm-none-eabi/lib/thumb/v7e-m/fpv4-sp/hard\libc_nano.a(lib_a-errno.o)
                0x0000000008009bb0                __errno
 .text.__libc_init_array
                0x0000000008009bbc       0x48 c:/st/stm32cubeide_1.3.0/stm32cubeide/plugins/com.st.stm32cube.ide.mcu.externaltools.gnu-tools-for-stm32.7-2018-q2-update.win32_1.4.0.202007081208/tools/bin/../lib/gcc/arm-none-eabi/7.3.1/../../../../arm-none-eabi/lib/thumb/v7e-m/fpv4-sp/hard\libc_nano.a(lib_a-init.o)
                0x0000000008009bbc                __libc_init_array
 .text.malloc   0x0000000008009c04       0x10 c:/st/stm32cubeide_1.3.0/stm32cubeide/plugins/com.st.stm32cube.ide.mcu.externaltools.gnu-tools-for-stm32.7-2018-q2-update.win32_1.4.0.202007081208/tools/bin/../lib/gcc/arm-none-eabi/7.3.1/../../../../arm-none-eabi/lib/thumb/v7e-m/fpv4-sp/hard\libc_nano.a(lib_a-malloc.o)
                0x0000000008009c04                malloc
 .text.free     0x0000000008009c14       0x10 c:/st/stm32cubeide_1.3.0/stm32cubeide/plugins/com.st.stm32cube.ide.mcu.externaltools.gnu-tools-for-stm32.7-2018-q2-update.win32_1.4.0.202007081208/tools/bin/../lib/gcc/arm-none-eabi/7.3.1/../../../../arm-none-eabi/lib/thumb/v7e-m/fpv4-sp/hard\libc_nano.a(lib_a-malloc.o)
                0x0000000008009c14                free
 .text.memcpy   0x0000000008009c24       0x16 c:/st/stm32cubeide_1.3.0/stm32cubeide/plugins/com.st.stm32cube.ide.mcu.externaltools.gnu-tools-for-stm32.7-2018-q2-update.win32_1.4.0.202007081208/tools/bin/../lib/gcc/arm-none-eabi/7.3.1/../../../../arm-none-eabi/lib/thumb/v7e-m/fpv4-sp/hard\libc_nano.a(lib_a-memcpy-stub.o)
                0x0000000008009c24                memcpy
 .text.memset   0x0000000008009c3a       0x10 c:/st/stm32cubeide_1.3.0/stm32cubeide/plugins/com.st.stm32cube.ide.mcu.externaltools.gnu-tools-for-stm32.7-2018-q2-update.win32_1.4.0.202007081208/tools/bin/../lib/gcc/arm-none-eabi/7.3.1/../../../../arm-none-eabi/lib/thumb/v7e-m/fpv4-sp/hard\libc_nano.a(lib_a-memset.o)
                0x0000000008009c3a                memset
 *fill*         0x0000000008009c4a        0x2 
 .text._free_r  0x0000000008009c4c       0x9c c:/st/stm32cubeide_1.3.0/stm32cubeide/plugins/com.st.stm32cube.ide.mcu.externaltools.gnu-tools-for-stm32.7-2018-q2-update.win32_1.4.0.202007081208/tools/bin/../lib/gcc/arm-none-eabi/7.3.1/../../../../arm-none-eabi/lib/thumb/v7e-m/fpv4-sp/hard\libc_nano.a(lib_a-nano-freer.o)
                0x0000000008009c4c                _free_r
 .text._malloc_r
                0x0000000008009ce8       0xb4 c:/st/stm32cubeide_1.3.0/stm32cubeide/plugins/com.st.stm32cube.ide.mcu.externaltools.gnu-tools-for-stm32.7-2018-q2-update.win32_1.4.0.202007081208/tools/bin/../lib/gcc/arm-none-eabi/7.3.1/../../../../arm-none-eabi/lib/thumb/v7e-m/fpv4-sp/hard\libc_nano.a(lib_a-nano-mallocr.o)
                0x0000000008009ce8                _malloc_r
 .text._sbrk_r  0x0000000008009d9c       0x20 c:/st/stm32cubeide_1.3.0/stm32cubeide/plugins/com.st.stm32cube.ide.mcu.externaltools.gnu-tools-for-stm32.7-2018-q2-update.win32_1.4.0.202007081208/tools/bin/../lib/gcc/arm-none-eabi/7.3.1/../../../../arm-none-eabi/lib/thumb/v7e-m/fpv4-sp/hard\libc_nano.a(lib_a-sbrkr.o)
                0x0000000008009d9c                _sbrk_r
 .text.__malloc_lock
                0x0000000008009dbc        0x2 c:/st/stm32cubeide_1.3.0/stm32cubeide/plugins/com.st.stm32cube.ide.mcu.externaltools.gnu-tools-for-stm32.7-2018-q2-update.win32_1.4.0.202007081208/tools/bin/../lib/gcc/arm-none-eabi/7.3.1/../../../../arm-none-eabi/lib/thumb/v7e-m/fpv4-sp/hard\libc_nano.a(lib_a-mlock.o)
                0x0000000008009dbc                __malloc_lock
 .text.__malloc_unlock
                0x0000000008009dbe        0x2 c:/st/stm32cubeide_1.3.0/stm32cubeide/plugins/com.st.stm32cube.ide.mcu.externaltools.gnu-tools-for-stm32.7-2018-q2-update.win32_1.4.0.202007081208/tools/bin/../lib/gcc/arm-none-eabi/7.3.1/../../../../arm-none-eabi/lib/thumb/v7e-m/fpv4-sp/hard\libc_nano.a(lib_a-mlock.o)
                0x0000000008009dbe                __malloc_unlock
 *(.glue_7)
 .glue_7        0x0000000008009dc0        0x0 linker stubs
 *(.glue_7t)
 .glue_7t       0x0000000008009dc0        0x0 linker stubs
 *(.eh_frame)
 .eh_frame      0x0000000008009dc0        0x0 c:/st/stm32cubeide_1.3.0/stm32cubeide/plugins/com.st.stm32cube.ide.mcu.externaltools.gnu-tools-for-stm32.7-2018-q2-update.win32_1.4.0.202007081208/tools/bin/../lib/gcc/arm-none-eabi/7.3.1/thumb/v7e-m/fpv4-sp/hard/crtbegin.o
 *(.init)
 .init          0x0000000008009dc0        0x4 c:/st/stm32cubeide_1.3.0/stm32cubeide/plugins/com.st.stm32cube.ide.mcu.externaltools.gnu-tools-for-stm32.7-2018-q2-update.win32_1.4.0.202007081208/tools/bin/../lib/gcc/arm-none-eabi/7.3.1/thumb/v7e-m/fpv4-sp/hard/crti.o
                0x0000000008009dc0                _init
 .init          0x0000000008009dc4        0x8 c:/st/stm32cubeide_1.3.0/stm32cubeide/plugins/com.st.stm32cube.ide.mcu.externaltools.gnu-tools-for-stm32.7-2018-q2-update.win32_1.4.0.202007081208/tools/bin/../lib/gcc/arm-none-eabi/7.3.1/thumb/v7e-m/fpv4-sp/hard/crtn.o
 *(.fini)
 .fini          0x0000000008009dcc        0x4 c:/st/stm32cubeide_1.3.0/stm32cubeide/plugins/com.st.stm32cube.ide.mcu.externaltools.gnu-tools-for-stm32.7-2018-q2-update.win32_1.4.0.202007081208/tools/bin/../lib/gcc/arm-none-eabi/7.3.1/thumb/v7e-m/fpv4-sp/hard/crti.o
                0x0000000008009dcc                _fini
 .fini          0x0000000008009dd0        0x8 c:/st/stm32cubeide_1.3.0/stm32cubeide/plugins/com.st.stm32cube.ide.mcu.externaltools.gnu-tools-for-stm32.7-2018-q2-update.win32_1.4.0.202007081208/tools/bin/../lib/gcc/arm-none-eabi/7.3.1/thumb/v7e-m/fpv4-sp/hard/crtn.o
                0x0000000008009dd8                . = ALIGN (0x4)
                0x0000000008009dd8                _etext = .

.vfp11_veneer   0x0000000008009dd8        0x0
 .vfp11_veneer  0x0000000008009dd8        0x0 linker stubs

.v4_bx          0x0000000008009dd8        0x0
 .v4_bx         0x0000000008009dd8        0x0 linker stubs

.iplt           0x0000000008009dd8        0x0
 .iplt          0x0000000008009dd8        0x0 c:/st/stm32cubeide_1.3.0/stm32cubeide/plugins/com.st.stm32cube.ide.mcu.externaltools.gnu-tools-for-stm32.7-2018-q2-update.win32_1.4.0.202007081208/tools/bin/../lib/gcc/arm-none-eabi/7.3.1/thumb/v7e-m/fpv4-sp/hard/crtbegin.o

.rodata         0x0000000008009dd8       0x88
                0x0000000008009dd8                . = ALIGN (0x4)
 *(.rodata)
 .rodata        0x0000000008009dd8       0x46 USB_DEVICE/App/usbd_desc.o
 *(.rodata*)
 *fill*         0x0000000008009e1e        0x2 
 .rodata.AHBPrescTable
                0x0000000008009e20       0x10 Core/Src/system_stm32l4xx.o
                0x0000000008009e20                AHBPrescTable
 .rodata.MSIRangeTable
                0x0000000008009e30       0x30 Core/Src/system_stm32l4xx.o
                0x0000000008009e30                MSIRangeTable
                0x0000000008009e60                . = ALIGN (0x4)

.rel.dyn        0x0000000008009e60        0x0
 .rel.iplt      0x0000000008009e60        0x0 c:/st/stm32cubeide_1.3.0/stm32cubeide/plugins/com.st.stm32cube.ide.mcu.externaltools.gnu-tools-for-stm32.7-2018-q2-update.win32_1.4.0.202007081208/tools/bin/../lib/gcc/arm-none-eabi/7.3.1/thumb/v7e-m/fpv4-sp/hard/crtbegin.o

.ARM.extab      0x0000000008009e60        0x0
                0x0000000008009e60                . = ALIGN (0x4)
 *(.ARM.extab* .gnu.linkonce.armextab.*)
                0x0000000008009e60                . = ALIGN (0x4)

.ARM            0x0000000008009e60        0x0
                0x0000000008009e60                . = ALIGN (0x4)
                0x0000000008009e60                __exidx_start = .
 *(.ARM.exidx*)
                0x0000000008009e60                __exidx_end = .
                0x0000000008009e60                . = ALIGN (0x4)

.preinit_array  0x0000000008009e60        0x0
                0x0000000008009e60                . = ALIGN (0x4)
                0x0000000008009e60                PROVIDE (__preinit_array_start = .)
 *(.preinit_array*)
                0x0000000008009e60                PROVIDE (__preinit_array_end = .)
                0x0000000008009e60                . = ALIGN (0x4)

.init_array     0x0000000008009e60        0x8
                0x0000000008009e60                . = ALIGN (0x4)
                0x0000000008009e60                PROVIDE (__init_array_start = .)
 *(SORT_BY_NAME(.init_array.*))
 *(.init_array*)
 .init_array    0x0000000008009e60        0x4 c:/st/stm32cubeide_1.3.0/stm32cubeide/plugins/com.st.stm32cube.ide.mcu.externaltools.gnu-tools-for-stm32.7-2018-q2-update.win32_1.4.0.202007081208/tools/bin/../lib/gcc/arm-none-eabi/7.3.1/thumb/v7e-m/fpv4-sp/hard/crtbegin.o
 .init_array    0x0000000008009e64        0x4 Core/Src/main.o
                0x0000000008009e68                PROVIDE (__init_array_end = .)
                0x0000000008009e68                . = ALIGN (0x4)

.fini_array     0x0000000008009e68        0x4
                0x0000000008009e68                . = ALIGN (0x4)
                [!provide]                        PROVIDE (__fini_array_start = .)
 *(SORT_BY_NAME(.fini_array.*))
 *(.fini_array*)
 .fini_array    0x0000000008009e68        0x4 c:/st/stm32cubeide_1.3.0/stm32cubeide/plugins/com.st.stm32cube.ide.mcu.externaltools.gnu-tools-for-stm32.7-2018-q2-update.win32_1.4.0.202007081208/tools/bin/../lib/gcc/arm-none-eabi/7.3.1/thumb/v7e-m/fpv4-sp/hard/crtbegin.o
                [!provide]                        PROVIDE (__fini_array_end = .)
                0x0000000008009e6c                . = ALIGN (0x4)
                0x0000000008009e6c                _sidata = LOADADDR (.data)

.data           0x0000000020000000      0x1f4 load address 0x0000000008009e6c
                0x0000000020000000                . = ALIGN (0x4)
                0x0000000020000000                _sdata = .
 *(.data)
 *(.data*)
 .data.SystemCoreClock
                0x0000000020000000        0x4 Core/Src/system_stm32l4xx.o
                0x0000000020000000                SystemCoreClock
 .data.uwTickPrio
                0x0000000020000004        0x4 Drivers/STM32L4xx_HAL_Driver/Src/stm32l4xx_hal.o
                0x0000000020000004                uwTickPrio
 .data.uwTickFreq
                0x0000000020000008        0x1 Drivers/STM32L4xx_HAL_Driver/Src/stm32l4xx_hal.o
                0x0000000020000008                uwTickFreq
 *fill*         0x0000000020000009        0x3 
 .data.USBD_CDC_DeviceQualifierDesc
                0x000000002000000c        0xa Middlewares/ST/STM32_USB_Device_Library/Class/CDC/Src/usbd_cdc.o
 *fill*         0x0000000020000016        0x2 
 .data.USBD_CDC
                0x0000000020000018       0x38 Middlewares/ST/STM32_USB_Device_Library/Class/CDC/Src/usbd_cdc.o
                0x0000000020000018                USBD_CDC
 .data.USBD_CDC_CfgHSDesc
                0x0000000020000050       0x43 Middlewares/ST/STM32_USB_Device_Library/Class/CDC/Src/usbd_cdc.o
 *fill*         0x0000000020000093        0x1 
 .data.USBD_CDC_CfgFSDesc
                0x0000000020000094       0x43 Middlewares/ST/STM32_USB_Device_Library/Class/CDC/Src/usbd_cdc.o
 *fill*         0x00000000200000d7        0x1 
 .data.USBD_CDC_OtherSpeedCfgDesc
                0x00000000200000d8       0x43 Middlewares/ST/STM32_USB_Device_Library/Class/CDC/Src/usbd_cdc.o
 *fill*         0x000000002000011b        0x1 
 .data.USBD_Interface_fops_FS
                0x000000002000011c       0x14 USB_DEVICE/App/usbd_cdc_if.o
                0x000000002000011c                USBD_Interface_fops_FS
 .data.FS_Desc  0x0000000020000130       0x20 USB_DEVICE/App/usbd_desc.o
                0x0000000020000130                FS_Desc
 .data.USBD_FS_DeviceDesc
                0x0000000020000150       0x12 USB_DEVICE/App/usbd_desc.o
                0x0000000020000150                USBD_FS_DeviceDesc
 *fill*         0x0000000020000162        0x2 
 .data.USBD_FS_BOSDesc
                0x0000000020000164        0xc USB_DEVICE/App/usbd_desc.o
                0x0000000020000164                USBD_FS_BOSDesc
 .data.USBD_LangIDDesc
                0x0000000020000170        0x4 USB_DEVICE/App/usbd_desc.o
                0x0000000020000170                USBD_LangIDDesc
 .data.USBD_StringSerial
                0x0000000020000174       0x1a USB_DEVICE/App/usbd_desc.o
                0x0000000020000174                USBD_StringSerial
 *fill*         0x000000002000018e        0x2 
 .data._impure_ptr
                0x0000000020000190        0x4 c:/st/stm32cubeide_1.3.0/stm32cubeide/plugins/com.st.stm32cube.ide.mcu.externaltools.gnu-tools-for-stm32.7-2018-q2-update.win32_1.4.0.202007081208/tools/bin/../lib/gcc/arm-none-eabi/7.3.1/../../../../arm-none-eabi/lib/thumb/v7e-m/fpv4-sp/hard\libc_nano.a(lib_a-impure.o)
                0x0000000020000190                _impure_ptr
 .data.impure_data
                0x0000000020000194       0x60 c:/st/stm32cubeide_1.3.0/stm32cubeide/plugins/com.st.stm32cube.ide.mcu.externaltools.gnu-tools-for-stm32.7-2018-q2-update.win32_1.4.0.202007081208/tools/bin/../lib/gcc/arm-none-eabi/7.3.1/../../../../arm-none-eabi/lib/thumb/v7e-m/fpv4-sp/hard\libc_nano.a(lib_a-impure.o)
                0x00000000200001f4                . = ALIGN (0x4)
                0x00000000200001f4                _edata = .

.igot.plt       0x00000000200001f4        0x0 load address 0x000000000800a060
 .igot.plt      0x00000000200001f4        0x0 c:/st/stm32cubeide_1.3.0/stm32cubeide/plugins/com.st.stm32cube.ide.mcu.externaltools.gnu-tools-for-stm32.7-2018-q2-update.win32_1.4.0.202007081208/tools/bin/../lib/gcc/arm-none-eabi/7.3.1/thumb/v7e-m/fpv4-sp/hard/crtbegin.o
                0x00000000200001f4                . = ALIGN (0x4)

.bss            0x00000000200001f4     0x1454 load address 0x000000000800a060
                0x00000000200001f4                _sbss = .
                0x00000000200001f4                __bss_start__ = _sbss
 *(.bss)
 .bss           0x00000000200001f4       0x1c c:/st/stm32cubeide_1.3.0/stm32cubeide/plugins/com.st.stm32cube.ide.mcu.externaltools.gnu-tools-for-stm32.7-2018-q2-update.win32_1.4.0.202007081208/tools/bin/../lib/gcc/arm-none-eabi/7.3.1/thumb/v7e-m/fpv4-sp/hard/crtbegin.o
 *(.bss*)
 .bss.testCounter
                0x0000000020000210        0x4 Core/Src/AppMain.o
                0x0000000020000210                testCounter
 .bss.appMain   0x0000000020000214      0x1f4 Core/Src/main.o
                0x0000000020000214                appMain
 .bss.__sbrk_heap_end
                0x0000000020000408        0x4 Core/Src/sysmem.o
 .bss.valu      0x000000002000040c      0x190 Core/Src/LoadCell/LoadCell.o
                0x000000002000040c                valu
 .bss.counter   0x000000002000059c        0x2 Core/Src/LoadCell/LoadCell.o
                0x000000002000059c                counter
 *fill*         0x000000002000059e        0x2 
 .bss.wert      0x00000000200005a0        0x4 Core/Src/LoadCell/LoadCell.o
                0x00000000200005a0                wert
 .bss.cfgidx.10685
                0x00000000200005a4        0x1 Middlewares/ST/STM32_USB_Device_Library/Core/Src/usbd_ctlreq.o
 *fill*         0x00000000200005a5        0x3 
 .bss.__malloc_free_list
                0x00000000200005a8        0x4 c:/st/stm32cubeide_1.3.0/stm32cubeide/plugins/com.st.stm32cube.ide.mcu.externaltools.gnu-tools-for-stm32.7-2018-q2-update.win32_1.4.0.202007081208/tools/bin/../lib/gcc/arm-none-eabi/7.3.1/../../../../arm-none-eabi/lib/thumb/v7e-m/fpv4-sp/hard\libc_nano.a(lib_a-nano-mallocr.o)
                0x00000000200005a8                __malloc_free_list
 .bss.__malloc_sbrk_start
                0x00000000200005ac        0x4 c:/st/stm32cubeide_1.3.0/stm32cubeide/plugins/com.st.stm32cube.ide.mcu.externaltools.gnu-tools-for-stm32.7-2018-q2-update.win32_1.4.0.202007081208/tools/bin/../lib/gcc/arm-none-eabi/7.3.1/../../../../arm-none-eabi/lib/thumb/v7e-m/fpv4-sp/hard\libc_nano.a(lib_a-nano-mallocr.o)
                0x00000000200005ac                __malloc_sbrk_start
 *(COMMON)
 COMMON         0x00000000200005b0       0x4c Core/Src/i2c.o
                0x00000000200005b0                hi2c1
 COMMON         0x00000000200005fc       0x64 Core/Src/spi.o
                0x00000000200005fc                hspi1
 COMMON         0x0000000020000660       0x4c Core/Src/tim.o
                0x0000000020000660                htim1
 COMMON         0x00000000200006ac        0x4 Drivers/STM32L4xx_HAL_Driver/Src/stm32l4xx_hal.o
                0x00000000200006ac                uwTick
 COMMON         0x00000000200006b0      0x2d0 USB_DEVICE/App/usb_device.o
                0x00000000200006b0                hUsbDeviceFS
 COMMON         0x0000000020000980      0x7d0 USB_DEVICE/App/usbd_cdc_if.o
                0x0000000020000980                UserRxBufferFS
                0x0000000020000d68                UserTxBufferFS
 COMMON         0x0000000020001150      0x200 USB_DEVICE/App/usbd_desc.o
                0x0000000020001150                USBD_StrDesc
 COMMON         0x0000000020001350      0x2f4 USB_DEVICE/Target/usbd_conf.o
                0x0000000020001350                hpcd_USB_FS
 COMMON         0x0000000020001644        0x4 c:/st/stm32cubeide_1.3.0/stm32cubeide/plugins/com.st.stm32cube.ide.mcu.externaltools.gnu-tools-for-stm32.7-2018-q2-update.win32_1.4.0.202007081208/tools/bin/../lib/gcc/arm-none-eabi/7.3.1/../../../../arm-none-eabi/lib/thumb/v7e-m/fpv4-sp/hard\libc_nano.a(lib_a-reent.o)
                0x0000000020001644                errno
                0x0000000020001648                . = ALIGN (0x4)
                0x0000000020001648                _ebss = .
                0x0000000020001648                __bss_end__ = _ebss

._user_heap_stack
                0x0000000020001648      0x600 load address 0x000000000800a060
                0x0000000020001648                . = ALIGN (0x8)
                [!provide]                        PROVIDE (end = .)
                0x0000000020001648                PROVIDE (_end = .)
                0x0000000020001848                . = (. + _Min_Heap_Size)
 *fill*         0x0000000020001648      0x200 
                0x0000000020001c48                . = (. + _Min_Stack_Size)
 *fill*         0x0000000020001848      0x400 
                0x0000000020001c48                . = ALIGN (0x8)

/DISCARD/
 libc.a(*)
 libm.a(*)
 libgcc.a(*)

.ARM.attributes
                0x0000000000000000       0x30
 *(.ARM.attributes)
 .ARM.attributes
                0x0000000000000000       0x22 c:/st/stm32cubeide_1.3.0/stm32cubeide/plugins/com.st.stm32cube.ide.mcu.externaltools.gnu-tools-for-stm32.7-2018-q2-update.win32_1.4.0.202007081208/tools/bin/../lib/gcc/arm-none-eabi/7.3.1/thumb/v7e-m/fpv4-sp/hard/crti.o
 .ARM.attributes
                0x0000000000000022       0x34 c:/st/stm32cubeide_1.3.0/stm32cubeide/plugins/com.st.stm32cube.ide.mcu.externaltools.gnu-tools-for-stm32.7-2018-q2-update.win32_1.4.0.202007081208/tools/bin/../lib/gcc/arm-none-eabi/7.3.1/thumb/v7e-m/fpv4-sp/hard/crtbegin.o
 .ARM.attributes
                0x0000000000000056       0x39 Core/Src/AppMain.o
 .ARM.attributes
                0x000000000000008f       0x39 Core/Src/gpio.o
 .ARM.attributes
                0x00000000000000c8       0x39 Core/Src/i2c.o
 .ARM.attributes
                0x0000000000000101       0x39 Core/Src/main.o
 .ARM.attributes
                0x000000000000013a       0x39 Core/Src/spi.o
 .ARM.attributes
                0x0000000000000173       0x39 Core/Src/stm32l4xx_hal_msp.o
 .ARM.attributes
                0x00000000000001ac       0x39 Core/Src/stm32l4xx_it.o
 .ARM.attributes
                0x00000000000001e5       0x39 Core/Src/sysmem.o
 .ARM.attributes
                0x000000000000021e       0x39 Core/Src/system_stm32l4xx.o
 .ARM.attributes
                0x0000000000000257       0x39 Core/Src/tim.o
 .ARM.attributes
                0x0000000000000290       0x39 Core/Src/LCD/LCD.o
 .ARM.attributes
                0x00000000000002c9       0x39 Core/Src/LoadCell/LoadCell.o
 .ARM.attributes
                0x0000000000000302       0x39 Core/Src/Model/Model.o
 .ARM.attributes
                0x000000000000033b       0x39 Core/Src/Screen/BWSettings.o
 .ARM.attributes
                0x0000000000000374       0x39 Core/Src/Screen/BaseScreen.o
 .ARM.attributes
                0x00000000000003ad       0x39 Core/Src/Screen/MainScreen.o
 .ARM.attributes
                0x00000000000003e6       0x39 Core/Src/Screen/PWSettings.o
 .ARM.attributes
                0x000000000000041f       0x39 Core/Src/Screen/ScreenControl.o
 .ARM.attributes
                0x0000000000000458       0x39 Core/Src/Screen/TimeSettings.o
 .ARM.attributes
                0x0000000000000491       0x21 Core/Startup/startup_stm32l412kbtx.o
 .ARM.attributes
                0x00000000000004b2       0x39 Drivers/STM32L4xx_HAL_Driver/Src/stm32l4xx_hal.o
 .ARM.attributes
                0x00000000000004eb       0x39 Drivers/STM32L4xx_HAL_Driver/Src/stm32l4xx_hal_cortex.o
 .ARM.attributes
                0x0000000000000524       0x39 Drivers/STM32L4xx_HAL_Driver/Src/stm32l4xx_hal_gpio.o
 .ARM.attributes
                0x000000000000055d       0x39 Drivers/STM32L4xx_HAL_Driver/Src/stm32l4xx_hal_i2c.o
 .ARM.attributes
                0x0000000000000596       0x39 Drivers/STM32L4xx_HAL_Driver/Src/stm32l4xx_hal_i2c_ex.o
 .ARM.attributes
                0x00000000000005cf       0x39 Drivers/STM32L4xx_HAL_Driver/Src/stm32l4xx_hal_pcd.o
 .ARM.attributes
                0x0000000000000608       0x39 Drivers/STM32L4xx_HAL_Driver/Src/stm32l4xx_hal_pcd_ex.o
 .ARM.attributes
                0x0000000000000641       0x39 Drivers/STM32L4xx_HAL_Driver/Src/stm32l4xx_hal_pwr_ex.o
 .ARM.attributes
                0x000000000000067a       0x39 Drivers/STM32L4xx_HAL_Driver/Src/stm32l4xx_hal_rcc.o
 .ARM.attributes
                0x00000000000006b3       0x39 Drivers/STM32L4xx_HAL_Driver/Src/stm32l4xx_hal_rcc_ex.o
 .ARM.attributes
                0x00000000000006ec       0x39 Drivers/STM32L4xx_HAL_Driver/Src/stm32l4xx_hal_spi.o
 .ARM.attributes
                0x0000000000000725       0x39 Drivers/STM32L4xx_HAL_Driver/Src/stm32l4xx_hal_tim.o
 .ARM.attributes
                0x000000000000075e       0x39 Drivers/STM32L4xx_HAL_Driver/Src/stm32l4xx_hal_tim_ex.o
 .ARM.attributes
                0x0000000000000797       0x39 Drivers/STM32L4xx_HAL_Driver/Src/stm32l4xx_ll_usb.o
 .ARM.attributes
                0x00000000000007d0       0x39 Middlewares/ST/STM32_USB_Device_Library/Class/CDC/Src/usbd_cdc.o
 .ARM.attributes
                0x0000000000000809       0x39 Middlewares/ST/STM32_USB_Device_Library/Core/Src/usbd_core.o
 .ARM.attributes
                0x0000000000000842       0x39 Middlewares/ST/STM32_USB_Device_Library/Core/Src/usbd_ctlreq.o
 .ARM.attributes
                0x000000000000087b       0x39 Middlewares/ST/STM32_USB_Device_Library/Core/Src/usbd_ioreq.o
 .ARM.attributes
                0x00000000000008b4       0x39 USB_DEVICE/App/usb_device.o
 .ARM.attributes
                0x00000000000008ed       0x39 USB_DEVICE/App/usbd_cdc_if.o
 .ARM.attributes
                0x0000000000000926       0x39 USB_DEVICE/App/usbd_desc.o
 .ARM.attributes
                0x000000000000095f       0x39 USB_DEVICE/Target/usbd_conf.o
 .ARM.attributes
                0x0000000000000998       0x34 c:/st/stm32cubeide_1.3.0/stm32cubeide/plugins/com.st.stm32cube.ide.mcu.externaltools.gnu-tools-for-stm32.7-2018-q2-update.win32_1.4.0.202007081208/tools/bin/../lib/gcc/arm-none-eabi/7.3.1/../../../../arm-none-eabi/lib/thumb/v7e-m/fpv4-sp/hard\libc_nano.a(lib_a-errno.o)
 .ARM.attributes
                0x00000000000009cc       0x34 c:/st/stm32cubeide_1.3.0/stm32cubeide/plugins/com.st.stm32cube.ide.mcu.externaltools.gnu-tools-for-stm32.7-2018-q2-update.win32_1.4.0.202007081208/tools/bin/../lib/gcc/arm-none-eabi/7.3.1/../../../../arm-none-eabi/lib/thumb/v7e-m/fpv4-sp/hard\libc_nano.a(lib_a-impure.o)
 .ARM.attributes
                0x0000000000000a00       0x34 c:/st/stm32cubeide_1.3.0/stm32cubeide/plugins/com.st.stm32cube.ide.mcu.externaltools.gnu-tools-for-stm32.7-2018-q2-update.win32_1.4.0.202007081208/tools/bin/../lib/gcc/arm-none-eabi/7.3.1/../../../../arm-none-eabi/lib/thumb/v7e-m/fpv4-sp/hard\libc_nano.a(lib_a-init.o)
 .ARM.attributes
                0x0000000000000a34       0x34 c:/st/stm32cubeide_1.3.0/stm32cubeide/plugins/com.st.stm32cube.ide.mcu.externaltools.gnu-tools-for-stm32.7-2018-q2-update.win32_1.4.0.202007081208/tools/bin/../lib/gcc/arm-none-eabi/7.3.1/../../../../arm-none-eabi/lib/thumb/v7e-m/fpv4-sp/hard\libc_nano.a(lib_a-malloc.o)
 .ARM.attributes
                0x0000000000000a68       0x34 c:/st/stm32cubeide_1.3.0/stm32cubeide/plugins/com.st.stm32cube.ide.mcu.externaltools.gnu-tools-for-stm32.7-2018-q2-update.win32_1.4.0.202007081208/tools/bin/../lib/gcc/arm-none-eabi/7.3.1/../../../../arm-none-eabi/lib/thumb/v7e-m/fpv4-sp/hard\libc_nano.a(lib_a-memcpy-stub.o)
 .ARM.attributes
                0x0000000000000a9c       0x34 c:/st/stm32cubeide_1.3.0/stm32cubeide/plugins/com.st.stm32cube.ide.mcu.externaltools.gnu-tools-for-stm32.7-2018-q2-update.win32_1.4.0.202007081208/tools/bin/../lib/gcc/arm-none-eabi/7.3.1/../../../../arm-none-eabi/lib/thumb/v7e-m/fpv4-sp/hard\libc_nano.a(lib_a-memset.o)
 .ARM.attributes
                0x0000000000000ad0       0x34 c:/st/stm32cubeide_1.3.0/stm32cubeide/plugins/com.st.stm32cube.ide.mcu.externaltools.gnu-tools-for-stm32.7-2018-q2-update.win32_1.4.0.202007081208/tools/bin/../lib/gcc/arm-none-eabi/7.3.1/../../../../arm-none-eabi/lib/thumb/v7e-m/fpv4-sp/hard\libc_nano.a(lib_a-nano-freer.o)
 .ARM.attributes
                0x0000000000000b04       0x34 c:/st/stm32cubeide_1.3.0/stm32cubeide/plugins/com.st.stm32cube.ide.mcu.externaltools.gnu-tools-for-stm32.7-2018-q2-update.win32_1.4.0.202007081208/tools/bin/../lib/gcc/arm-none-eabi/7.3.1/../../../../arm-none-eabi/lib/thumb/v7e-m/fpv4-sp/hard\libc_nano.a(lib_a-nano-mallocr.o)
 .ARM.attributes
                0x0000000000000b38       0x34 c:/st/stm32cubeide_1.3.0/stm32cubeide/plugins/com.st.stm32cube.ide.mcu.externaltools.gnu-tools-for-stm32.7-2018-q2-update.win32_1.4.0.202007081208/tools/bin/../lib/gcc/arm-none-eabi/7.3.1/../../../../arm-none-eabi/lib/thumb/v7e-m/fpv4-sp/hard\libc_nano.a(lib_a-sbrkr.o)
 .ARM.attributes
                0x0000000000000b6c       0x34 c:/st/stm32cubeide_1.3.0/stm32cubeide/plugins/com.st.stm32cube.ide.mcu.externaltools.gnu-tools-for-stm32.7-2018-q2-update.win32_1.4.0.202007081208/tools/bin/../lib/gcc/arm-none-eabi/7.3.1/../../../../arm-none-eabi/lib/thumb/v7e-m/fpv4-sp/hard\libc_nano.a(lib_a-mlock.o)
 .ARM.attributes
                0x0000000000000ba0       0x34 c:/st/stm32cubeide_1.3.0/stm32cubeide/plugins/com.st.stm32cube.ide.mcu.externaltools.gnu-tools-for-stm32.7-2018-q2-update.win32_1.4.0.202007081208/tools/bin/../lib/gcc/arm-none-eabi/7.3.1/../../../../arm-none-eabi/lib/thumb/v7e-m/fpv4-sp/hard\libc_nano.a(lib_a-reent.o)
 .ARM.attributes
                0x0000000000000bd4       0x22 c:/st/stm32cubeide_1.3.0/stm32cubeide/plugins/com.st.stm32cube.ide.mcu.externaltools.gnu-tools-for-stm32.7-2018-q2-update.win32_1.4.0.202007081208/tools/bin/../lib/gcc/arm-none-eabi/7.3.1/thumb/v7e-m/fpv4-sp/hard/crtn.o
OUTPUT(Waage.elf elf32-littlearm)

.debug_info     0x0000000000000000    0x26c79
 .debug_info    0x0000000000000000     0x1119 Core/Src/AppMain.o
 .debug_info    0x0000000000001119      0x679 Core/Src/gpio.o
 .debug_info    0x0000000000001792      0xb65 Core/Src/i2c.o
 .debug_info    0x00000000000022f7     0x27b0 Core/Src/main.o
 .debug_info    0x0000000000004aa7      0xb16 Core/Src/spi.o
 .debug_info    0x00000000000055bd      0x506 Core/Src/stm32l4xx_hal_msp.o
 .debug_info    0x0000000000005ac3      0x80e Core/Src/stm32l4xx_it.o
 .debug_info    0x00000000000062d1      0x985 Core/Src/sysmem.o
 .debug_info    0x0000000000006c56      0x734 Core/Src/system_stm32l4xx.o
 .debug_info    0x000000000000738a      0xb7a Core/Src/tim.o
 .debug_info    0x0000000000007f04      0x610 Core/Src/LCD/LCD.o
 .debug_info    0x0000000000008514     0x1041 Core/Src/LoadCell/LoadCell.o
 .debug_info    0x0000000000009555      0x883 Core/Src/Model/Model.o
 .debug_info    0x0000000000009dd8      0x5a4 Core/Src/Screen/BWSettings.o
 .debug_info    0x000000000000a37c      0x43e Core/Src/Screen/BaseScreen.o
 .debug_info    0x000000000000a7ba      0x5a4 Core/Src/Screen/MainScreen.o
 .debug_info    0x000000000000ad5e      0x5a4 Core/Src/Screen/PWSettings.o
 .debug_info    0x000000000000b302      0x88a Core/Src/Screen/ScreenControl.o
 .debug_info    0x000000000000bb8c      0x5a4 Core/Src/Screen/TimeSettings.o
 .debug_info    0x000000000000c130       0x22 Core/Startup/startup_stm32l412kbtx.o
 .debug_info    0x000000000000c152      0xab7 Drivers/STM32L4xx_HAL_Driver/Src/stm32l4xx_hal.o
 .debug_info    0x000000000000cc09      0xed7 Drivers/STM32L4xx_HAL_Driver/Src/stm32l4xx_hal_cortex.o
 .debug_info    0x000000000000dae0      0x9c2 Drivers/STM32L4xx_HAL_Driver/Src/stm32l4xx_hal_gpio.o
 .debug_info    0x000000000000e4a2     0x210d Drivers/STM32L4xx_HAL_Driver/Src/stm32l4xx_hal_i2c.o
 .debug_info    0x00000000000105af      0xb7f Drivers/STM32L4xx_HAL_Driver/Src/stm32l4xx_hal_i2c_ex.o
 .debug_info    0x000000000001112e     0x12fc Drivers/STM32L4xx_HAL_Driver/Src/stm32l4xx_hal_pcd.o
 .debug_info    0x000000000001242a      0x9f5 Drivers/STM32L4xx_HAL_Driver/Src/stm32l4xx_hal_pcd_ex.o
 .debug_info    0x0000000000012e1f      0xb23 Drivers/STM32L4xx_HAL_Driver/Src/stm32l4xx_hal_pwr_ex.o
 .debug_info    0x0000000000013942      0xcfb Drivers/STM32L4xx_HAL_Driver/Src/stm32l4xx_hal_rcc.o
 .debug_info    0x000000000001463d      0xe17 Drivers/STM32L4xx_HAL_Driver/Src/stm32l4xx_hal_rcc_ex.o
 .debug_info    0x0000000000015454     0x178d Drivers/STM32L4xx_HAL_Driver/Src/stm32l4xx_hal_spi.o
 .debug_info    0x0000000000016be1     0x2a61 Drivers/STM32L4xx_HAL_Driver/Src/stm32l4xx_hal_tim.o
 .debug_info    0x0000000000019642     0x167e Drivers/STM32L4xx_HAL_Driver/Src/stm32l4xx_hal_tim_ex.o
 .debug_info    0x000000000001acc0     0x1a34 Drivers/STM32L4xx_HAL_Driver/Src/stm32l4xx_ll_usb.o
 .debug_info    0x000000000001c6f4     0x1996 Middlewares/ST/STM32_USB_Device_Library/Class/CDC/Src/usbd_cdc.o
 .debug_info    0x000000000001e08a     0x13be Middlewares/ST/STM32_USB_Device_Library/Core/Src/usbd_core.o
 .debug_info    0x000000000001f448     0x1388 Middlewares/ST/STM32_USB_Device_Library/Core/Src/usbd_ctlreq.o
 .debug_info    0x00000000000207d0     0x10d3 Middlewares/ST/STM32_USB_Device_Library/Core/Src/usbd_ioreq.o
 .debug_info    0x00000000000218a3     0x1046 USB_DEVICE/App/usb_device.o
 .debug_info    0x00000000000228e9     0x1258 USB_DEVICE/App/usbd_cdc_if.o
 .debug_info    0x0000000000023b41      0xec6 USB_DEVICE/App/usbd_desc.o
 .debug_info    0x0000000000024a07     0x2272 USB_DEVICE/Target/usbd_conf.o

.debug_abbrev   0x0000000000000000     0x52d6
 .debug_abbrev  0x0000000000000000      0x2bd Core/Src/AppMain.o
 .debug_abbrev  0x00000000000002bd      0x134 Core/Src/gpio.o
 .debug_abbrev  0x00000000000003f1      0x1a4 Core/Src/i2c.o
 .debug_abbrev  0x0000000000000595      0x40d Core/Src/main.o
 .debug_abbrev  0x00000000000009a2      0x199 Core/Src/spi.o
 .debug_abbrev  0x0000000000000b3b      0x125 Core/Src/stm32l4xx_hal_msp.o
 .debug_abbrev  0x0000000000000c60      0x155 Core/Src/stm32l4xx_it.o
 .debug_abbrev  0x0000000000000db5      0x19b Core/Src/sysmem.o
 .debug_abbrev  0x0000000000000f50      0x150 Core/Src/system_stm32l4xx.o
 .debug_abbrev  0x00000000000010a0      0x190 Core/Src/tim.o
 .debug_abbrev  0x0000000000001230      0x211 Core/Src/LCD/LCD.o
 .debug_abbrev  0x0000000000001441      0x28e Core/Src/LoadCell/LoadCell.o
 .debug_abbrev  0x00000000000016cf      0x187 Core/Src/Model/Model.o
 .debug_abbrev  0x0000000000001856      0x171 Core/Src/Screen/BWSettings.o
 .debug_abbrev  0x00000000000019c7      0x1b3 Core/Src/Screen/BaseScreen.o
 .debug_abbrev  0x0000000000001b7a      0x171 Core/Src/Screen/MainScreen.o
 .debug_abbrev  0x0000000000001ceb      0x171 Core/Src/Screen/PWSettings.o
 .debug_abbrev  0x0000000000001e5c      0x1fe Core/Src/Screen/ScreenControl.o
 .debug_abbrev  0x000000000000205a      0x171 Core/Src/Screen/TimeSettings.o
 .debug_abbrev  0x00000000000021cb       0x12 Core/Startup/startup_stm32l412kbtx.o
 .debug_abbrev  0x00000000000021dd      0x1e1 Drivers/STM32L4xx_HAL_Driver/Src/stm32l4xx_hal.o
 .debug_abbrev  0x00000000000023be      0x2fa Drivers/STM32L4xx_HAL_Driver/Src/stm32l4xx_hal_cortex.o
 .debug_abbrev  0x00000000000026b8      0x1c0 Drivers/STM32L4xx_HAL_Driver/Src/stm32l4xx_hal_gpio.o
 .debug_abbrev  0x0000000000002878      0x22a Drivers/STM32L4xx_HAL_Driver/Src/stm32l4xx_hal_i2c.o
 .debug_abbrev  0x0000000000002aa2      0x1b9 Drivers/STM32L4xx_HAL_Driver/Src/stm32l4xx_hal_i2c_ex.o
 .debug_abbrev  0x0000000000002c5b      0x268 Drivers/STM32L4xx_HAL_Driver/Src/stm32l4xx_hal_pcd.o
 .debug_abbrev  0x0000000000002ec3      0x1b1 Drivers/STM32L4xx_HAL_Driver/Src/stm32l4xx_hal_pcd_ex.o
 .debug_abbrev  0x0000000000003074      0x1cb Drivers/STM32L4xx_HAL_Driver/Src/stm32l4xx_hal_pwr_ex.o
 .debug_abbrev  0x000000000000323f      0x250 Drivers/STM32L4xx_HAL_Driver/Src/stm32l4xx_hal_rcc.o
 .debug_abbrev  0x000000000000348f      0x204 Drivers/STM32L4xx_HAL_Driver/Src/stm32l4xx_hal_rcc_ex.o
 .debug_abbrev  0x0000000000003693      0x228 Drivers/STM32L4xx_HAL_Driver/Src/stm32l4xx_hal_spi.o
 .debug_abbrev  0x00000000000038bb      0x230 Drivers/STM32L4xx_HAL_Driver/Src/stm32l4xx_hal_tim.o
 .debug_abbrev  0x0000000000003aeb      0x236 Drivers/STM32L4xx_HAL_Driver/Src/stm32l4xx_hal_tim_ex.o
 .debug_abbrev  0x0000000000003d21      0x1d9 Drivers/STM32L4xx_HAL_Driver/Src/stm32l4xx_ll_usb.o
 .debug_abbrev  0x0000000000003efa      0x2af Middlewares/ST/STM32_USB_Device_Library/Class/CDC/Src/usbd_cdc.o
 .debug_abbrev  0x00000000000041a9      0x27d Middlewares/ST/STM32_USB_Device_Library/Core/Src/usbd_core.o
 .debug_abbrev  0x0000000000004426      0x2ba Middlewares/ST/STM32_USB_Device_Library/Core/Src/usbd_ctlreq.o
 .debug_abbrev  0x00000000000046e0      0x1fc Middlewares/ST/STM32_USB_Device_Library/Core/Src/usbd_ioreq.o
 .debug_abbrev  0x00000000000048dc      0x1da USB_DEVICE/App/usb_device.o
 .debug_abbrev  0x0000000000004ab6      0x2ca USB_DEVICE/App/usbd_cdc_if.o
 .debug_abbrev  0x0000000000004d80      0x265 USB_DEVICE/App/usbd_desc.o
 .debug_abbrev  0x0000000000004fe5      0x2f1 USB_DEVICE/Target/usbd_conf.o

.debug_aranges  0x0000000000000000     0x1a10
 .debug_aranges
                0x0000000000000000       0x28 Core/Src/AppMain.o
 .debug_aranges
                0x0000000000000028       0x20 Core/Src/gpio.o
 .debug_aranges
                0x0000000000000048       0x30 Core/Src/i2c.o
 .debug_aranges
                0x0000000000000078       0x40 Core/Src/main.o
 .debug_aranges
                0x00000000000000b8       0x30 Core/Src/spi.o
 .debug_aranges
                0x00000000000000e8       0x20 Core/Src/stm32l4xx_hal_msp.o
 .debug_aranges
                0x0000000000000108       0x68 Core/Src/stm32l4xx_it.o
 .debug_aranges
                0x0000000000000170       0x20 Core/Src/sysmem.o
 .debug_aranges
                0x0000000000000190       0x28 Core/Src/system_stm32l4xx.o
 .debug_aranges
                0x00000000000001b8       0x30 Core/Src/tim.o
 .debug_aranges
                0x00000000000001e8       0x48 Core/Src/LCD/LCD.o
 .debug_aranges
                0x0000000000000230       0x50 Core/Src/LoadCell/LoadCell.o
 .debug_aranges
                0x0000000000000280       0xc0 Core/Src/Model/Model.o
 .debug_aranges
                0x0000000000000340       0x20 Core/Src/Screen/BWSettings.o
 .debug_aranges
                0x0000000000000360       0x38 Core/Src/Screen/BaseScreen.o
 .debug_aranges
                0x0000000000000398       0x20 Core/Src/Screen/MainScreen.o
 .debug_aranges
                0x00000000000003b8       0x20 Core/Src/Screen/PWSettings.o
 .debug_aranges
                0x00000000000003d8       0x28 Core/Src/Screen/ScreenControl.o
 .debug_aranges
                0x0000000000000400       0x20 Core/Src/Screen/TimeSettings.o
 .debug_aranges
                0x0000000000000420       0x28 Core/Startup/startup_stm32l412kbtx.o
 .debug_aranges
                0x0000000000000448      0x108 Drivers/STM32L4xx_HAL_Driver/Src/stm32l4xx_hal.o
 .debug_aranges
                0x0000000000000550      0x118 Drivers/STM32L4xx_HAL_Driver/Src/stm32l4xx_hal_cortex.o
 .debug_aranges
                0x0000000000000668       0x58 Drivers/STM32L4xx_HAL_Driver/Src/stm32l4xx_hal_gpio.o
 .debug_aranges
                0x00000000000006c0      0x290 Drivers/STM32L4xx_HAL_Driver/Src/stm32l4xx_hal_i2c.o
 .debug_aranges
                0x0000000000000950       0x48 Drivers/STM32L4xx_HAL_Driver/Src/stm32l4xx_hal_i2c_ex.o
 .debug_aranges
                0x0000000000000998      0x130 Drivers/STM32L4xx_HAL_Driver/Src/stm32l4xx_hal_pcd.o
 .debug_aranges
                0x0000000000000ac8       0x58 Drivers/STM32L4xx_HAL_Driver/Src/stm32l4xx_hal_pcd_ex.o
 .debug_aranges
                0x0000000000000b20      0x148 Drivers/STM32L4xx_HAL_Driver/Src/stm32l4xx_hal_pwr_ex.o
 .debug_aranges
                0x0000000000000c68       0x88 Drivers/STM32L4xx_HAL_Driver/Src/stm32l4xx_hal_rcc.o
 .debug_aranges
                0x0000000000000cf0       0xd0 Drivers/STM32L4xx_HAL_Driver/Src/stm32l4xx_hal_rcc_ex.o
 .debug_aranges
                0x0000000000000dc0      0x1d8 Drivers/STM32L4xx_HAL_Driver/Src/stm32l4xx_hal_spi.o
 .debug_aranges
                0x0000000000000f98      0x3e0 Drivers/STM32L4xx_HAL_Driver/Src/stm32l4xx_hal_tim.o
 .debug_aranges
                0x0000000000001378      0x180 Drivers/STM32L4xx_HAL_Driver/Src/stm32l4xx_hal_tim_ex.o
 .debug_aranges
                0x00000000000014f8      0x108 Drivers/STM32L4xx_HAL_Driver/Src/stm32l4xx_ll_usb.o
 .debug_aranges
                0x0000000000001600       0x90 Middlewares/ST/STM32_USB_Device_Library/Class/CDC/Src/usbd_cdc.o
 .debug_aranges
                0x0000000000001690       0xb8 Middlewares/ST/STM32_USB_Device_Library/Core/Src/usbd_core.o
 .debug_aranges
                0x0000000000001748       0x90 Middlewares/ST/STM32_USB_Device_Library/Core/Src/usbd_ctlreq.o
 .debug_aranges
                0x00000000000017d8       0x50 Middlewares/ST/STM32_USB_Device_Library/Core/Src/usbd_ioreq.o
 .debug_aranges
                0x0000000000001828       0x20 USB_DEVICE/App/usb_device.o
 .debug_aranges
                0x0000000000001848       0x48 USB_DEVICE/App/usbd_cdc_if.o
 .debug_aranges
                0x0000000000001890       0x68 USB_DEVICE/App/usbd_desc.o
 .debug_aranges
                0x00000000000018f8      0x118 USB_DEVICE/Target/usbd_conf.o

.debug_ranges   0x0000000000000000     0x1778
 .debug_ranges  0x0000000000000000       0x18 Core/Src/AppMain.o
 .debug_ranges  0x0000000000000018       0x10 Core/Src/gpio.o
 .debug_ranges  0x0000000000000028       0x20 Core/Src/i2c.o
 .debug_ranges  0x0000000000000048       0x30 Core/Src/main.o
 .debug_ranges  0x0000000000000078       0x20 Core/Src/spi.o
 .debug_ranges  0x0000000000000098       0x10 Core/Src/stm32l4xx_hal_msp.o
 .debug_ranges  0x00000000000000a8       0x58 Core/Src/stm32l4xx_it.o
 .debug_ranges  0x0000000000000100       0x10 Core/Src/sysmem.o
 .debug_ranges  0x0000000000000110       0x18 Core/Src/system_stm32l4xx.o
 .debug_ranges  0x0000000000000128       0x20 Core/Src/tim.o
 .debug_ranges  0x0000000000000148       0x38 Core/Src/LCD/LCD.o
 .debug_ranges  0x0000000000000180       0x40 Core/Src/LoadCell/LoadCell.o
 .debug_ranges  0x00000000000001c0       0xb0 Core/Src/Model/Model.o
 .debug_ranges  0x0000000000000270       0x10 Core/Src/Screen/BWSettings.o
 .debug_ranges  0x0000000000000280       0x28 Core/Src/Screen/BaseScreen.o
 .debug_ranges  0x00000000000002a8       0x10 Core/Src/Screen/MainScreen.o
 .debug_ranges  0x00000000000002b8       0x10 Core/Src/Screen/PWSettings.o
 .debug_ranges  0x00000000000002c8       0x18 Core/Src/Screen/ScreenControl.o
 .debug_ranges  0x00000000000002e0       0x10 Core/Src/Screen/TimeSettings.o
 .debug_ranges  0x00000000000002f0       0x20 Core/Startup/startup_stm32l412kbtx.o
 .debug_ranges  0x0000000000000310       0xf8 Drivers/STM32L4xx_HAL_Driver/Src/stm32l4xx_hal.o
 .debug_ranges  0x0000000000000408      0x108 Drivers/STM32L4xx_HAL_Driver/Src/stm32l4xx_hal_cortex.o
 .debug_ranges  0x0000000000000510       0x48 Drivers/STM32L4xx_HAL_Driver/Src/stm32l4xx_hal_gpio.o
 .debug_ranges  0x0000000000000558      0x280 Drivers/STM32L4xx_HAL_Driver/Src/stm32l4xx_hal_i2c.o
 .debug_ranges  0x00000000000007d8       0x38 Drivers/STM32L4xx_HAL_Driver/Src/stm32l4xx_hal_i2c_ex.o
 .debug_ranges  0x0000000000000810      0x120 Drivers/STM32L4xx_HAL_Driver/Src/stm32l4xx_hal_pcd.o
 .debug_ranges  0x0000000000000930       0x48 Drivers/STM32L4xx_HAL_Driver/Src/stm32l4xx_hal_pcd_ex.o
 .debug_ranges  0x0000000000000978      0x138 Drivers/STM32L4xx_HAL_Driver/Src/stm32l4xx_hal_pwr_ex.o
 .debug_ranges  0x0000000000000ab0       0x78 Drivers/STM32L4xx_HAL_Driver/Src/stm32l4xx_hal_rcc.o
 .debug_ranges  0x0000000000000b28       0xc0 Drivers/STM32L4xx_HAL_Driver/Src/stm32l4xx_hal_rcc_ex.o
 .debug_ranges  0x0000000000000be8      0x1c8 Drivers/STM32L4xx_HAL_Driver/Src/stm32l4xx_hal_spi.o
 .debug_ranges  0x0000000000000db0      0x3d0 Drivers/STM32L4xx_HAL_Driver/Src/stm32l4xx_hal_tim.o
 .debug_ranges  0x0000000000001180      0x170 Drivers/STM32L4xx_HAL_Driver/Src/stm32l4xx_hal_tim_ex.o
 .debug_ranges  0x00000000000012f0       0xf8 Drivers/STM32L4xx_HAL_Driver/Src/stm32l4xx_ll_usb.o
 .debug_ranges  0x00000000000013e8       0x80 Middlewares/ST/STM32_USB_Device_Library/Class/CDC/Src/usbd_cdc.o
 .debug_ranges  0x0000000000001468       0xa8 Middlewares/ST/STM32_USB_Device_Library/Core/Src/usbd_core.o
 .debug_ranges  0x0000000000001510       0x80 Middlewares/ST/STM32_USB_Device_Library/Core/Src/usbd_ctlreq.o
 .debug_ranges  0x0000000000001590       0x40 Middlewares/ST/STM32_USB_Device_Library/Core/Src/usbd_ioreq.o
 .debug_ranges  0x00000000000015d0       0x10 USB_DEVICE/App/usb_device.o
 .debug_ranges  0x00000000000015e0       0x38 USB_DEVICE/App/usbd_cdc_if.o
 .debug_ranges  0x0000000000001618       0x58 USB_DEVICE/App/usbd_desc.o
 .debug_ranges  0x0000000000001670      0x108 USB_DEVICE/Target/usbd_conf.o

.debug_macro    0x0000000000000000    0x220e2
 .debug_macro   0x0000000000000000      0x296 Core/Src/AppMain.o
 .debug_macro   0x0000000000000296      0xb2c Core/Src/AppMain.o
 .debug_macro   0x0000000000000dc2       0x28 Core/Src/AppMain.o
 .debug_macro   0x0000000000000dea       0x1c Core/Src/AppMain.o
 .debug_macro   0x0000000000000e06       0x22 Core/Src/AppMain.o
 .debug_macro   0x0000000000000e28       0x8e Core/Src/AppMain.o
 .debug_macro   0x0000000000000eb6       0x51 Core/Src/AppMain.o
 .debug_macro   0x0000000000000f07       0xef Core/Src/AppMain.o
 .debug_macro   0x0000000000000ff6       0x6a Core/Src/AppMain.o
 .debug_macro   0x0000000000001060      0x1df Core/Src/AppMain.o
 .debug_macro   0x000000000000123f       0x1c Core/Src/AppMain.o
 .debug_macro   0x000000000000125b       0x22 Core/Src/AppMain.o
 .debug_macro   0x000000000000127d      0x101 Core/Src/AppMain.o
 .debug_macro   0x000000000000137e     0x1011 Core/Src/AppMain.o
 .debug_macro   0x000000000000238f      0x11f Core/Src/AppMain.o
 .debug_macro   0x00000000000024ae     0xe4b1 Core/Src/AppMain.o
 .debug_macro   0x000000000001095f      0x1b3 Core/Src/AppMain.o
 .debug_macro   0x0000000000010b12       0x2e Core/Src/AppMain.o
 .debug_macro   0x0000000000010b40       0x43 Core/Src/AppMain.o
 .debug_macro   0x0000000000010b83     0x3889 Core/Src/AppMain.o
 .debug_macro   0x000000000001440c      0x17b Core/Src/AppMain.o
 .debug_macro   0x0000000000014587       0x5c Core/Src/AppMain.o
 .debug_macro   0x00000000000145e3     0x101f Core/Src/AppMain.o
 .debug_macro   0x0000000000015602      0x494 Core/Src/AppMain.o
 .debug_macro   0x0000000000015a96      0x13d Core/Src/AppMain.o
 .debug_macro   0x0000000000015bd3       0xd7 Core/Src/AppMain.o
 .debug_macro   0x0000000000015caa      0x26b Core/Src/AppMain.o
 .debug_macro   0x0000000000015f15      0x23d Core/Src/AppMain.o