Archive member included to satisfy reference by file (symbol)

c:/st/stm32cubeide_1.3.0/stm32cubeide/plugins/com.st.stm32cube.ide.mcu.externaltools.gnu-tools-for-stm32.7-2018-q2-update.win32_1.4.0.202007081208/tools/bin/../lib/gcc/arm-none-eabi/7.3.1/../../../../arm-none-eabi/lib/thumb/v7e-m/fpv4-sp/hard\libstdc++_nano.a(new_op.o)
                              Core/Src/Screen/ScreenControl.o (operator new(unsigned int))
c:/st/stm32cubeide_1.3.0/stm32cubeide/plugins/com.st.stm32cube.ide.mcu.externaltools.gnu-tools-for-stm32.7-2018-q2-update.win32_1.4.0.202007081208/tools/bin/../lib/gcc/arm-none-eabi/7.3.1/../../../../arm-none-eabi/lib/thumb/v7e-m/fpv4-sp/hard\libstdc++_nano.a(new_handler.o)
                              c:/st/stm32cubeide_1.3.0/stm32cubeide/plugins/com.st.stm32cube.ide.mcu.externaltools.gnu-tools-for-stm32.7-2018-q2-update.win32_1.4.0.202007081208/tools/bin/../lib/gcc/arm-none-eabi/7.3.1/../../../../arm-none-eabi/lib/thumb/v7e-m/fpv4-sp/hard\libstdc++_nano.a(new_op.o) (std::get_new_handler())
c:/st/stm32cubeide_1.3.0/stm32cubeide/plugins/com.st.stm32cube.ide.mcu.externaltools.gnu-tools-for-stm32.7-2018-q2-update.win32_1.4.0.202007081208/tools/bin/../lib/gcc/arm-none-eabi/7.3.1/../../../../arm-none-eabi/lib/thumb/v7e-m/fpv4-sp/hard\libc_nano.a(lib_a-abort.o)
                              c:/st/stm32cubeide_1.3.0/stm32cubeide/plugins/com.st.stm32cube.ide.mcu.externaltools.gnu-tools-for-stm32.7-2018-q2-update.win32_1.4.0.202007081208/tools/bin/../lib/gcc/arm-none-eabi/7.3.1/../../../../arm-none-eabi/lib/thumb/v7e-m/fpv4-sp/hard\libstdc++_nano.a(new_op.o) (abort)
c:/st/stm32cubeide_1.3.0/stm32cubeide/plugins/com.st.stm32cube.ide.mcu.externaltools.gnu-tools-for-stm32.7-2018-q2-update.win32_1.4.0.202007081208/tools/bin/../lib/gcc/arm-none-eabi/7.3.1/../../../../arm-none-eabi/lib/thumb/v7e-m/fpv4-sp/hard\libc_nano.a(lib_a-errno.o)
                              Core/Src/syscalls.o (__errno)
c:/st/stm32cubeide_1.3.0/stm32cubeide/plugins/com.st.stm32cube.ide.mcu.externaltools.gnu-tools-for-stm32.7-2018-q2-update.win32_1.4.0.202007081208/tools/bin/../lib/gcc/arm-none-eabi/7.3.1/../../../../arm-none-eabi/lib/thumb/v7e-m/fpv4-sp/hard\libc_nano.a(lib_a-exit.o)
                              c:/st/stm32cubeide_1.3.0/stm32cubeide/plugins/com.st.stm32cube.ide.mcu.externaltools.gnu-tools-for-stm32.7-2018-q2-update.win32_1.4.0.202007081208/tools/bin/../lib/gcc/arm-none-eabi/7.3.1/../../../../arm-none-eabi/lib/thumb/v7e-m/fpv4-sp/hard/crt0.o (exit)
c:/st/stm32cubeide_1.3.0/stm32cubeide/plugins/com.st.stm32cube.ide.mcu.externaltools.gnu-tools-for-stm32.7-2018-q2-update.win32_1.4.0.202007081208/tools/bin/../lib/gcc/arm-none-eabi/7.3.1/../../../../arm-none-eabi/lib/thumb/v7e-m/fpv4-sp/hard\libc_nano.a(lib_a-impure.o)
                              c:/st/stm32cubeide_1.3.0/stm32cubeide/plugins/com.st.stm32cube.ide.mcu.externaltools.gnu-tools-for-stm32.7-2018-q2-update.win32_1.4.0.202007081208/tools/bin/../lib/gcc/arm-none-eabi/7.3.1/../../../../arm-none-eabi/lib/thumb/v7e-m/fpv4-sp/hard\libc_nano.a(lib_a-exit.o) (_global_impure_ptr)
c:/st/stm32cubeide_1.3.0/stm32cubeide/plugins/com.st.stm32cube.ide.mcu.externaltools.gnu-tools-for-stm32.7-2018-q2-update.win32_1.4.0.202007081208/tools/bin/../lib/gcc/arm-none-eabi/7.3.1/../../../../arm-none-eabi/lib/thumb/v7e-m/fpv4-sp/hard\libc_nano.a(lib_a-init.o)
                              c:/st/stm32cubeide_1.3.0/stm32cubeide/plugins/com.st.stm32cube.ide.mcu.externaltools.gnu-tools-for-stm32.7-2018-q2-update.win32_1.4.0.202007081208/tools/bin/../lib/gcc/arm-none-eabi/7.3.1/../../../../arm-none-eabi/lib/thumb/v7e-m/fpv4-sp/hard/crt0.o (__libc_init_array)
c:/st/stm32cubeide_1.3.0/stm32cubeide/plugins/com.st.stm32cube.ide.mcu.externaltools.gnu-tools-for-stm32.7-2018-q2-update.win32_1.4.0.202007081208/tools/bin/../lib/gcc/arm-none-eabi/7.3.1/../../../../arm-none-eabi/lib/thumb/v7e-m/fpv4-sp/hard\libc_nano.a(lib_a-malloc.o)
                              Middlewares/ST/STM32_USB_Device_Library/Class/CDC/Src/usbd_cdc.o (malloc)
c:/st/stm32cubeide_1.3.0/stm32cubeide/plugins/com.st.stm32cube.ide.mcu.externaltools.gnu-tools-for-stm32.7-2018-q2-update.win32_1.4.0.202007081208/tools/bin/../lib/gcc/arm-none-eabi/7.3.1/../../../../arm-none-eabi/lib/thumb/v7e-m/fpv4-sp/hard\libc_nano.a(lib_a-memset.o)
                              c:/st/stm32cubeide_1.3.0/stm32cubeide/plugins/com.st.stm32cube.ide.mcu.externaltools.gnu-tools-for-stm32.7-2018-q2-update.win32_1.4.0.202007081208/tools/bin/../lib/gcc/arm-none-eabi/7.3.1/../../../../arm-none-eabi/lib/thumb/v7e-m/fpv4-sp/hard/crt0.o (memset)
c:/st/stm32cubeide_1.3.0/stm32cubeide/plugins/com.st.stm32cube.ide.mcu.externaltools.gnu-tools-for-stm32.7-2018-q2-update.win32_1.4.0.202007081208/tools/bin/../lib/gcc/arm-none-eabi/7.3.1/../../../../arm-none-eabi/lib/thumb/v7e-m/fpv4-sp/hard\libc_nano.a(lib_a-nano-freer.o)
[...]
Memory Configuration

Name             Origin             Length             Attributes
RAM              0x0000000020000000 0x000000000000a000 xrw
FLASH            0x0000000008000000 0x0000000000010000 xr
*default*        0x0000000000000000 0xffffffffffffffff

Linker script and memory map

LOAD c:/st/stm32cubeide_1.3.0/stm32cubeide/plugins/com.st.stm32cube.ide.mcu.externaltools.gnu-tools-for-stm32.7-2018-q2-update.win32_1.4.0.202007081208/tools/bin/../lib/gcc/arm-none-eabi/7.3.1/thumb/v7e-m/fpv4-sp/hard/crti.o
LOAD c:/st/stm32cubeide_1.3.0/stm32cubeide/plugins/com.st.stm32cube.ide.mcu.externaltools.gnu-tools-for-stm32.7-2018-q2-update.win32_1.4.0.202007081208/tools/bin/../lib/gcc/arm-none-eabi/7.3.1/thumb/v7e-m/fpv4-sp/hard/crtbegin.o
LOAD c:/st/stm32cubeide_1.3.0/stm32cubeide/plugins/com.st.stm32cube.ide.mcu.externaltools.gnu-tools-for-stm32.7-2018-q2-update.win32_1.4.0.202007081208/tools/bin/../lib/gcc/arm-none-eabi/7.3.1/../../../../arm-none-eabi/lib/thumb/v7e-m/fpv4-sp/hard/crt0.o
LOAD Core/Src/AppMain.o
LOAD Core/Src/gpio.o
LOAD Core/Src/i2c.o
LOAD Core/Src/main.o
LOAD Core/Src/stm32l4xx_hal_msp.o
LOAD Core/Src/stm32l4xx_it.o
LOAD Core/Src/syscalls.o
LOAD Core/Src/sysmem.o
LOAD Core/Src/system_stm32l4xx.o
LOAD Core/Src/tim.o
LOAD Core/Src/ButtonControl/ButtonControl.o
LOAD Core/Src/LCD/Kontrast.o
LOAD Core/Src/LCD/LCD.o
LOAD Core/Src/LoadCell/LoadCell.o
LOAD Core/Src/Log/Log.o
LOAD Core/Src/Model/Model.o
LOAD Core/Src/Model/Tools.o
LOAD Core/Src/Screen/BWSettings.o
LOAD Core/Src/Screen/LogBook.o
LOAD Core/Src/Screen/MainScreen.o
LOAD Core/Src/Screen/PWSettings.o
LOAD Core/Src/Screen/ScreenControl.o
LOAD Core/Src/Screen/TimeScreen.o
LOAD Core/Src/Screen/Settings/Contrast.o
LOAD Core/Src/Screen/Settings/DateSettings.o
LOAD Core/Src/Screen/Settings/TimeSettings.o
LOAD Core/Src/Time/Time.o
LOAD Core/Startup/startup_stm32l412kbtx.o
LOAD Drivers/STM32L4xx_HAL_Driver/Src/stm32l4xx_hal.o
LOAD Drivers/STM32L4xx_HAL_Driver/Src/stm32l4xx_hal_cortex.o
LOAD Drivers/STM32L4xx_HAL_Driver/Src/stm32l4xx_hal_dma.o
LOAD Drivers/STM32L4xx_HAL_Driver/Src/stm32l4xx_hal_dma_ex.o
LOAD Drivers/STM32L4xx_HAL_Driver/Src/stm32l4xx_hal_exti.o
LOAD Drivers/STM32L4xx_HAL_Driver/Src/stm32l4xx_hal_flash.o
LOAD Drivers/STM32L4xx_HAL_Driver/Src/stm32l4xx_hal_flash_ex.o
LOAD Drivers/STM32L4xx_HAL_Driver/Src/stm32l4xx_hal_flash_ramfunc.o
LOAD Drivers/STM32L4xx_HAL_Driver/Src/stm32l4xx_hal_gpio.o
LOAD Drivers/STM32L4xx_HAL_Driver/Src/stm32l4xx_hal_i2c.o
LOAD Drivers/STM32L4xx_HAL_Driver/Src/stm32l4xx_hal_i2c_ex.o
LOAD Drivers/STM32L4xx_HAL_Driver/Src/stm32l4xx_hal_pcd.o
LOAD Drivers/STM32L4xx_HAL_Driver/Src/stm32l4xx_hal_pcd_ex.o
LOAD Drivers/STM32L4xx_HAL_Driver/Src/stm32l4xx_hal_pwr.o
LOAD Drivers/STM32L4xx_HAL_Driver/Src/stm32l4xx_hal_pwr_ex.o
LOAD Drivers/STM32L4xx_HAL_Driver/Src/stm32l4xx_hal_rcc.o
LOAD Drivers/STM32L4xx_HAL_Driver/Src/stm32l4xx_hal_rcc_ex.o
LOAD Drivers/STM32L4xx_HAL_Driver/Src/stm32l4xx_hal_tim.o
LOAD Drivers/STM32L4xx_HAL_Driver/Src/stm32l4xx_hal_tim_ex.o
LOAD Drivers/STM32L4xx_HAL_Driver/Src/stm32l4xx_ll_usb.o
LOAD Middlewares/ST/STM32_USB_Device_Library/Class/CDC/Src/usbd_cdc.o
LOAD Middlewares/ST/STM32_USB_Device_Library/Core/Src/usbd_core.o
LOAD Middlewares/ST/STM32_USB_Device_Library/Core/Src/usbd_ctlreq.o
LOAD Middlewares/ST/STM32_USB_Device_Library/Core/Src/usbd_ioreq.o
LOAD USB_DEVICE/App/usb_device.o
LOAD USB_DEVICE/App/usbd_cdc_if.o
LOAD USB_DEVICE/App/usbd_desc.o
LOAD USB_DEVICE/Target/usbd_conf.o
START GROUP
LOAD c:/st/stm32cubeide_1.3.0/stm32cubeide/plugins/com.st.stm32cube.ide.mcu.externaltools.gnu-tools-for-stm32.7-2018-q2-update.win32_1.4.0.202007081208/tools/bin/../lib/gcc/arm-none-eabi/7.3.1/../../../../arm-none-eabi/lib/thumb/v7e-m/fpv4-sp/hard\libstdc++_nano.a
LOAD c:/st/stm32cubeide_1.3.0/stm32cubeide/plugins/com.st.stm32cube.ide.mcu.externaltools.gnu-tools-for-stm32.7-2018-q2-update.win32_1.4.0.202007081208/tools/bin/../lib/gcc/arm-none-eabi/7.3.1/../../../../arm-none-eabi/lib/thumb/v7e-m/fpv4-sp/hard\libsupc++_nano.a
END GROUP
LOAD c:/st/stm32cubeide_1.3.0/stm32cubeide/plugins/com.st.stm32cube.ide.mcu.externaltools.gnu-tools-for-stm32.7-2018-q2-update.win32_1.4.0.202007081208/tools/bin/../lib/gcc/arm-none-eabi/7.3.1/../../../../arm-none-eabi/lib/thumb/v7e-m/fpv4-sp/hard\libstdc++_nano.a
LOAD c:/st/stm32cubeide_1.3.0/stm32cubeide/plugins/com.st.stm32cube.ide.mcu.externaltools.gnu-tools-for-stm32.7-2018-q2-update.win32_1.4.0.202007081208/tools/bin/../lib/gcc/arm-none-eabi/7.3.1/../../../../arm-none-eabi/lib/thumb/v7e-m/fpv4-sp/hard\libm.a
LOAD c:/st/stm32cubeide_1.3.0/stm32cubeide/plugins/com.st.stm32cube.ide.mcu.externaltools.gnu-tools-for-stm32.7-2018-q2-update.win32_1.4.0.202007081208/tools/bin/../lib/gcc/arm-none-eabi/7.3.1/../../../../arm-none-eabi/lib/thumb/v7e-m/fpv4-sp/hard\libc_nano.a
START GROUP
LOAD c:/st/stm32cubeide_1.3.0/stm32cubeide/plugins/com.st.stm32cube.ide.mcu.externaltools.gnu-tools-for-stm32.7-2018-q2-update.win32_1.4.0.202007081208/tools/bin/../lib/gcc/arm-none-eabi/7.3.1/thumb/v7e-m/fpv4-sp/hard\libgcc.a
LOAD c:/st/stm32cubeide_1.3.0/stm32cubeide/plugins/com.st.stm32cube.ide.mcu.externaltools.gnu-tools-for-stm32.7-2018-q2-update.win32_1.4.0.202007081208/tools/bin/../lib/gcc/arm-none-eabi/7.3.1/../../../../arm-none-eabi/lib/thumb/v7e-m/fpv4-sp/hard\libc_nano.a
END GROUP
START GROUP
LOAD c:/st/stm32cubeide_1.3.0/stm32cubeide/plugins/com.st.stm32cube.ide.mcu.externaltools.gnu-tools-for-stm32.7-2018-q2-update.win32_1.4.0.202007081208/tools/bin/../lib/gcc/arm-none-eabi/7.3.1/thumb/v7e-m/fpv4-sp/hard\libgcc.a
LOAD c:/st/stm32cubeide_1.3.0/stm32cubeide/plugins/com.st.stm32cube.ide.mcu.externaltools.gnu-tools-for-stm32.7-2018-q2-update.win32_1.4.0.202007081208/tools/bin/../lib/gcc/arm-none-eabi/7.3.1/../../../../arm-none-eabi/lib/thumb/v7e-m/fpv4-sp/hard\libc_nano.a
LOAD c:/st/stm32cubeide_1.3.0/stm32cubeide/plugins/com.st.stm32cube.ide.mcu.externaltools.gnu-tools-for-stm32.7-2018-q2-update.win32_1.4.0.202007081208/tools/bin/../lib/gcc/arm-none-eabi/7.3.1/../../../../arm-none-eabi/lib/thumb/v7e-m/fpv4-sp/hard\libnosys.a
END GROUP
START GROUP
LOAD c:/st/stm32cubeide_1.3.0/stm32cubeide/plugins/com.st.stm32cube.ide.mcu.externaltools.gnu-tools-for-stm32.7-2018-q2-update.win32_1.4.0.202007081208/tools/bin/../lib/gcc/arm-none-eabi/7.3.1/thumb/v7e-m/fpv4-sp/hard\libgcc.a
LOAD c:/st/stm32cubeide_1.3.0/stm32cubeide/plugins/com.st.stm32cube.ide.mcu.externaltools.gnu-tools-for-stm32.7-2018-q2-update.win32_1.4.0.202007081208/tools/bin/../lib/gcc/arm-none-eabi/7.3.1/../../../../arm-none-eabi/lib/thumb/v7e-m/fpv4-sp/hard\libc_nano.a
LOAD c:/st/stm32cubeide_1.3.0/stm32cubeide/plugins/com.st.stm32cube.ide.mcu.externaltools.gnu-tools-for-stm32.7-2018-q2-update.win32_1.4.0.202007081208/tools/bin/../lib/gcc/arm-none-eabi/7.3.1/../../../../arm-none-eabi/lib/thumb/v7e-m/fpv4-sp/hard\libnosys.a
END GROUP
LOAD c:/st/stm32cubeide_1.3.0/stm32cubeide/plugins/com.st.stm32cube.ide.mcu.externaltools.gnu-tools-for-stm32.7-2018-q2-update.win32_1.4.0.202007081208/tools/bin/../lib/gcc/arm-none-eabi/7.3.1/thumb/v7e-m/fpv4-sp/hard/crtend.o
LOAD c:/st/stm32cubeide_1.3.0/stm32cubeide/plugins/com.st.stm32cube.ide.mcu.externaltools.gnu-tools-for-stm32.7-2018-q2-update.win32_1.4.0.202007081208/tools/bin/../lib/gcc/arm-none-eabi/7.3.1/thumb/v7e-m/fpv4-sp/hard/crtn.o
                0x000000002000a000                _estack = (ORIGIN (RAM) + LENGTH (RAM))
                0x0000000000000200                _Min_Heap_Size = 0x200
                0x0000000000000400                _Min_Stack_Size = 0x400

.isr_vector     0x0000000008000000      0x18c
                0x0000000008000000                . = ALIGN (0x4)
 *(.isr_vector)
 .isr_vector    0x0000000008000000      0x18c Core/Startup/startup_stm32l412kbtx.o
                0x0000000008000000                g_pfnVectors
                0x000000000800018c                . = ALIGN (0x4)

.text           0x000000000800018c     0xd650
                0x000000000800018c                . = ALIGN (0x4)
 *(.text)
 .text          0x000000000800018c       0x40 c:/st/stm32cubeide_1.3.0/stm32cubeide/plugins/com.st.stm32cube.ide.mcu.externaltools.gnu-tools-for-stm32.7-2018-q2-update.win32_1.4.0.202007081208/tools/bin/../lib/gcc/arm-none-eabi/7.3.1/thumb/v7e-m/fpv4-sp/hard/crtbegin.o
 *(.text*)
 .text._ZN7AppMainC2Ev
                0x00000000080001cc       0x64 Core/Src/AppMain.o
                0x00000000080001cc                AppMain::AppMain()
                0x00000000080001cc                AppMain::AppMain()
 .text._ZN7AppMain4InitEv
                0x0000000008000230       0xc0 Core/Src/AppMain.o
                0x0000000008000230                AppMain::Init()
 .text._ZN7AppMain5mainFEv
                0x00000000080002f0      0x144 Core/Src/AppMain.o
                0x00000000080002f0                AppMain::mainF()
 .text._ZN7AppMain11usbTransmitEPhh
                0x0000000008000434       0x4e Core/Src/AppMain.o
                0x0000000008000434                AppMain::usbTransmit(unsigned char*, unsigned char)
 *fill*         0x0000000008000482        0x2 
 .text._ZN7AppMain12ButtonUpdateEv
                0x0000000008000484       0x1c Core/Src/AppMain.o
                0x0000000008000484                AppMain::ButtonUpdate()
 .text._ZN7AppMain3ClkEv
                0x00000000080004a0      0x1e8 Core/Src/AppMain.o
                0x00000000080004a0                AppMain::Clk()
 .text._ZN7AppMain11ReadLogbookEm
                0x0000000008000688       0x6c Core/Src/AppMain.o
                0x0000000008000688                AppMain::ReadLogbook(unsigned long)
 .text._ZN7AppMain12ResetLogBookEv
                0x00000000080006f4       0x1c Core/Src/AppMain.o
                0x00000000080006f4                AppMain::ResetLogBook()
 .text._Z41__static_initialization_and_destruction_0ii
                0x0000000008000710       0x84 Core/Src/AppMain.o
 .text._GLOBAL__sub_I_lcSettings1
                0x0000000008000794       0x10 Core/Src/AppMain.o
 .text.MX_GPIO_Init
                0x00000000080007a4      0x180 Core/Src/gpio.o
                0x00000000080007a4                MX_GPIO_Init
 .text.MX_I2C1_Init
                0x0000000008000924       0x80 Core/Src/i2c.o
                0x0000000008000924                MX_I2C1_Init
 .text.HAL_I2C_MspInit
                0x00000000080009a4       0x88 Core/Src/i2c.o
                0x00000000080009a4                HAL_I2C_MspInit
 .text.main     0x0000000008000a2c       0x48 Core/Src/main.o
                0x0000000008000a2c                main
 .text._Z18SystemClock_Configv
                0x0000000008000a74      0x10c Core/Src/main.o
                0x0000000008000a74                SystemClock_Config()
 .text.HAL_TIM_PeriodElapsedCallback
                0x0000000008000b80       0x50 Core/Src/main.o
                0x0000000008000b80                HAL_TIM_PeriodElapsedCallback
 .text.USBReceive
                0x0000000008000bd0       0xc0 Core/Src/main.o
                0x0000000008000bd0                USBReceive
 .text.Error_Handler
                0x0000000008000c90        0xe Core/Src/main.o
                0x0000000008000c90                Error_Handler
 *fill*         0x0000000008000c9e        0x2 
 .text._Z41__static_initialization_and_destruction_0ii
                0x0000000008000ca0       0x2c Core/Src/main.o
 .text._GLOBAL__sub_I_appMain
                0x0000000008000ccc       0x10 Core/Src/main.o
 .text.HAL_MspInit
                0x0000000008000cdc       0x48 Core/Src/stm32l4xx_hal_msp.o
                0x0000000008000cdc                HAL_MspInit
 .text.NMI_Handler
                0x0000000008000d24        0xe Core/Src/stm32l4xx_it.o
                0x0000000008000d24                NMI_Handler
 .text.HardFault_Handler
                0x0000000008000d32        0x6 Core/Src/stm32l4xx_it.o
                0x0000000008000d32                HardFault_Handler
 .text.MemManage_Handler
                0x0000000008000d38        0x6 Core/Src/stm32l4xx_it.o
                0x0000000008000d38                MemManage_Handler
 .text.BusFault_Handler
                0x0000000008000d3e        0x6 Core/Src/stm32l4xx_it.o
                0x0000000008000d3e                BusFault_Handler
 .text.UsageFault_Handler
                0x0000000008000d44        0x6 Core/Src/stm32l4xx_it.o
                0x0000000008000d44                UsageFault_Handler
 .text.SVC_Handler
                0x0000000008000d4a        0xe Core/Src/stm32l4xx_it.o
                0x0000000008000d4a                SVC_Handler
 .text.DebugMon_Handler
                0x0000000008000d58        0xe Core/Src/stm32l4xx_it.o
                0x0000000008000d58                DebugMon_Handler
 .text.PendSV_Handler
                0x0000000008000d66        0xe Core/Src/stm32l4xx_it.o
                0x0000000008000d66                PendSV_Handler
 .text.SysTick_Handler
                0x0000000008000d74        0xc Core/Src/stm32l4xx_it.o
                0x0000000008000d74                SysTick_Handler
 .text.TIM2_IRQHandler
                0x0000000008000d80       0x14 Core/Src/stm32l4xx_it.o
                0x0000000008000d80                TIM2_IRQHandler
 .text.USB_IRQHandler
                0x0000000008000d94       0x14 Core/Src/stm32l4xx_it.o
                0x0000000008000d94                USB_IRQHandler
 .text._getpid  0x0000000008000da8       0x10 Core/Src/syscalls.o
                0x0000000008000da8                _getpid
 .text._kill    0x0000000008000db8       0x20 Core/Src/syscalls.o
                0x0000000008000db8                _kill
 .text._exit    0x0000000008000dd8       0x14 Core/Src/syscalls.o
                0x0000000008000dd8                _exit
 .text._sbrk    0x0000000008000dec       0x6c Core/Src/sysmem.o
                0x0000000008000dec                _sbrk
 .text.SystemInit
                0x0000000008000e58       0x6c Core/Src/system_stm32l4xx.o
                0x0000000008000e58                SystemInit
 .text.MX_TIM2_Init
                0x0000000008000ec4       0x9c Core/Src/tim.o
                0x0000000008000ec4                MX_TIM2_Init
 .text.HAL_TIM_Base_MspInit
                0x0000000008000f60       0x48 Core/Src/tim.o
                0x0000000008000f60                HAL_TIM_Base_MspInit
 .text._ZN13ButtonControlC2EP5Model
                0x0000000008000fa8       0x3c Core/Src/ButtonControl/ButtonControl.o
                0x0000000008000fa8                ButtonControl::ButtonControl(Model*)
                0x0000000008000fa8                ButtonControl::ButtonControl(Model*)
 .text._ZN13ButtonControl12UpdateButtonEv
                0x0000000008000fe4      0x384 Core/Src/ButtonControl/ButtonControl.o
                0x0000000008000fe4                ButtonControl::UpdateButton()
 .text._ZN8KontrastC2Ev
                0x0000000008001368       0x16 Core/Src/LCD/Kontrast.o
                0x0000000008001368                Kontrast::Kontrast()
                0x0000000008001368                Kontrast::Kontrast()
 *fill*         0x000000000800137e        0x2 
 .text._ZN8Kontrast11setContrastEh
                0x0000000008001380       0x34 Core/Src/LCD/Kontrast.o
                0x0000000008001380                Kontrast::setContrast(unsigned char)
 .text._ZN3LCDC2Ev
                0x00000000080013b4       0x16 Core/Src/LCD/LCD.o
                0x00000000080013b4                LCD::LCD()
                0x00000000080013b4                LCD::LCD()
 *fill*         0x00000000080013ca        0x2 
 .text._ZN3LCD7InitLCDEv
                0x00000000080013cc       0xe4 Core/Src/LCD/LCD.o
                0x00000000080013cc                LCD::InitLCD()
 .text._ZN3LCD5WriteEPchhS0_hh
                0x00000000080014b0       0xda Core/Src/LCD/LCD.o
                0x00000000080014b0                LCD::Write(char*, unsigned char, unsigned char, char*, unsigned char, unsigned char)
 .text._ZN3LCD5ClearEv
                0x000000000800158a       0x58 Core/Src/LCD/LCD.o
                0x000000000800158a                LCD::Clear()
 .text._ZN3LCD5WriteEPKchhPchh
                0x00000000080015e2       0xca Core/Src/LCD/LCD.o
                0x00000000080015e2                LCD::Write(char const*, unsigned char, unsigned char, char*, unsigned char, unsigned char)
 .text._ZN3LCD17SetCursorPositionEhhb
                0x00000000080016ac       0x64 Core/Src/LCD/LCD.o
                0x00000000080016ac                LCD::SetCursorPosition(unsigned char, unsigned char, bool)
 .text._ZN3LCD20WriteCommaandWwakeUpEh
                0x0000000008001710       0x94 Core/Src/LCD/LCD.o
                0x0000000008001710                LCD::WriteCommaandWwakeUp(unsigned char)
 .text._ZN3LCD12WriteCommandEh
                0x00000000080017a4      0x11c Core/Src/LCD/LCD.o
                0x00000000080017a4                LCD::WriteCommand(unsigned char)
 .text._ZN3LCD9WriteDataEh
                0x00000000080018c0      0x11c Core/Src/LCD/LCD.o
                0x00000000080018c0                LCD::WriteData(unsigned char)
 .text._ZN8LoadCellC2Ev
                0x00000000080019dc       0x1e Core/Src/LoadCell/LoadCell.o
                0x00000000080019dc                LoadCell::LoadCell()
                0x00000000080019dc                LoadCell::LoadCell()
 .text._ZN8LoadCell12InitLoadCellEP5Model16LoadCellSettings
                0x00000000080019fa       0x34 Core/Src/LoadCell/LoadCell.o
                0x00000000080019fa                LoadCell::InitLoadCell(Model*, LoadCellSettings)
 .text._ZN8LoadCell6UpdateEv
                0x0000000008001a2e       0xd6 Core/Src/LoadCell/LoadCell.o
                0x0000000008001a2e                LoadCell::Update()
 .text._ZN3LogC2EP5Model
                0x0000000008001b04       0x24 Core/Src/Log/Log.o
                0x0000000008001b04                Log::Log(Model*)
                0x0000000008001b04                Log::Log(Model*)
 .text._ZN3Log4initEv
                0x0000000008001b28       0x8c Core/Src/Log/Log.o
                0x0000000008001b28                Log::init()
 .text._ZN3Log15getLogBookEntryEm
                0x0000000008001bb4       0xa0 Core/Src/Log/Log.o
                0x0000000008001bb4                Log::getLogBookEntry(unsigned long)
 .text._ZN3Log9addEntriyEv
                0x0000000008001c54      0x17c Core/Src/Log/Log.o
                0x0000000008001c54                Log::addEntriy()
 .text._ZN3Log16resetAddrPointerEv
                0x0000000008001dd0       0x54 Core/Src/Log/Log.o
                0x0000000008001dd0                Log::resetAddrPointer()
 .text._ZN5ModelC2Ev
                0x0000000008001e24       0xf0 Core/Src/Model/Model.o
                0x0000000008001e24                Model::Model()
                0x0000000008001e24                Model::Model()
 .text._ZNK5Model6getDayEv
                0x0000000008001f14       0x1a Core/Src/Model/Model.o
                0x0000000008001f14                Model::getDay() const
 .text._ZN5Model6setDayEh
                0x0000000008001f2e       0x20 Core/Src/Model/Model.o
                0x0000000008001f2e                Model::setDay(unsigned char)
 .text._ZN5Model12setDayOfWeekEh
                0x0000000008001f4e       0x20 Core/Src/Model/Model.o
                0x0000000008001f4e                Model::setDayOfWeek(unsigned char)
 .text._ZNK5Model7getHourEv
                0x0000000008001f6e       0x1a Core/Src/Model/Model.o
                0x0000000008001f6e                Model::getHour() const
 .text._ZN5Model7setHourEh
                0x0000000008001f88       0x20 Core/Src/Model/Model.o
                0x0000000008001f88                Model::setHour(unsigned char)
 .text._ZNK5Model12getLoadCell1Ev
                0x0000000008001fa8       0x18 Core/Src/Model/Model.o
                0x0000000008001fa8                Model::getLoadCell1() const
 .text._ZN5Model12setLoadCell1El
                0x0000000008001fc0       0x1c Core/Src/Model/Model.o
                0x0000000008001fc0                Model::setLoadCell1(long)
 .text._ZNK5Model12getLoadCell2Ev
                0x0000000008001fdc       0x18 Core/Src/Model/Model.o
                0x0000000008001fdc                Model::getLoadCell2() const
 .text._ZN5Model12setLoadCell2El
                0x0000000008001ff4       0x1c Core/Src/Model/Model.o
                0x0000000008001ff4                Model::setLoadCell2(long)
 .text._ZNK5Model9getMinuteEv
                0x0000000008002010       0x1a Core/Src/Model/Model.o
                0x0000000008002010                Model::getMinute() const
 .text._ZN5Model9setMinuteEh
                0x000000000800202a       0x20 Core/Src/Model/Model.o
                0x000000000800202a                Model::setMinute(unsigned char)
 .text._ZNK5Model8getMonthEv
                0x000000000800204a       0x1a Core/Src/Model/Model.o
                0x000000000800204a                Model::getMonth() const
 .text._ZN5Model8setMonthEh
                0x0000000008002064       0x20 Core/Src/Model/Model.o
                0x0000000008002064                Model::setMonth(unsigned char)
 .text._ZNK5Model10getSecondsEv
                0x0000000008002084       0x1a Core/Src/Model/Model.o
                0x0000000008002084                Model::getSeconds() const
 .text._ZN5Model10setSecondsEh
                0x000000000800209e       0x20 Core/Src/Model/Model.o
                0x000000000800209e                Model::setSeconds(unsigned char)
 .text._ZNK5Model9getWeightEv
                0x00000000080020be       0x1a Core/Src/Model/Model.o
                0x00000000080020be                Model::getWeight() const
 .text._ZN5Model9setWeightEs
                0x00000000080020d8       0x1e Core/Src/Model/Model.o
                0x00000000080020d8                Model::setWeight(short)
 .text._ZNK5Model7getYearEv
                0x00000000080020f6       0x1a Core/Src/Model/Model.o
                0x00000000080020f6                Model::getYear() const
 .text._ZN5Model7setYearEh
                0x0000000008002110       0x20 Core/Src/Model/Model.o
                0x0000000008002110                Model::setYear(unsigned char)
 .text._ZNK5Model8isT1LongEv
                0x0000000008002130       0x1a Core/Src/Model/Model.o
                0x0000000008002130                Model::isT1Long() const
 .text._ZN5Model9setT1LongEb
                0x000000000800214a       0x20 Core/Src/Model/Model.o
                0x000000000800214a                Model::setT1Long(bool)
 .text._ZNK5Model9isT1ShortEv
                0x000000000800216a       0x1a Core/Src/Model/Model.o
                0x000000000800216a                Model::isT1Short() const
 .text._ZN5Model10setT1ShortEb
                0x0000000008002184       0x20 Core/Src/Model/Model.o
                0x0000000008002184                Model::setT1Short(bool)
 .text._ZNK5Model8isT2LongEv
                0x00000000080021a4       0x1a Core/Src/Model/Model.o
                0x00000000080021a4                Model::isT2Long() const
 .text._ZN5Model9setT2LongEb
                0x00000000080021be       0x20 Core/Src/Model/Model.o
                0x00000000080021be                Model::setT2Long(bool)
 .text._ZNK5Model9isT2ShortEv
                0x00000000080021de       0x1a Core/Src/Model/Model.o
                0x00000000080021de                Model::isT2Short() const
 .text._ZN5Model10setT2ShortEb
                0x00000000080021f8       0x20 Core/Src/Model/Model.o
                0x00000000080021f8                Model::setT2Short(bool)
 .text._ZNK5Model8isT3LongEv
                0x0000000008002218       0x1a Core/Src/Model/Model.o
                0x0000000008002218                Model::isT3Long() const
 .text._ZN5Model9setT3LongEb
                0x0000000008002232       0x20 Core/Src/Model/Model.o
                0x0000000008002232                Model::setT3Long(bool)
 .text._ZNK5Model9isT3ShortEv
                0x0000000008002252       0x1a Core/Src/Model/Model.o
                0x0000000008002252                Model::isT3Short() const
 .text._ZN5Model10setT3ShortEb
                0x000000000800226c       0x20 Core/Src/Model/Model.o
                0x000000000800226c                Model::setT3Short(bool)
 .text._ZNK5Model8isT4LongEv
                0x000000000800228c       0x1a Core/Src/Model/Model.o
                0x000000000800228c                Model::isT4Long() const
 .text._ZN5Model9setT4LongEb
                0x00000000080022a6       0x20 Core/Src/Model/Model.o
                0x00000000080022a6                Model::setT4Long(bool)
 .text._ZNK5Model9isT4ShortEv
                0x00000000080022c6       0x1a Core/Src/Model/Model.o
                0x00000000080022c6                Model::isT4Short() const
 .text._ZN5Model10setT4ShortEb
                0x00000000080022e0       0x20 Core/Src/Model/Model.o
                0x00000000080022e0                Model::setT4Short(bool)
 .text._ZNK5Model8isT5LongEv
                0x0000000008002300       0x1a Core/Src/Model/Model.o
                0x0000000008002300                Model::isT5Long() const
 .text._ZN5Model9setT5LongEb
                0x000000000800231a       0x20 Core/Src/Model/Model.o
                0x000000000800231a                Model::setT5Long(bool)
 .text._ZNK5Model9isT5ShortEv
                0x000000000800233a       0x1a Core/Src/Model/Model.o
                0x000000000800233a                Model::isT5Short() const
 .text._ZN5Model10setT5ShortEb
                0x0000000008002354       0x20 Core/Src/Model/Model.o
                0x0000000008002354                Model::setT5Short(bool)
 .text._ZNK5Model20getLoadCellGradient1Ev
                0x0000000008002374       0x34 Core/Src/Model/Model.o
                0x0000000008002374                Model::getLoadCellGradient1() const
 .text._ZNK5Model20getLoadCellGradient2Ev
                0x00000000080023a8       0x34 Core/Src/Model/Model.o
                0x00000000080023a8                Model::getLoadCellGradient2() const
 .text._ZNK5Model18getLoadCellOffset1Ev
                0x00000000080023dc       0x18 Core/Src/Model/Model.o
                0x00000000080023dc                Model::getLoadCellOffset1() const
 .text._ZN5Model18setLoadCellOffset1El
                0x00000000080023f4       0x1c Core/Src/Model/Model.o
                0x00000000080023f4                Model::setLoadCellOffset1(long)
 .text._ZNK5Model18getLoadCellOffset2Ev
                0x0000000008002410       0x18 Core/Src/Model/Model.o
                0x0000000008002410                Model::getLoadCellOffset2() const
 .text._ZNK5Model19getBienenwachsPreisEv
                0x0000000008002428       0x22 Core/Src/Model/Model.o
                0x0000000008002428                Model::getBienenwachsPreis() const
 .text._ZN5Model19setBienenwachsPreisEf
                0x000000000800244a       0x28 Core/Src/Model/Model.o
                0x000000000800244a                Model::setBienenwachsPreis(float)
 .text._ZNK5Model20getParafinwachsPreisEv
                0x0000000008002472       0x22 Core/Src/Model/Model.o
                0x0000000008002472                Model::getParafinwachsPreis() const
 .text._ZN5Model20setParafinwachsPreisEf
                0x0000000008002494       0x28 Core/Src/Model/Model.o
                0x0000000008002494                Model::setParafinwachsPreis(float)
 .text._ZNK5Model11getWachstypEv
                0x00000000080024bc       0x1a Core/Src/Model/Model.o
                0x00000000080024bc                Model::getWachstyp() const
 .text._ZN5Model11setWachstypENS_6EWACHSE
                0x00000000080024d6       0x7e Core/Src/Model/Model.o
                0x00000000080024d6                Model::setWachstyp(Model::EWACHS)
 .text._ZN5Model18setLoadCellOffset2El
                0x0000000008002554       0x1c Core/Src/Model/Model.o
                0x0000000008002554                Model::setLoadCellOffset2(long)
 .text._ZNK5Model11getKontrastEv
                0x0000000008002570       0x1a Core/Src/Model/Model.o
                0x0000000008002570                Model::getKontrast() const
 .text._ZN5Model11setKontrastEh
                0x000000000800258a       0x20 Core/Src/Model/Model.o
                0x000000000800258a                Model::setKontrast(unsigned char)
 .text._ZNK5Model15isOverrideClockEv
                0x00000000080025aa       0x1a Core/Src/Model/Model.o
                0x00000000080025aa                Model::isOverrideClock() const
 .text._ZNK5Model14getAddrPointerEv
                0x00000000080025c4       0x18 Core/Src/Model/Model.o
                0x00000000080025c4                Model::getAddrPointer() const
 .text._ZNK5Model8getPrizeEv
                0x00000000080025dc       0x18 Core/Src/Model/Model.o
                0x00000000080025dc                Model::getPrize() const
 .text._ZNK5Model10isAddEntryEv
                0x00000000080025f4       0x1a Core/Src/Model/Model.o
                0x00000000080025f4                Model::isAddEntry() const
 .text._ZN5Model11setAddEntryEb
                0x000000000800260e       0x20 Core/Src/Model/Model.o
                0x000000000800260e                Model::setAddEntry(bool)
 .text._ZN5Model8setPrizeEm
                0x000000000800262e       0x1c Core/Src/Model/Model.o
                0x000000000800262e                Model::setPrize(unsigned long)
 .text._ZN5Model14setAddrPointerEt
                0x000000000800264a       0x1e Core/Src/Model/Model.o
                0x000000000800264a                Model::setAddrPointer(unsigned short)
 .text._ZN5Model16setOverrideClockEb
                0x0000000008002668       0x20 Core/Src/Model/Model.o
                0x0000000008002668                Model::setOverrideClock(bool)
 .text._ZSt3absl
                0x0000000008002688       0x1c Core/Src/Model/Tools.o
                0x0000000008002688                std::abs(long)
 .text._ZN5Tools14intToAsciiCharElh
                0x00000000080026a4      0x158 Core/Src/Model/Tools.o
                0x00000000080026a4                Tools::intToAsciiChar(long, unsigned char)
 .text._ZN5Tools8Round5RpEl
                0x00000000080027fc       0x64 Core/Src/Model/Tools.o
                0x00000000080027fc                Tools::Round5Rp(long)
 .text._ZN5Tools11byteToAsciiEh
                0x0000000008002860       0x94 Core/Src/Model/Tools.o
                0x0000000008002860                Tools::byteToAscii(unsigned char)
 .text._ZN5Tools10BCDDecoderEh
                0x00000000080028f4       0x36 Core/Src/Model/Tools.o
                0x00000000080028f4                Tools::BCDDecoder(unsigned char)
 *fill*         0x000000000800292a        0x2 
 .text._ZN5Tools10BCDEncoderEh
                0x000000000800292c       0x48 Core/Src/Model/Tools.o
                0x000000000800292c                Tools::BCDEncoder(unsigned char)
 .text._ZN5Tools8DWT_InitEv
                0x0000000008002974       0x34 Core/Src/Model/Tools.o
                0x0000000008002974                Tools::DWT_Init()
 .text._ZN5Tools12DWT_Delay_usEm
                0x00000000080029a8       0x6c Core/Src/Model/Tools.o
                0x00000000080029a8                Tools::DWT_Delay_us(unsigned long)
 .text._ZN10BWSettingsC2EP5ModelP3LCD
                0x0000000008002a14       0x38 Core/Src/Screen/BWSettings.o
                0x0000000008002a14                BWSettings::BWSettings(Model*, LCD*)
                0x0000000008002a14                BWSettings::BWSettings(Model*, LCD*)
 .text._ZN10BWSettings6UpdateEv
                0x0000000008002a4c      0x328 Core/Src/Screen/BWSettings.o
                0x0000000008002a4c                BWSettings::Update()
 .text._ZN10BWSettings16prizeToCharArrayEm
                0x0000000008002d74       0x78 Core/Src/Screen/BWSettings.o
                0x0000000008002d74                BWSettings::prizeToCharArray(unsigned long)
 .text._ZN10MainScreenC2EP5ModelP3LCD
                0x0000000008002dec       0x3e Core/Src/Screen/MainScreen.o
                0x0000000008002dec                MainScreen::MainScreen(Model*, LCD*)
                0x0000000008002dec                MainScreen::MainScreen(Model*, LCD*)
 *fill*         0x0000000008002e2a        0x2 
 .text._ZN10MainScreen6UpdateEv
                0x0000000008002e2c      0x58c Core/Src/Screen/MainScreen.o
                0x0000000008002e2c                MainScreen::Update()
 .text._ZN10PWSettingsC2EP5ModelP3LCD
                0x00000000080033b8       0x30 Core/Src/Screen/PWSettings.o
                0x00000000080033b8                PWSettings::PWSettings(Model*, LCD*)
                0x00000000080033b8                PWSettings::PWSettings(Model*, LCD*)
 .text._ZN10PWSettings6UpdateEv
                0x00000000080033e8      0x328 Core/Src/Screen/PWSettings.o
                0x00000000080033e8                PWSettings::Update()
 .text._ZN10PWSettings16prizeToCharArrayEm
                0x0000000008003710       0x78 Core/Src/Screen/PWSettings.o
                0x0000000008003710                PWSettings::prizeToCharArray(unsigned long)
 .text._ZN13ScreenControlC2EP5ModelP8Kontrast
                0x0000000008003788       0xec Core/Src/Screen/ScreenControl.o
                0x0000000008003788                ScreenControl::ScreenControl(Model*, Kontrast*)
                0x0000000008003788                ScreenControl::ScreenControl(Model*, Kontrast*)
 .text._ZN13ScreenControl10InitScreenEv
                0x0000000008003874       0x28 Core/Src/Screen/ScreenControl.o
                0x0000000008003874                ScreenControl::InitScreen()
 .text._ZN13ScreenControl6UpdateEv
                0x000000000800389c       0xf4 Core/Src/Screen/ScreenControl.o
                0x000000000800389c                ScreenControl::Update()
 .text._ZN13ScreenControl16getCurrentScreenEv
                0x0000000008003990       0x18 Core/Src/Screen/ScreenControl.o
                0x0000000008003990                ScreenControl::getCurrentScreen()
 .text._Z41__static_initialization_and_destruction_0ii
                0x00000000080039a8       0x2c Core/Src/Screen/ScreenControl.o
 .text._GLOBAL__sub_I__ZN13ScreenControlC2EP5ModelP8Kontrast
                0x00000000080039d4       0x10 Core/Src/Screen/ScreenControl.o
 .text._ZN10TimeScreenC2EP5ModelP3LCD
                0x00000000080039e4       0x26 Core/Src/Screen/TimeScreen.o
                0x00000000080039e4                TimeScreen::TimeScreen(Model*, LCD*)
                0x00000000080039e4                TimeScreen::TimeScreen(Model*, LCD*)
 *fill*         0x0000000008003a0a        0x2 
 .text._ZN10TimeScreen6UpdateEv
                0x0000000008003a0c      0x18c Core/Src/Screen/TimeScreen.o
                0x0000000008003a0c                TimeScreen::Update()
 .text._ZN10TimeScreen15TimeToCharArrayEhhh
                0x0000000008003b98       0xf0 Core/Src/Screen/TimeScreen.o
                0x0000000008003b98                TimeScreen::TimeToCharArray(unsigned char, unsigned char, unsigned char)
 .text._ZN8ContrastC2EP5ModelP3LCDP8Kontrast
                0x0000000008003c88       0x48 Core/Src/Screen/Settings/Contrast.o
                0x0000000008003c88                Contrast::Contrast(Model*, LCD*, Kontrast*)
                0x0000000008003c88                Contrast::Contrast(Model*, LCD*, Kontrast*)
 .text._ZN8Contrast6UpdateEv
                0x0000000008003cd0      0x3a2 Core/Src/Screen/Settings/Contrast.o
                0x0000000008003cd0                Contrast::Update()
 *fill*         0x0000000008004072        0x2 
 .text._ZN12DateSettingsC2EP5ModelP3LCD
                0x0000000008004074       0x38 Core/Src/Screen/Settings/DateSettings.o
                0x0000000008004074                DateSettings::DateSettings(Model*, LCD*)
                0x0000000008004074                DateSettings::DateSettings(Model*, LCD*)
 .text._ZN12DateSettings6UpdateEv
                0x00000000080040ac      0x600 Core/Src/Screen/Settings/DateSettings.o
                0x00000000080040ac                DateSettings::Update()
 .text._ZN12DateSettings15DateToCharArrayEhhh
                0x00000000080046ac       0xfc Core/Src/Screen/Settings/DateSettings.o
                0x00000000080046ac                DateSettings::DateToCharArray(unsigned char, unsigned char, unsigned char)
 .text._ZN12TimeSettingsC2EP5ModelP3LCD
                0x00000000080047a8       0x30 Core/Src/Screen/Settings/TimeSettings.o
                0x00000000080047a8                TimeSettings::TimeSettings(Model*, LCD*)
                0x00000000080047a8                TimeSettings::TimeSettings(Model*, LCD*)
 .text._ZN12TimeSettings6UpdateEv
                0x00000000080047d8      0x424 Core/Src/Screen/Settings/TimeSettings.o
                0x00000000080047d8                TimeSettings::Update()
 .text._ZN12TimeSettings15TimeToCharArrayEhhh
                0x0000000008004bfc       0xf0 Core/Src/Screen/Settings/TimeSettings.o
                0x0000000008004bfc                TimeSettings::TimeToCharArray(unsigned char, unsigned char, unsigned char)
 .text._ZN4TimeC2EP5ModelP19__I2C_HandleTypeDef
                0x0000000008004cec       0x26 Core/Src/Time/Time.o
                0x0000000008004cec                Time::Time(Model*, __I2C_HandleTypeDef*)
                0x0000000008004cec                Time::Time(Model*, __I2C_HandleTypeDef*)
 .text._ZN4Time7SetTimeEv
                0x0000000008004d12       0x78 Core/Src/Time/Time.o
                0x0000000008004d12                Time::SetTime()
 .text._ZN4Time7SetTimeEhhhhhh
                0x0000000008004d8a       0x88 Core/Src/Time/Time.o
                0x0000000008004d8a                Time::SetTime(unsigned char, unsigned char, unsigned char, unsigned char, unsigned char, unsigned char)
 .text._ZN4Time10UpdateTimeEv
                0x0000000008004e12       0xfa Core/Src/Time/Time.o
                0x0000000008004e12                Time::UpdateTime()
 .text.Reset_Handler
                0x0000000008004f0c       0x50 Core/Startup/startup_stm32l412kbtx.o
                0x0000000008004f0c                Reset_Handler
 .text.Default_Handler
                0x0000000008004f5c        0x2 Core/Startup/startup_stm32l412kbtx.o
                0x0000000008004f5c                RTC_Alarm_IRQHandler
                0x0000000008004f5c                EXTI2_IRQHandler
                0x0000000008004f5c                TIM1_CC_IRQHandler
                0x0000000008004f5c                TSC_IRQHandler
                0x0000000008004f5c                TIM6_IRQHandler
                0x0000000008004f5c                TAMP_STAMP_IRQHandler
                0x0000000008004f5c                EXTI3_IRQHandler
                0x0000000008004f5c                LPTIM2_IRQHandler
                0x0000000008004f5c                I2C3_ER_IRQHandler
                0x0000000008004f5c                EXTI0_IRQHandler
                0x0000000008004f5c                I2C2_EV_IRQHandler
                0x0000000008004f5c                FPU_IRQHandler
                0x0000000008004f5c                TIM1_UP_TIM16_IRQHandler
                0x0000000008004f5c                ADC1_2_IRQHandler
                0x0000000008004f5c                SPI1_IRQHandler
                0x0000000008004f5c                DMA2_Channel2_IRQHandler
                0x0000000008004f5c                DMA1_Channel4_IRQHandler
                0x0000000008004f5c                USART3_IRQHandler
                0x0000000008004f5c                DMA1_Channel7_IRQHandler
                0x0000000008004f5c                DMA2_Channel1_IRQHandler
                0x0000000008004f5c                QUADSPI_IRQHandler
                0x0000000008004f5c                I2C1_EV_IRQHandler
                0x0000000008004f5c                DMA1_Channel6_IRQHandler
                0x0000000008004f5c                DMA2_Channel4_IRQHandler
                0x0000000008004f5c                RCC_IRQHandler
                0x0000000008004f5c                TIM1_TRG_COM_IRQHandler
                0x0000000008004f5c                DMA1_Channel1_IRQHandler
                0x0000000008004f5c                Default_Handler
                0x0000000008004f5c                DMA2_Channel7_IRQHandler
                0x0000000008004f5c                EXTI15_10_IRQHandler
                0x0000000008004f5c                I2C3_EV_IRQHandler
                0x0000000008004f5c                EXTI9_5_IRQHandler
                0x0000000008004f5c                RTC_WKUP_IRQHandler
                0x0000000008004f5c                PVD_PVM_IRQHandler
                0x0000000008004f5c                SPI2_IRQHandler
                0x0000000008004f5c                DMA2_Channel5_IRQHandler
                0x0000000008004f5c                CRS_IRQHandler
                0x0000000008004f5c                DMA1_Channel5_IRQHandler
                0x0000000008004f5c                EXTI4_IRQHandler
                0x0000000008004f5c                RNG_IRQHandler
                0x0000000008004f5c                DMA1_Channel3_IRQHandler
                0x0000000008004f5c                COMP_IRQHandler
                0x0000000008004f5c                WWDG_IRQHandler
                0x0000000008004f5c                LPUART1_IRQHandler
                0x0000000008004f5c                DMA2_Channel6_IRQHandler
                0x0000000008004f5c                EXTI1_IRQHandler
                0x0000000008004f5c                USART2_IRQHandler
                0x0000000008004f5c                I2C2_ER_IRQHandler
                0x0000000008004f5c                DMA1_Channel2_IRQHandler
                0x0000000008004f5c                FLASH_IRQHandler
                0x0000000008004f5c                USART1_IRQHandler
                0x0000000008004f5c                I2C1_ER_IRQHandler
                0x0000000008004f5c                LPTIM1_IRQHandler
                0x0000000008004f5c                DMA2_Channel3_IRQHandler
                0x0000000008004f5c                TIM1_BRK_TIM15_IRQHandler
 .text.HAL_Init
                0x0000000008004f5e       0x30 Drivers/STM32L4xx_HAL_Driver/Src/stm32l4xx_hal.o
                0x0000000008004f5e                HAL_Init
 *fill*         0x0000000008004f8e        0x2 
 .text.HAL_InitTick
                0x0000000008004f90       0x78 Drivers/STM32L4xx_HAL_Driver/Src/stm32l4xx_hal.o
                0x0000000008004f90                HAL_InitTick
 .text.HAL_IncTick
                0x0000000008005008       0x28 Drivers/STM32L4xx_HAL_Driver/Src/stm32l4xx_hal.o
                0x0000000008005008                HAL_IncTick
 .text.HAL_GetTick
                0x0000000008005030       0x18 Drivers/STM32L4xx_HAL_Driver/Src/stm32l4xx_hal.o
                0x0000000008005030                HAL_GetTick
 .text.HAL_Delay
                0x0000000008005048       0x44 Drivers/STM32L4xx_HAL_Driver/Src/stm32l4xx_hal.o
                0x0000000008005048                HAL_Delay
 .text.__NVIC_SetPriorityGrouping
                0x000000000800508c       0x48 Drivers/STM32L4xx_HAL_Driver/Src/stm32l4xx_hal_cortex.o
 .text.__NVIC_GetPriorityGrouping
                0x00000000080050d4       0x1c Drivers/STM32L4xx_HAL_Driver/Src/stm32l4xx_hal_cortex.o
 .text.__NVIC_EnableIRQ
                0x00000000080050f0       0x3c Drivers/STM32L4xx_HAL_Driver/Src/stm32l4xx_hal_cortex.o
 .text.__NVIC_SetPriority
                0x000000000800512c       0x54 Drivers/STM32L4xx_HAL_Driver/Src/stm32l4xx_hal_cortex.o
 .text.NVIC_EncodePriority
                0x0000000008005180       0x66 Drivers/STM32L4xx_HAL_Driver/Src/stm32l4xx_hal_cortex.o
 *fill*         0x00000000080051e6        0x2 
 .text.SysTick_Config
                0x00000000080051e8       0x44 Drivers/STM32L4xx_HAL_Driver/Src/stm32l4xx_hal_cortex.o
 .text.HAL_NVIC_SetPriorityGrouping
                0x000000000800522c       0x16 Drivers/STM32L4xx_HAL_Driver/Src/stm32l4xx_hal_cortex.o
                0x000000000800522c                HAL_NVIC_SetPriorityGrouping
 .text.HAL_NVIC_SetPriority
                0x0000000008005242       0x38 Drivers/STM32L4xx_HAL_Driver/Src/stm32l4xx_hal_cortex.o
                0x0000000008005242                HAL_NVIC_SetPriority
 .text.HAL_NVIC_EnableIRQ
                0x000000000800527a       0x1c Drivers/STM32L4xx_HAL_Driver/Src/stm32l4xx_hal_cortex.o
                0x000000000800527a                HAL_NVIC_EnableIRQ
 .text.HAL_SYSTICK_Config
                0x0000000008005296       0x18 Drivers/STM32L4xx_HAL_Driver/Src/stm32l4xx_hal_cortex.o
                0x0000000008005296                HAL_SYSTICK_Config
 *fill*         0x00000000080052ae        0x2 
 .text.HAL_GPIO_Init
                0x00000000080052b0      0x2e4 Drivers/STM32L4xx_HAL_Driver/Src/stm32l4xx_hal_gpio.o
                0x00000000080052b0                HAL_GPIO_Init
 .text.HAL_GPIO_ReadPin
                0x0000000008005594       0x30 Drivers/STM32L4xx_HAL_Driver/Src/stm32l4xx_hal_gpio.o
                0x0000000008005594                HAL_GPIO_ReadPin
 .text.HAL_GPIO_WritePin
                0x00000000080055c4       0x30 Drivers/STM32L4xx_HAL_Driver/Src/stm32l4xx_hal_gpio.o
                0x00000000080055c4                HAL_GPIO_WritePin
 .text.HAL_I2C_Init
                0x00000000080055f4      0x11e Drivers/STM32L4xx_HAL_Driver/Src/stm32l4xx_hal_i2c.o
                0x00000000080055f4                HAL_I2C_Init
 *fill*         0x0000000008005712        0x2 
 .text.HAL_I2C_Master_Transmit
                0x0000000008005714      0x1e8 Drivers/STM32L4xx_HAL_Driver/Src/stm32l4xx_hal_i2c.o
                0x0000000008005714                HAL_I2C_Master_Transmit
 .text.HAL_I2C_Master_Receive
                0x00000000080058fc      0x1ec Drivers/STM32L4xx_HAL_Driver/Src/stm32l4xx_hal_i2c.o
                0x00000000080058fc                HAL_I2C_Master_Receive
 .text.I2C_Flush_TXDR
                0x0000000008005ae8       0x48 Drivers/STM32L4xx_HAL_Driver/Src/stm32l4xx_hal_i2c.o
 .text.I2C_WaitOnFlagUntilTimeout
                0x0000000008005b30       0x80 Drivers/STM32L4xx_HAL_Driver/Src/stm32l4xx_hal_i2c.o
 .text.I2C_WaitOnTXISFlagUntilTimeout
                0x0000000008005bb0       0x80 Drivers/STM32L4xx_HAL_Driver/Src/stm32l4xx_hal_i2c.o
 .text.I2C_WaitOnSTOPFlagUntilTimeout
                0x0000000008005c30       0x78 Drivers/STM32L4xx_HAL_Driver/Src/stm32l4xx_hal_i2c.o
 .text.I2C_WaitOnRXNEFlagUntilTimeout
                0x0000000008005ca8       0xd8 Drivers/STM32L4xx_HAL_Driver/Src/stm32l4xx_hal_i2c.o
 .text.I2C_IsAcknowledgeFailed
                0x0000000008005d80       0xcc Drivers/STM32L4xx_HAL_Driver/Src/stm32l4xx_hal_i2c.o
 .text.I2C_TransferConfig
                0x0000000008005e4c       0x5c Drivers/STM32L4xx_HAL_Driver/Src/stm32l4xx_hal_i2c.o
 .text.HAL_I2CEx_ConfigAnalogFilter
                0x0000000008005ea8       0x96 Drivers/STM32L4xx_HAL_Driver/Src/stm32l4xx_hal_i2c_ex.o
                0x0000000008005ea8                HAL_I2CEx_ConfigAnalogFilter
 .text.HAL_I2CEx_ConfigDigitalFilter
                0x0000000008005f3e       0x98 Drivers/STM32L4xx_HAL_Driver/Src/stm32l4xx_hal_i2c_ex.o
                0x0000000008005f3e                HAL_I2CEx_ConfigDigitalFilter
 .text.HAL_PCD_Init
                0x0000000008005fd6      0x224 Drivers/STM32L4xx_HAL_Driver/Src/stm32l4xx_hal_pcd.o
                0x0000000008005fd6                HAL_PCD_Init
 .text.HAL_PCD_Start
                0x00000000080061fa       0x44 Drivers/STM32L4xx_HAL_Driver/Src/stm32l4xx_hal_pcd.o
                0x00000000080061fa                HAL_PCD_Start
 .text.HAL_PCD_IRQHandler
                0x000000000800623e      0x29c Drivers/STM32L4xx_HAL_Driver/Src/stm32l4xx_hal_pcd.o
                0x000000000800623e                HAL_PCD_IRQHandler
 .text.HAL_PCD_SetAddress
                0x00000000080064da       0x4a Drivers/STM32L4xx_HAL_Driver/Src/stm32l4xx_hal_pcd.o
                0x00000000080064da                HAL_PCD_SetAddress
 .text.HAL_PCD_EP_Open
                0x0000000008006524       0xcc Drivers/STM32L4xx_HAL_Driver/Src/stm32l4xx_hal_pcd.o
                0x0000000008006524                HAL_PCD_EP_Open
 .text.HAL_PCD_EP_Close
                0x00000000080065f0       0x90 Drivers/STM32L4xx_HAL_Driver/Src/stm32l4xx_hal_pcd.o
                0x00000000080065f0                HAL_PCD_EP_Close
 .text.HAL_PCD_EP_Receive
                0x0000000008006680       0x7a Drivers/STM32L4xx_HAL_Driver/Src/stm32l4xx_hal_pcd.o
                0x0000000008006680                HAL_PCD_EP_Receive
 .text.HAL_PCD_EP_GetRxCount
                0x00000000080066fa       0x30 Drivers/STM32L4xx_HAL_Driver/Src/stm32l4xx_hal_pcd.o
                0x00000000080066fa                HAL_PCD_EP_GetRxCount
 .text.HAL_PCD_EP_Transmit
                0x000000000800672a       0x86 Drivers/STM32L4xx_HAL_Driver/Src/stm32l4xx_hal_pcd.o
                0x000000000800672a                HAL_PCD_EP_Transmit
 .text.HAL_PCD_EP_SetStall
                0x00000000080067b0       0xc0 Drivers/STM32L4xx_HAL_Driver/Src/stm32l4xx_hal_pcd.o
                0x00000000080067b0                HAL_PCD_EP_SetStall
 .text.HAL_PCD_EP_ClrStall
                0x0000000008006870       0xa8 Drivers/STM32L4xx_HAL_Driver/Src/stm32l4xx_hal_pcd.o
                0x0000000008006870                HAL_PCD_EP_ClrStall
 .text.PCD_EP_ISR_Handler
                0x0000000008006918      0x5ca Drivers/STM32L4xx_HAL_Driver/Src/stm32l4xx_hal_pcd.o
 .text.HAL_PCD_EP_DB_Receive
                0x0000000008006ee2      0x212 Drivers/STM32L4xx_HAL_Driver/Src/stm32l4xx_hal_pcd.o
 .text.HAL_PCD_EP_DB_Transmit
                0x00000000080070f4      0x532 Drivers/STM32L4xx_HAL_Driver/Src/stm32l4xx_hal_pcd.o
 .text.HAL_PCDEx_PMAConfig
                0x0000000008007626       0x86 Drivers/STM32L4xx_HAL_Driver/Src/stm32l4xx_hal_pcd_ex.o
                0x0000000008007626                HAL_PCDEx_PMAConfig
 .text.HAL_PCDEx_ActivateLPM
                0x00000000080076ac       0x54 Drivers/STM32L4xx_HAL_Driver/Src/stm32l4xx_hal_pcd_ex.o
                0x00000000080076ac                HAL_PCDEx_ActivateLPM
 .text.HAL_PWREx_GetVoltageRange
                0x0000000008007700       0x1c Drivers/STM32L4xx_HAL_Driver/Src/stm32l4xx_hal_pwr_ex.o
                0x0000000008007700                HAL_PWREx_GetVoltageRange
 .text.HAL_PWREx_ControlVoltageScaling
                0x000000000800771c       0xac Drivers/STM32L4xx_HAL_Driver/Src/stm32l4xx_hal_pwr_ex.o
                0x000000000800771c                HAL_PWREx_ControlVoltageScaling
 .text.HAL_PWREx_EnableVddUSB
                0x00000000080077c8       0x20 Drivers/STM32L4xx_HAL_Driver/Src/stm32l4xx_hal_pwr_ex.o
                0x00000000080077c8                HAL_PWREx_EnableVddUSB
 .text.HAL_RCC_OscConfig
                0x00000000080077e8      0x8cc Drivers/STM32L4xx_HAL_Driver/Src/stm32l4xx_hal_rcc.o
                0x00000000080077e8                HAL_RCC_OscConfig
 .text.HAL_RCC_ClockConfig
                0x00000000080080b4      0x1c4 Drivers/STM32L4xx_HAL_Driver/Src/stm32l4xx_hal_rcc.o
                0x00000000080080b4                HAL_RCC_ClockConfig
 .text.HAL_RCC_GetSysClockFreq
                0x0000000008008278      0x114 Drivers/STM32L4xx_HAL_Driver/Src/stm32l4xx_hal_rcc.o
                0x0000000008008278                HAL_RCC_GetSysClockFreq
 .text.HAL_RCC_GetHCLKFreq
                0x000000000800838c       0x18 Drivers/STM32L4xx_HAL_Driver/Src/stm32l4xx_hal_rcc.o
                0x000000000800838c                HAL_RCC_GetHCLKFreq
 .text.RCC_SetFlashLatencyFromMSIRange
                0x00000000080083a4       0xc0 Drivers/STM32L4xx_HAL_Driver/Src/stm32l4xx_hal_rcc.o
 .text.HAL_RCCEx_PeriphCLKConfig
                0x0000000008008464      0x30c Drivers/STM32L4xx_HAL_Driver/Src/stm32l4xx_hal_rcc_ex.o
                0x0000000008008464                HAL_RCCEx_PeriphCLKConfig
 .text.HAL_TIM_Base_Init
                0x0000000008008770       0xae Drivers/STM32L4xx_HAL_Driver/Src/stm32l4xx_hal_tim.o
                0x0000000008008770                HAL_TIM_Base_Init
 *fill*         0x000000000800881e        0x2 
 .text.HAL_TIM_Base_Start_IT
                0x0000000008008820       0xa8 Drivers/STM32L4xx_HAL_Driver/Src/stm32l4xx_hal_tim.o
                0x0000000008008820                HAL_TIM_Base_Start_IT
 .text.HAL_TIM_IRQHandler
                0x00000000080088c8      0x23e Drivers/STM32L4xx_HAL_Driver/Src/stm32l4xx_hal_tim.o
                0x00000000080088c8                HAL_TIM_IRQHandler
 .text.HAL_TIM_ConfigClockSource
                0x0000000008008b06      0x172 Drivers/STM32L4xx_HAL_Driver/Src/stm32l4xx_hal_tim.o
                0x0000000008008b06                HAL_TIM_ConfigClockSource
 .text.HAL_TIM_OC_DelayElapsedCallback
                0x0000000008008c78       0x14 Drivers/STM32L4xx_HAL_Driver/Src/stm32l4xx_hal_tim.o
                0x0000000008008c78                HAL_TIM_OC_DelayElapsedCallback
 .text.HAL_TIM_IC_CaptureCallback
                0x0000000008008c8c       0x14 Drivers/STM32L4xx_HAL_Driver/Src/stm32l4xx_hal_tim.o
                0x0000000008008c8c                HAL_TIM_IC_CaptureCallback
 .text.HAL_TIM_PWM_PulseFinishedCallback
                0x0000000008008ca0       0x14 Drivers/STM32L4xx_HAL_Driver/Src/stm32l4xx_hal_tim.o
                0x0000000008008ca0                HAL_TIM_PWM_PulseFinishedCallback
 .text.HAL_TIM_TriggerCallback
                0x0000000008008cb4       0x14 Drivers/STM32L4xx_HAL_Driver/Src/stm32l4xx_hal_tim.o
                0x0000000008008cb4                HAL_TIM_TriggerCallback
 .text.TIM_Base_SetConfig
                0x0000000008008cc8       0xc8 Drivers/STM32L4xx_HAL_Driver/Src/stm32l4xx_hal_tim.o
                0x0000000008008cc8                TIM_Base_SetConfig
 .text.TIM_TI1_ConfigInputStage
                0x0000000008008d90       0x5e Drivers/STM32L4xx_HAL_Driver/Src/stm32l4xx_hal_tim.o
 .text.TIM_TI2_ConfigInputStage
                0x0000000008008dee       0x60 Drivers/STM32L4xx_HAL_Driver/Src/stm32l4xx_hal_tim.o
 .text.TIM_ITRx_SetConfig
                0x0000000008008e4e       0x36 Drivers/STM32L4xx_HAL_Driver/Src/stm32l4xx_hal_tim.o
 .text.TIM_ETR_SetConfig
                0x0000000008008e84       0x40 Drivers/STM32L4xx_HAL_Driver/Src/stm32l4xx_hal_tim.o
                0x0000000008008e84                TIM_ETR_SetConfig
 .text.HAL_TIMEx_MasterConfigSynchronization
                0x0000000008008ec4       0xcc Drivers/STM32L4xx_HAL_Driver/Src/stm32l4xx_hal_tim_ex.o
                0x0000000008008ec4                HAL_TIMEx_MasterConfigSynchronization
 .text.HAL_TIMEx_CommutCallback
                0x0000000008008f90       0x14 Drivers/STM32L4xx_HAL_Driver/Src/stm32l4xx_hal_tim_ex.o
                0x0000000008008f90                HAL_TIMEx_CommutCallback
 .text.HAL_TIMEx_BreakCallback
                0x0000000008008fa4       0x14 Drivers/STM32L4xx_HAL_Driver/Src/stm32l4xx_hal_tim_ex.o
                0x0000000008008fa4                HAL_TIMEx_BreakCallback
 .text.HAL_TIMEx_Break2Callback
                0x0000000008008fb8       0x14 Drivers/STM32L4xx_HAL_Driver/Src/stm32l4xx_hal_tim_ex.o
                0x0000000008008fb8                HAL_TIMEx_Break2Callback
 .text.USB_CoreInit
                0x0000000008008fcc       0x22 Drivers/STM32L4xx_HAL_Driver/Src/stm32l4xx_ll_usb.o
                0x0000000008008fcc                USB_CoreInit
 .text.USB_EnableGlobalInt
                0x0000000008008fee       0x2e Drivers/STM32L4xx_HAL_Driver/Src/stm32l4xx_ll_usb.o
                0x0000000008008fee                USB_EnableGlobalInt
 .text.USB_DisableGlobalInt
                0x000000000800901c       0x36 Drivers/STM32L4xx_HAL_Driver/Src/stm32l4xx_ll_usb.o
                0x000000000800901c                USB_DisableGlobalInt
 .text.USB_SetCurrentMode
                0x0000000008009052       0x1a Drivers/STM32L4xx_HAL_Driver/Src/stm32l4xx_ll_usb.o
                0x0000000008009052                USB_SetCurrentMode
 .text.USB_DevInit
                0x000000000800906c       0x42 Drivers/STM32L4xx_HAL_Driver/Src/stm32l4xx_ll_usb.o
                0x000000000800906c                USB_DevInit
 *fill*         0x00000000080090ae        0x2 
 .text.USB_ActivateEndpoint
                0x00000000080090b0      0x6dc Drivers/STM32L4xx_HAL_Driver/Src/stm32l4xx_ll_usb.o
                0x00000000080090b0                USB_ActivateEndpoint
 .text.USB_DeactivateEndpoint
                0x000000000800978c      0x3da Drivers/STM32L4xx_HAL_Driver/Src/stm32l4xx_ll_usb.o
                0x000000000800978c                USB_DeactivateEndpoint
 .text.USB_EPStartXfer
                0x0000000008009b66     0x125e Drivers/STM32L4xx_HAL_Driver/Src/stm32l4xx_ll_usb.o
                0x0000000008009b66                USB_EPStartXfer
 .text.USB_EPSetStall
                0x000000000800adc4       0xa2 Drivers/STM32L4xx_HAL_Driver/Src/stm32l4xx_ll_usb.o
                0x000000000800adc4                USB_EPSetStall
 .text.USB_EPClearStall
                0x000000000800ae66      0x15c Drivers/STM32L4xx_HAL_Driver/Src/stm32l4xx_ll_usb.o
                0x000000000800ae66                USB_EPClearStall
 .text.USB_SetDevAddress
                0x000000000800afc2       0x28 Drivers/STM32L4xx_HAL_Driver/Src/stm32l4xx_ll_usb.o
                0x000000000800afc2                USB_SetDevAddress
 .text.USB_DevConnect
                0x000000000800afea       0x2e Drivers/STM32L4xx_HAL_Driver/Src/stm32l4xx_ll_usb.o
                0x000000000800afea                USB_DevConnect
 .text.USB_DevDisconnect
                0x000000000800b018       0x2a Drivers/STM32L4xx_HAL_Driver/Src/stm32l4xx_ll_usb.o
                0x000000000800b018                USB_DevDisconnect
 .text.USB_ReadInterrupts
                0x000000000800b042       0x20 Drivers/STM32L4xx_HAL_Driver/Src/stm32l4xx_ll_usb.o
                0x000000000800b042                USB_ReadInterrupts
 .text.USB_EP0_OutStart
                0x000000000800b062       0x18 Drivers/STM32L4xx_HAL_Driver/Src/stm32l4xx_ll_usb.o
                0x000000000800b062                USB_EP0_OutStart
 .text.USB_WritePMA
                0x000000000800b07a       0x82 Drivers/STM32L4xx_HAL_Driver/Src/stm32l4xx_ll_usb.o
                0x000000000800b07a                USB_WritePMA
 .text.USB_ReadPMA
                0x000000000800b0fc       0x98 Drivers/STM32L4xx_HAL_Driver/Src/stm32l4xx_ll_usb.o
                0x000000000800b0fc                USB_ReadPMA
 .text.USBD_CDC_Init
                0x000000000800b194      0x100 Middlewares/ST/STM32_USB_Device_Library/Class/CDC/Src/usbd_cdc.o
 .text.USBD_CDC_DeInit
                0x000000000800b294       0x74 Middlewares/ST/STM32_USB_Device_Library/Class/CDC/Src/usbd_cdc.o
 .text.USBD_CDC_Setup
                0x000000000800b308      0x178 Middlewares/ST/STM32_USB_Device_Library/Class/CDC/Src/usbd_cdc.o
 .text.USBD_CDC_DataIn
                0x000000000800b480       0xca Middlewares/ST/STM32_USB_Device_Library/Class/CDC/Src/usbd_cdc.o
 .text.USBD_CDC_DataOut
                0x000000000800b54a       0x56 Middlewares/ST/STM32_USB_Device_Library/Class/CDC/Src/usbd_cdc.o
 .text.USBD_CDC_EP0_RxReady
                0x000000000800b5a0       0x50 Middlewares/ST/STM32_USB_Device_Library/Class/CDC/Src/usbd_cdc.o
 .text.USBD_CDC_GetFSCfgDesc
                0x000000000800b5f0       0x20 Middlewares/ST/STM32_USB_Device_Library/Class/CDC/Src/usbd_cdc.o
 .text.USBD_CDC_GetHSCfgDesc
                0x000000000800b610       0x20 Middlewares/ST/STM32_USB_Device_Library/Class/CDC/Src/usbd_cdc.o
 .text.USBD_CDC_GetOtherSpeedCfgDesc
                0x000000000800b630       0x20 Middlewares/ST/STM32_USB_Device_Library/Class/CDC/Src/usbd_cdc.o
 .text.USBD_CDC_GetDeviceQualifierDescriptor
                0x000000000800b650       0x20 Middlewares/ST/STM32_USB_Device_Library/Class/CDC/Src/usbd_cdc.o
                0x000000000800b650                USBD_CDC_GetDeviceQualifierDescriptor
 .text.USBD_CDC_RegisterInterface
                0x000000000800b670       0x2a Middlewares/ST/STM32_USB_Device_Library/Class/CDC/Src/usbd_cdc.o
                0x000000000800b670                USBD_CDC_RegisterInterface
 .text.USBD_CDC_SetTxBuffer
                0x000000000800b69a       0x32 Middlewares/ST/STM32_USB_Device_Library/Class/CDC/Src/usbd_cdc.o
                0x000000000800b69a                USBD_CDC_SetTxBuffer
 .text.USBD_CDC_SetRxBuffer
                0x000000000800b6cc       0x28 Middlewares/ST/STM32_USB_Device_Library/Class/CDC/Src/usbd_cdc.o
                0x000000000800b6cc                USBD_CDC_SetRxBuffer
 .text.USBD_CDC_TransmitPacket
                0x000000000800b6f4       0x60 Middlewares/ST/STM32_USB_Device_Library/Class/CDC/Src/usbd_cdc.o
                0x000000000800b6f4                USBD_CDC_TransmitPacket
 .text.USBD_CDC_ReceivePacket
                0x000000000800b754       0x54 Middlewares/ST/STM32_USB_Device_Library/Class/CDC/Src/usbd_cdc.o
                0x000000000800b754                USBD_CDC_ReceivePacket
 .text.USBD_Init
                0x000000000800b7a8       0x60 Middlewares/ST/STM32_USB_Device_Library/Core/Src/usbd_core.o
                0x000000000800b7a8                USBD_Init
 .text.USBD_RegisterClass
                0x000000000800b808       0x4e Middlewares/ST/STM32_USB_Device_Library/Core/Src/usbd_core.o
                0x000000000800b808                USBD_RegisterClass
 .text.USBD_Start
                0x000000000800b856       0x18 Middlewares/ST/STM32_USB_Device_Library/Core/Src/usbd_core.o
                0x000000000800b856                USBD_Start
 .text.USBD_RunTestMode
                0x000000000800b86e       0x16 Middlewares/ST/STM32_USB_Device_Library/Core/Src/usbd_core.o
                0x000000000800b86e                USBD_RunTestMode
 .text.USBD_SetClassConfig
                0x000000000800b884       0x38 Middlewares/ST/STM32_USB_Device_Library/Core/Src/usbd_core.o
                0x000000000800b884                USBD_SetClassConfig
 .text.USBD_ClrClassConfig
                0x000000000800b8bc       0x30 Middlewares/ST/STM32_USB_Device_Library/Core/Src/usbd_core.o
                0x000000000800b8bc                USBD_ClrClassConfig
 .text.USBD_LL_SetupStage
                0x000000000800b8ec       0xa6 Middlewares/ST/STM32_USB_Device_Library/Core/Src/usbd_core.o
                0x000000000800b8ec                USBD_LL_SetupStage
 .text.USBD_LL_DataOutStage
                0x000000000800b992       0xc6 Middlewares/ST/STM32_USB_Device_Library/Core/Src/usbd_core.o
                0x000000000800b992                USBD_LL_DataOutStage
 .text.USBD_LL_DataInStage
                0x000000000800ba58      0x12c Middlewares/ST/STM32_USB_Device_Library/Core/Src/usbd_core.o
                0x000000000800ba58                USBD_LL_DataInStage
 .text.USBD_LL_Reset
                0x000000000800bb84       0x82 Middlewares/ST/STM32_USB_Device_Library/Core/Src/usbd_core.o
                0x000000000800bb84                USBD_LL_Reset
 .text.USBD_LL_SetSpeed
                0x000000000800bc06       0x20 Middlewares/ST/STM32_USB_Device_Library/Core/Src/usbd_core.o
                0x000000000800bc06                USBD_LL_SetSpeed
 .text.USBD_LL_Suspend
                0x000000000800bc26       0x2a Middlewares/ST/STM32_USB_Device_Library/Core/Src/usbd_core.o
                0x000000000800bc26                USBD_LL_Suspend
 .text.USBD_LL_Resume
                0x000000000800bc50       0x2c Middlewares/ST/STM32_USB_Device_Library/Core/Src/usbd_core.o
                0x000000000800bc50                USBD_LL_Resume
 .text.USBD_LL_SOF
                0x000000000800bc7c       0x34 Middlewares/ST/STM32_USB_Device_Library/Core/Src/usbd_core.o
                0x000000000800bc7c                USBD_LL_SOF
 .text.SWAPBYTE
                0x000000000800bcb0       0x3c Middlewares/ST/STM32_USB_Device_Library/Core/Src/usbd_ctlreq.o
 .text.USBD_StdDevReq
                0x000000000800bcec       0xdc Middlewares/ST/STM32_USB_Device_Library/Core/Src/usbd_ctlreq.o
                0x000000000800bcec                USBD_StdDevReq
 .text.USBD_StdItfReq
                0x000000000800bdc8       0x8c Middlewares/ST/STM32_USB_Device_Library/Core/Src/usbd_ctlreq.o
                0x000000000800bdc8                USBD_StdItfReq
 .text.USBD_StdEPReq
                0x000000000800be54      0x2ae Middlewares/ST/STM32_USB_Device_Library/Core/Src/usbd_ctlreq.o
                0x000000000800be54                USBD_StdEPReq
 *fill*         0x000000000800c102        0x2 
 .text.USBD_GetDescriptor
                0x000000000800c104      0x328 Middlewares/ST/STM32_USB_Device_Library/Core/Src/usbd_ctlreq.o
 .text.USBD_SetAddress
                0x000000000800c42c       0x84 Middlewares/ST/STM32_USB_Device_Library/Core/Src/usbd_ctlreq.o
 .text.USBD_SetConfig
                0x000000000800c4b0      0x148 Middlewares/ST/STM32_USB_Device_Library/Core/Src/usbd_ctlreq.o
 .text.USBD_GetConfig
                0x000000000800c5f8       0x68 Middlewares/ST/STM32_USB_Device_Library/Core/Src/usbd_ctlreq.o
 .text.USBD_GetStatus
                0x000000000800c660       0x66 Middlewares/ST/STM32_USB_Device_Library/Core/Src/usbd_ctlreq.o
 .text.USBD_SetFeature
                0x000000000800c6c6       0x28 Middlewares/ST/STM32_USB_Device_Library/Core/Src/usbd_ctlreq.o
 .text.USBD_ClrFeature
                0x000000000800c6ee       0x42 Middlewares/ST/STM32_USB_Device_Library/Core/Src/usbd_ctlreq.o
 .text.USBD_ParseSetupRequest
                0x000000000800c730       0x74 Middlewares/ST/STM32_USB_Device_Library/Core/Src/usbd_ctlreq.o
                0x000000000800c730                USBD_ParseSetupRequest
 .text.USBD_CtlError
                0x000000000800c7a4       0x22 Middlewares/ST/STM32_USB_Device_Library/Core/Src/usbd_ctlreq.o
                0x000000000800c7a4                USBD_CtlError
 .text.USBD_GetString
                0x000000000800c7c6       0x8c Middlewares/ST/STM32_USB_Device_Library/Core/Src/usbd_ctlreq.o
                0x000000000800c7c6                USBD_GetString
 .text.USBD_GetLen
                0x000000000800c852       0x34 Middlewares/ST/STM32_USB_Device_Library/Core/Src/usbd_ctlreq.o
 .text.USBD_CtlSendData
                0x000000000800c886       0x36 Middlewares/ST/STM32_USB_Device_Library/Core/Src/usbd_ioreq.o
                0x000000000800c886                USBD_CtlSendData
 .text.USBD_CtlContinueSendData
                0x000000000800c8bc       0x22 Middlewares/ST/STM32_USB_Device_Library/Core/Src/usbd_ioreq.o
                0x000000000800c8bc                USBD_CtlContinueSendData
 .text.USBD_CtlPrepareRx
                0x000000000800c8de       0x3a Middlewares/ST/STM32_USB_Device_Library/Core/Src/usbd_ioreq.o
                0x000000000800c8de                USBD_CtlPrepareRx
 .text.USBD_CtlContinueRx
                0x000000000800c918       0x22 Middlewares/ST/STM32_USB_Device_Library/Core/Src/usbd_ioreq.o
                0x000000000800c918                USBD_CtlContinueRx
 .text.USBD_CtlSendStatus
                0x000000000800c93a       0x26 Middlewares/ST/STM32_USB_Device_Library/Core/Src/usbd_ioreq.o
                0x000000000800c93a                USBD_CtlSendStatus
 .text.USBD_CtlReceiveStatus
                0x000000000800c960       0x26 Middlewares/ST/STM32_USB_Device_Library/Core/Src/usbd_ioreq.o
                0x000000000800c960                USBD_CtlReceiveStatus
 *fill*         0x000000000800c986        0x2 
 .text.MX_USB_DEVICE_Init
                0x000000000800c988       0x60 USB_DEVICE/App/usb_device.o
                0x000000000800c988                MX_USB_DEVICE_Init
 .text.CDC_Init_FS
                0x000000000800c9e8       0x28 USB_DEVICE/App/usbd_cdc_if.o
 .text.CDC_DeInit_FS
                0x000000000800ca10       0x10 USB_DEVICE/App/usbd_cdc_if.o
 .text.CDC_Control_FS
                0x000000000800ca20       0xbc USB_DEVICE/App/usbd_cdc_if.o
 .text.CDC_Receive_FS
                0x000000000800cadc       0x2c USB_DEVICE/App/usbd_cdc_if.o
 .text.CDC_Transmit_FS
                0x000000000800cb08       0x4c USB_DEVICE/App/usbd_cdc_if.o
                0x000000000800cb08                CDC_Transmit_FS
 .text.CDC_TransmitCplt_FS
                0x000000000800cb54       0x22 USB_DEVICE/App/usbd_cdc_if.o
 *fill*         0x000000000800cb76        0x2 
 .text.USBD_FS_DeviceDescriptor
                0x000000000800cb78       0x24 USB_DEVICE/App/usbd_desc.o
                0x000000000800cb78                USBD_FS_DeviceDescriptor
 .text.USBD_FS_LangIDStrDescriptor
                0x000000000800cb9c       0x24 USB_DEVICE/App/usbd_desc.o
                0x000000000800cb9c                USBD_FS_LangIDStrDescriptor
 .text.USBD_FS_ProductStrDescriptor
                0x000000000800cbc0       0x3c USB_DEVICE/App/usbd_desc.o
                0x000000000800cbc0                USBD_FS_ProductStrDescriptor
 .text.USBD_FS_ManufacturerStrDescriptor
                0x000000000800cbfc       0x28 USB_DEVICE/App/usbd_desc.o
                0x000000000800cbfc                USBD_FS_ManufacturerStrDescriptor
 .text.USBD_FS_SerialStrDescriptor
                0x000000000800cc24       0x24 USB_DEVICE/App/usbd_desc.o
                0x000000000800cc24                USBD_FS_SerialStrDescriptor
 .text.USBD_FS_ConfigStrDescriptor
                0x000000000800cc48       0x3c USB_DEVICE/App/usbd_desc.o
                0x000000000800cc48                USBD_FS_ConfigStrDescriptor
 .text.USBD_FS_InterfaceStrDescriptor
                0x000000000800cc84       0x3c USB_DEVICE/App/usbd_desc.o
                0x000000000800cc84                USBD_FS_InterfaceStrDescriptor
 .text.USBD_FS_USR_BOSDescriptor
                0x000000000800ccc0       0x24 USB_DEVICE/App/usbd_desc.o
                0x000000000800ccc0                USBD_FS_USR_BOSDescriptor
 .text.Get_SerialNum
                0x000000000800cce4       0x58 USB_DEVICE/App/usbd_desc.o
 .text.IntToUnicode
                0x000000000800cd3c       0x7c USB_DEVICE/App/usbd_desc.o
 .text.HAL_PCD_MspInit
                0x000000000800cdb8       0x98 USB_DEVICE/Target/usbd_conf.o
                0x000000000800cdb8                HAL_PCD_MspInit
 .text.HAL_PCD_SetupStageCallback
                0x000000000800ce50       0x24 USB_DEVICE/Target/usbd_conf.o
                0x000000000800ce50                HAL_PCD_SetupStageCallback
 .text.HAL_PCD_DataOutStageCallback
                0x000000000800ce74       0x36 USB_DEVICE/Target/usbd_conf.o
                0x000000000800ce74                HAL_PCD_DataOutStageCallback
 .text.HAL_PCD_DataInStageCallback
                0x000000000800ceaa       0x34 USB_DEVICE/Target/usbd_conf.o
                0x000000000800ceaa                HAL_PCD_DataInStageCallback
 .text.HAL_PCD_SOFCallback
                0x000000000800cede       0x1c USB_DEVICE/Target/usbd_conf.o
                0x000000000800cede                HAL_PCD_SOFCallback
 .text.HAL_PCD_ResetCallback
                0x000000000800cefa       0x3c USB_DEVICE/Target/usbd_conf.o
                0x000000000800cefa                HAL_PCD_ResetCallback
 *fill*         0x000000000800cf36        0x2 
 .text.HAL_PCD_SuspendCallback
                0x000000000800cf38       0x34 USB_DEVICE/Target/usbd_conf.o
                0x000000000800cf38                HAL_PCD_SuspendCallback
 .text.HAL_PCD_ResumeCallback
                0x000000000800cf6c       0x38 USB_DEVICE/Target/usbd_conf.o
                0x000000000800cf6c                HAL_PCD_ResumeCallback
 .text.USBD_LL_Init
                0x000000000800cfa4       0xc4 USB_DEVICE/Target/usbd_conf.o
                0x000000000800cfa4                USBD_LL_Init
 .text.USBD_LL_Start
                0x000000000800d068       0x64 USB_DEVICE/Target/usbd_conf.o
                0x000000000800d068                USBD_LL_Start
 .text.USBD_LL_OpenEP
                0x000000000800d0cc       0x7c USB_DEVICE/Target/usbd_conf.o
                0x000000000800d0cc                USBD_LL_OpenEP
 .text.USBD_LL_CloseEP
                0x000000000800d148       0x6c USB_DEVICE/Target/usbd_conf.o
                0x000000000800d148                USBD_LL_CloseEP
 .text.USBD_LL_StallEP
                0x000000000800d1b4       0x6c USB_DEVICE/Target/usbd_conf.o
                0x000000000800d1b4                USBD_LL_StallEP
 .text.USBD_LL_ClearStallEP
                0x000000000800d220       0x6c USB_DEVICE/Target/usbd_conf.o
                0x000000000800d220                USBD_LL_ClearStallEP
 .text.USBD_LL_IsStallEP
                0x000000000800d28c       0x5a USB_DEVICE/Target/usbd_conf.o
                0x000000000800d28c                USBD_LL_IsStallEP
 *fill*         0x000000000800d2e6        0x2 
 .text.USBD_LL_SetUSBAddress
                0x000000000800d2e8       0x6c USB_DEVICE/Target/usbd_conf.o
                0x000000000800d2e8                USBD_LL_SetUSBAddress
 .text.USBD_LL_Transmit
                0x000000000800d354       0x70 USB_DEVICE/Target/usbd_conf.o
                0x000000000800d354                USBD_LL_Transmit
 .text.USBD_LL_PrepareReceive
                0x000000000800d3c4       0x70 USB_DEVICE/Target/usbd_conf.o
                0x000000000800d3c4                USBD_LL_PrepareReceive
 .text.USBD_LL_GetRxDataSize
                0x000000000800d434       0x26 USB_DEVICE/Target/usbd_conf.o
                0x000000000800d434                USBD_LL_GetRxDataSize
 *fill*         0x000000000800d45a        0x2 
 .text.HAL_PCDEx_LPM_Callback
                0x000000000800d45c       0x6c USB_DEVICE/Target/usbd_conf.o
                0x000000000800d45c                HAL_PCDEx_LPM_Callback
 .text.SystemClockConfig_Resume
                0x000000000800d4c8        0xe USB_DEVICE/Target/usbd_conf.o
 .text._Znwj    0x000000000800d4d6       0x22 c:/st/stm32cubeide_1.3.0/stm32cubeide/plugins/com.st.stm32cube.ide.mcu.externaltools.gnu-tools-for-stm32.7-2018-q2-update.win32_1.4.0.202007081208/tools/bin/../lib/gcc/arm-none-eabi/7.3.1/../../../../arm-none-eabi/lib/thumb/v7e-m/fpv4-sp/hard\libstdc++_nano.a(new_op.o)
                0x000000000800d4d6                operator new(unsigned int)
 .text._ZSt15get_new_handlerv
                0x000000000800d4f8       0x10 c:/st/stm32cubeide_1.3.0/stm32cubeide/plugins/com.st.stm32cube.ide.mcu.externaltools.gnu-tools-for-stm32.7-2018-q2-update.win32_1.4.0.202007081208/tools/bin/../lib/gcc/arm-none-eabi/7.3.1/../../../../arm-none-eabi/lib/thumb/v7e-m/fpv4-sp/hard\libstdc++_nano.a(new_handler.o)
                0x000000000800d4f8                std::get_new_handler()
 .text.abort    0x000000000800d508        0xe c:/st/stm32cubeide_1.3.0/stm32cubeide/plugins/com.st.stm32cube.ide.mcu.externaltools.gnu-tools-for-stm32.7-2018-q2-update.win32_1.4.0.202007081208/tools/bin/../lib/gcc/arm-none-eabi/7.3.1/../../../../arm-none-eabi/lib/thumb/v7e-m/fpv4-sp/hard\libc_nano.a(lib_a-abort.o)
                0x000000000800d508                abort
 *fill*         0x000000000800d516        0x2 
 .text.__errno  0x000000000800d518        0xc c:/st/stm32cubeide_1.3.0/stm32cubeide/plugins/com.st.stm32cube.ide.mcu.externaltools.gnu-tools-for-stm32.7-2018-q2-update.win32_1.4.0.202007081208/tools/bin/../lib/gcc/arm-none-eabi/7.3.1/../../../../arm-none-eabi/lib/thumb/v7e-m/fpv4-sp/hard\libc_nano.a(lib_a-errno.o)
                0x000000000800d518                __errno
 .text.__libc_init_array
                0x000000000800d524       0x48 c:/st/stm32cubeide_1.3.0/stm32cubeide/plugins/com.st.stm32cube.ide.mcu.externaltools.gnu-tools-for-stm32.7-2018-q2-update.win32_1.4.0.202007081208/tools/bin/../lib/gcc/arm-none-eabi/7.3.1/../../../../arm-none-eabi/lib/thumb/v7e-m/fpv4-sp/hard\libc_nano.a(lib_a-init.o)
                0x000000000800d524                __libc_init_array
 .text.malloc   0x000000000800d56c       0x10 c:/st/stm32cubeide_1.3.0/stm32cubeide/plugins/com.st.stm32cube.ide.mcu.externaltools.gnu-tools-for-stm32.7-2018-q2-update.win32_1.4.0.202007081208/tools/bin/../lib/gcc/arm-none-eabi/7.3.1/../../../../arm-none-eabi/lib/thumb/v7e-m/fpv4-sp/hard\libc_nano.a(lib_a-malloc.o)
                0x000000000800d56c                malloc
 .text.free     0x000000000800d57c       0x10 c:/st/stm32cubeide_1.3.0/stm32cubeide/plugins/com.st.stm32cube.ide.mcu.externaltools.gnu-tools-for-stm32.7-2018-q2-update.win32_1.4.0.202007081208/tools/bin/../lib/gcc/arm-none-eabi/7.3.1/../../../../arm-none-eabi/lib/thumb/v7e-m/fpv4-sp/hard\libc_nano.a(lib_a-malloc.o)
                0x000000000800d57c                free
 .text.memset   0x000000000800d58c       0x10 c:/st/stm32cubeide_1.3.0/stm32cubeide/plugins/com.st.stm32cube.ide.mcu.externaltools.gnu-tools-for-stm32.7-2018-q2-update.win32_1.4.0.202007081208/tools/bin/../lib/gcc/arm-none-eabi/7.3.1/../../../../arm-none-eabi/lib/thumb/v7e-m/fpv4-sp/hard\libc_nano.a(lib_a-memset.o)
                0x000000000800d58c                memset
 .text._free_r  0x000000000800d59c       0x9c c:/st/stm32cubeide_1.3.0/stm32cubeide/plugins/com.st.stm32cube.ide.mcu.externaltools.gnu-tools-for-stm32.7-2018-q2-update.win32_1.4.0.202007081208/tools/bin/../lib/gcc/arm-none-eabi/7.3.1/../../../../arm-none-eabi/lib/thumb/v7e-m/fpv4-sp/hard\libc_nano.a(lib_a-nano-freer.o)
                0x000000000800d59c                _free_r
 .text._malloc_r
                0x000000000800d638       0xb4 c:/st/stm32cubeide_1.3.0/stm32cubeide/plugins/com.st.stm32cube.ide.mcu.externaltools.gnu-tools-for-stm32.7-2018-q2-update.win32_1.4.0.202007081208/tools/bin/../lib/gcc/arm-none-eabi/7.3.1/../../../../arm-none-eabi/lib/thumb/v7e-m/fpv4-sp/hard\libc_nano.a(lib_a-nano-mallocr.o)
                0x000000000800d638                _malloc_r
 .text._sbrk_r  0x000000000800d6ec       0x20 c:/st/stm32cubeide_1.3.0/stm32cubeide/plugins/com.st.stm32cube.ide.mcu.externaltools.gnu-tools-for-stm32.7-2018-q2-update.win32_1.4.0.202007081208/tools/bin/../lib/gcc/arm-none-eabi/7.3.1/../../../../arm-none-eabi/lib/thumb/v7e-m/fpv4-sp/hard\libc_nano.a(lib_a-sbrkr.o)
                0x000000000800d6ec                _sbrk_r
 .text._raise_r
                0x000000000800d70c       0x50 c:/st/stm32cubeide_1.3.0/stm32cubeide/plugins/com.st.stm32cube.ide.mcu.externaltools.gnu-tools-for-stm32.7-2018-q2-update.win32_1.4.0.202007081208/tools/bin/../lib/gcc/arm-none-eabi/7.3.1/../../../../arm-none-eabi/lib/thumb/v7e-m/fpv4-sp/hard\libc_nano.a(lib_a-signal.o)
                0x000000000800d70c                _raise_r
 .text.raise    0x000000000800d75c       0x10 c:/st/stm32cubeide_1.3.0/stm32cubeide/plugins/com.st.stm32cube.ide.mcu.externaltools.gnu-tools-for-stm32.7-2018-q2-update.win32_1.4.0.202007081208/tools/bin/../lib/gcc/arm-none-eabi/7.3.1/../../../../arm-none-eabi/lib/thumb/v7e-m/fpv4-sp/hard\libc_nano.a(lib_a-signal.o)
                0x000000000800d75c                raise
 .text._kill_r  0x000000000800d76c       0x24 c:/st/stm32cubeide_1.3.0/stm32cubeide/plugins/com.st.stm32cube.ide.mcu.externaltools.gnu-tools-for-stm32.7-2018-q2-update.win32_1.4.0.202007081208/tools/bin/../lib/gcc/arm-none-eabi/7.3.1/../../../../arm-none-eabi/lib/thumb/v7e-m/fpv4-sp/hard\libc_nano.a(lib_a-signalr.o)
                0x000000000800d76c                _kill_r
 .text._getpid_r
                0x000000000800d790        0x4 c:/st/stm32cubeide_1.3.0/stm32cubeide/plugins/com.st.stm32cube.ide.mcu.externaltools.gnu-tools-for-stm32.7-2018-q2-update.win32_1.4.0.202007081208/tools/bin/../lib/gcc/arm-none-eabi/7.3.1/../../../../arm-none-eabi/lib/thumb/v7e-m/fpv4-sp/hard\libc_nano.a(lib_a-signalr.o)
                0x000000000800d790                _getpid_r
 .text.strncpy  0x000000000800d794       0x2a c:/st/stm32cubeide_1.3.0/stm32cubeide/plugins/com.st.stm32cube.ide.mcu.externaltools.gnu-tools-for-stm32.7-2018-q2-update.win32_1.4.0.202007081208/tools/bin/../lib/gcc/arm-none-eabi/7.3.1/../../../../arm-none-eabi/lib/thumb/v7e-m/fpv4-sp/hard\libc_nano.a(lib_a-strncpy.o)
                0x000000000800d794                strncpy
 .text.__malloc_lock
                0x000000000800d7be        0x2 c:/st/stm32cubeide_1.3.0/stm32cubeide/plugins/com.st.stm32cube.ide.mcu.externaltools.gnu-tools-for-stm32.7-2018-q2-update.win32_1.4.0.202007081208/tools/bin/../lib/gcc/arm-none-eabi/7.3.1/../../../../arm-none-eabi/lib/thumb/v7e-m/fpv4-sp/hard\libc_nano.a(lib_a-mlock.o)
                0x000000000800d7be                __malloc_lock
 .text.__malloc_unlock
                0x000000000800d7c0        0x2 c:/st/stm32cubeide_1.3.0/stm32cubeide/plugins/com.st.stm32cube.ide.mcu.externaltools.gnu-tools-for-stm32.7-2018-q2-update.win32_1.4.0.202007081208/tools/bin/../lib/gcc/arm-none-eabi/7.3.1/../../../../arm-none-eabi/lib/thumb/v7e-m/fpv4-sp/hard\libc_nano.a(lib_a-mlock.o)
                0x000000000800d7c0                __malloc_unlock
 *(.glue_7)
 .glue_7        0x000000000800d7c2        0x0 linker stubs
 *(.glue_7t)
 .glue_7t       0x000000000800d7c2        0x0 linker stubs
 *(.eh_frame)
 *fill*         0x000000000800d7c2        0x2 
 .eh_frame      0x000000000800d7c4        0x0 c:/st/stm32cubeide_1.3.0/stm32cubeide/plugins/com.st.stm32cube.ide.mcu.externaltools.gnu-tools-for-stm32.7-2018-q2-update.win32_1.4.0.202007081208/tools/bin/../lib/gcc/arm-none-eabi/7.3.1/thumb/v7e-m/fpv4-sp/hard/crtbegin.o
 *(.init)
 .init          0x000000000800d7c4        0x4 c:/st/stm32cubeide_1.3.0/stm32cubeide/plugins/com.st.stm32cube.ide.mcu.externaltools.gnu-tools-for-stm32.7-2018-q2-update.win32_1.4.0.202007081208/tools/bin/../lib/gcc/arm-none-eabi/7.3.1/thumb/v7e-m/fpv4-sp/hard/crti.o
                0x000000000800d7c4                _init
 .init          0x000000000800d7c8        0x8 c:/st/stm32cubeide_1.3.0/stm32cubeide/plugins/com.st.stm32cube.ide.mcu.externaltools.gnu-tools-for-stm32.7-2018-q2-update.win32_1.4.0.202007081208/tools/bin/../lib/gcc/arm-none-eabi/7.3.1/thumb/v7e-m/fpv4-sp/hard/crtn.o
 *(.fini)
 .fini          0x000000000800d7d0        0x4 c:/st/stm32cubeide_1.3.0/stm32cubeide/plugins/com.st.stm32cube.ide.mcu.externaltools.gnu-tools-for-stm32.7-2018-q2-update.win32_1.4.0.202007081208/tools/bin/../lib/gcc/arm-none-eabi/7.3.1/thumb/v7e-m/fpv4-sp/hard/crti.o
                0x000000000800d7d0                _fini
 .fini          0x000000000800d7d4        0x8 c:/st/stm32cubeide_1.3.0/stm32cubeide/plugins/com.st.stm32cube.ide.mcu.externaltools.gnu-tools-for-stm32.7-2018-q2-update.win32_1.4.0.202007081208/tools/bin/../lib/gcc/arm-none-eabi/7.3.1/thumb/v7e-m/fpv4-sp/hard/crtn.o
                0x000000000800d7dc                . = ALIGN (0x4)
                0x000000000800d7dc                _etext = .

.vfp11_veneer   0x000000000800d7dc        0x0
 .vfp11_veneer  0x000000000800d7dc        0x0 linker stubs

.v4_bx          0x000000000800d7dc        0x0
 .v4_bx         0x000000000800d7dc        0x0 linker stubs

.iplt           0x000000000800d7dc        0x0
 .iplt          0x000000000800d7dc        0x0 c:/st/stm32cubeide_1.3.0/stm32cubeide/plugins/com.st.stm32cube.ide.mcu.externaltools.gnu-tools-for-stm32.7-2018-q2-update.win32_1.4.0.202007081208/tools/bin/../lib/gcc/arm-none-eabi/7.3.1/thumb/v7e-m/fpv4-sp/hard/crtbegin.o

.rodata         0x000000000800d7dc       0xc8
                0x000000000800d7dc                . = ALIGN (0x4)
 *(.rodata)
 .rodata        0x000000000800d7dc        0xc Core/Src/Screen/BWSettings.o
 .rodata        0x000000000800d7e8        0xd Core/Src/Screen/PWSettings.o
 *fill*         0x000000000800d7f5        0x3 
 .rodata        0x000000000800d7f8        0x5 Core/Src/Screen/TimeScreen.o
 *fill*         0x000000000800d7fd        0x3 
 .rodata        0x000000000800d800        0x9 Core/Src/Screen/Settings/Contrast.o
 *fill*         0x000000000800d809        0x3 
 .rodata        0x000000000800d80c        0x6 Core/Src/Screen/Settings/DateSettings.o
 *fill*         0x000000000800d812        0x2 
 .rodata        0x000000000800d814        0x5 Core/Src/Screen/Settings/TimeSettings.o
 *fill*         0x000000000800d819        0x3 
 .rodata        0x000000000800d81c       0x46 USB_DEVICE/App/usbd_desc.o
 *(.rodata*)
 *fill*         0x000000000800d862        0x2 
 .rodata.AHBPrescTable
                0x000000000800d864       0x10 Core/Src/system_stm32l4xx.o
                0x000000000800d864                AHBPrescTable
 .rodata.MSIRangeTable
                0x000000000800d874       0x30 Core/Src/system_stm32l4xx.o
                0x000000000800d874                MSIRangeTable
                0x000000000800d8a4                . = ALIGN (0x4)

.rel.dyn        0x000000000800d8a4        0x0
 .rel.iplt      0x000000000800d8a4        0x0 c:/st/stm32cubeide_1.3.0/stm32cubeide/plugins/com.st.stm32cube.ide.mcu.externaltools.gnu-tools-for-stm32.7-2018-q2-update.win32_1.4.0.202007081208/tools/bin/../lib/gcc/arm-none-eabi/7.3.1/thumb/v7e-m/fpv4-sp/hard/crtbegin.o

.ARM.extab      0x000000000800d8a4        0x0
                0x000000000800d8a4                . = ALIGN (0x4)
 *(.ARM.extab* .gnu.linkonce.armextab.*)
                0x000000000800d8a4                . = ALIGN (0x4)

.ARM            0x000000000800d8a4        0x0
                0x000000000800d8a4                . = ALIGN (0x4)
                0x000000000800d8a4                __exidx_start = .
 *(.ARM.exidx*)
                0x000000000800d8a4                __exidx_end = .
                0x000000000800d8a4                . = ALIGN (0x4)

.preinit_array  0x000000000800d8a4        0x0
                0x000000000800d8a4                . = ALIGN (0x4)
                0x000000000800d8a4                PROVIDE (__preinit_array_start = .)
 *(.preinit_array*)
                0x000000000800d8a4                PROVIDE (__preinit_array_end = .)
                0x000000000800d8a4                . = ALIGN (0x4)

.init_array     0x000000000800d8a4       0x10
                0x000000000800d8a4                . = ALIGN (0x4)
                0x000000000800d8a4                PROVIDE (__init_array_start = .)
 *(SORT_BY_NAME(.init_array.*))
 *(.init_array*)
 .init_array    0x000000000800d8a4        0x4 c:/st/stm32cubeide_1.3.0/stm32cubeide/plugins/com.st.stm32cube.ide.mcu.externaltools.gnu-tools-for-stm32.7-2018-q2-update.win32_1.4.0.202007081208/tools/bin/../lib/gcc/arm-none-eabi/7.3.1/thumb/v7e-m/fpv4-sp/hard/crtbegin.o
 .init_array    0x000000000800d8a8        0x4 Core/Src/AppMain.o
 .init_array    0x000000000800d8ac        0x4 Core/Src/main.o
 .init_array    0x000000000800d8b0        0x4 Core/Src/Screen/ScreenControl.o
                0x000000000800d8b4                PROVIDE (__init_array_end = .)
                0x000000000800d8b4                . = ALIGN (0x4)

.fini_array     0x000000000800d8b4        0x4
                0x000000000800d8b4                . = ALIGN (0x4)
                [!provide]                        PROVIDE (__fini_array_start = .)
 *(SORT_BY_NAME(.fini_array.*))
 *(.fini_array*)
 .fini_array    0x000000000800d8b4        0x4 c:/st/stm32cubeide_1.3.0/stm32cubeide/plugins/com.st.stm32cube.ide.mcu.externaltools.gnu-tools-for-stm32.7-2018-q2-update.win32_1.4.0.202007081208/tools/bin/../lib/gcc/arm-none-eabi/7.3.1/thumb/v7e-m/fpv4-sp/hard/crtbegin.o
                [!provide]                        PROVIDE (__fini_array_end = .)
                0x000000000800d8b8                . = ALIGN (0x4)
                0x000000000800d8b8                _sidata = LOADADDR (.data)

.data           0x0000000020000000      0x1f4 load address 0x000000000800d8b8
                0x0000000020000000                . = ALIGN (0x4)
                0x0000000020000000                _sdata = .
 *(.data)
 *(.data*)
 .data.SystemCoreClock
                0x0000000020000000        0x4 Core/Src/system_stm32l4xx.o
                0x0000000020000000                SystemCoreClock
 .data.uwTickPrio
                0x0000000020000004        0x4 Drivers/STM32L4xx_HAL_Driver/Src/stm32l4xx_hal.o
                0x0000000020000004                uwTickPrio
 .data.uwTickFreq
                0x0000000020000008        0x1 Drivers/STM32L4xx_HAL_Driver/Src/stm32l4xx_hal.o
                0x0000000020000008                uwTickFreq
 *fill*         0x0000000020000009        0x3 
 .data.USBD_CDC_DeviceQualifierDesc
                0x000000002000000c        0xa Middlewares/ST/STM32_USB_Device_Library/Class/CDC/Src/usbd_cdc.o
 *fill*         0x0000000020000016        0x2 
 .data.USBD_CDC
                0x0000000020000018       0x38 Middlewares/ST/STM32_USB_Device_Library/Class/CDC/Src/usbd_cdc.o
                0x0000000020000018                USBD_CDC
 .data.USBD_CDC_CfgHSDesc
                0x0000000020000050       0x43 Middlewares/ST/STM32_USB_Device_Library/Class/CDC/Src/usbd_cdc.o
 *fill*         0x0000000020000093        0x1 
 .data.USBD_CDC_CfgFSDesc
                0x0000000020000094       0x43 Middlewares/ST/STM32_USB_Device_Library/Class/CDC/Src/usbd_cdc.o
 *fill*         0x00000000200000d7        0x1 
 .data.USBD_CDC_OtherSpeedCfgDesc
                0x00000000200000d8       0x43 Middlewares/ST/STM32_USB_Device_Library/Class/CDC/Src/usbd_cdc.o
 *fill*         0x000000002000011b        0x1 
 .data.USBD_Interface_fops_FS
                0x000000002000011c       0x14 USB_DEVICE/App/usbd_cdc_if.o
                0x000000002000011c                USBD_Interface_fops_FS
 .data.FS_Desc  0x0000000020000130       0x20 USB_DEVICE/App/usbd_desc.o
                0x0000000020000130                FS_Desc
 .data.USBD_FS_DeviceDesc
                0x0000000020000150       0x12 USB_DEVICE/App/usbd_desc.o
                0x0000000020000150                USBD_FS_DeviceDesc
 *fill*         0x0000000020000162        0x2 
 .data.USBD_FS_BOSDesc
                0x0000000020000164        0xc USB_DEVICE/App/usbd_desc.o
                0x0000000020000164                USBD_FS_BOSDesc
 .data.USBD_LangIDDesc
                0x0000000020000170        0x4 USB_DEVICE/App/usbd_desc.o
                0x0000000020000170                USBD_LangIDDesc
 .data.USBD_StringSerial
                0x0000000020000174       0x1a USB_DEVICE/App/usbd_desc.o
                0x0000000020000174                USBD_StringSerial
 *fill*         0x000000002000018e        0x2 
 .data._impure_ptr
                0x0000000020000190        0x4 c:/st/stm32cubeide_1.3.0/stm32cubeide/plugins/com.st.stm32cube.ide.mcu.externaltools.gnu-tools-for-stm32.7-2018-q2-update.win32_1.4.0.202007081208/tools/bin/../lib/gcc/arm-none-eabi/7.3.1/../../../../arm-none-eabi/lib/thumb/v7e-m/fpv4-sp/hard\libc_nano.a(lib_a-impure.o)
                0x0000000020000190                _impure_ptr
 .data.impure_data
                0x0000000020000194       0x60 c:/st/stm32cubeide_1.3.0/stm32cubeide/plugins/com.st.stm32cube.ide.mcu.externaltools.gnu-tools-for-stm32.7-2018-q2-update.win32_1.4.0.202007081208/tools/bin/../lib/gcc/arm-none-eabi/7.3.1/../../../../arm-none-eabi/lib/thumb/v7e-m/fpv4-sp/hard\libc_nano.a(lib_a-impure.o)
                0x00000000200001f4                . = ALIGN (0x4)
                0x00000000200001f4                _edata = .

.igot.plt       0x00000000200001f4        0x0 load address 0x000000000800daac
 .igot.plt      0x00000000200001f4        0x0 c:/st/stm32cubeide_1.3.0/stm32cubeide/plugins/com.st.stm32cube.ide.mcu.externaltools.gnu-tools-for-stm32.7-2018-q2-update.win32_1.4.0.202007081208/tools/bin/../lib/gcc/arm-none-eabi/7.3.1/thumb/v7e-m/fpv4-sp/hard/crtbegin.o
                0x00000000200001f4                . = ALIGN (0x4)

.bss            0x00000000200001f4      0xdcc load address 0x000000000800daac
                0x00000000200001f4                _sbss = .
                0x00000000200001f4                __bss_start__ = _sbss
 *(.bss)
 .bss           0x00000000200001f4       0x1c c:/st/stm32cubeide_1.3.0/stm32cubeide/plugins/com.st.stm32cube.ide.mcu.externaltools.gnu-tools-for-stm32.7-2018-q2-update.win32_1.4.0.202007081208/tools/bin/../lib/gcc/arm-none-eabi/7.3.1/thumb/v7e-m/fpv4-sp/hard/crtbegin.o
 *(.bss*)
 .bss.lcSettings1
                0x0000000020000210       0x10 Core/Src/AppMain.o
                0x0000000020000210                lcSettings1
 .bss.lcSettings2
                0x0000000020000220       0x10 Core/Src/AppMain.o
                0x0000000020000220                lcSettings2
 .bss.model     0x0000000020000230       0x40 Core/Src/AppMain.o
                0x0000000020000230                model
 .bss.loadCell1
                0x0000000020000270       0x14 Core/Src/AppMain.o
                0x0000000020000270                loadCell1
 .bss.loadCell2
                0x0000000020000284       0x14 Core/Src/AppMain.o
                0x0000000020000284                loadCell2
 .bss.contrast  0x0000000020000298        0x1 Core/Src/AppMain.o
                0x0000000020000298                contrast
 *fill*         0x0000000020000299        0x3 
 .bss.screenControl
                0x000000002000029c        0xc Core/Src/AppMain.o
                0x000000002000029c                screenControl
 .bss.buttonControl
                0x00000000200002a8       0x10 Core/Src/AppMain.o
                0x00000000200002a8                buttonControl
 .bss.logBook   0x00000000200002b8        0xc Core/Src/AppMain.o
                0x00000000200002b8                logBook
 .bss.time      0x00000000200002c4        0x8 Core/Src/AppMain.o
                0x00000000200002c4                time
 .bss.init      0x00000000200002cc        0x1 Core/Src/AppMain.o
                0x00000000200002cc                init
 .bss.initCounter
                0x00000000200002cd        0x1 Core/Src/AppMain.o
                0x00000000200002cd                initCounter
 *fill*         0x00000000200002ce        0x2 
 .bss.appMain   0x00000000200002d0        0x8 Core/Src/main.o
                0x00000000200002d0                appMain
 .bss.timeCounter
                0x00000000200002d8        0x1 Core/Src/main.o
                0x00000000200002d8                timeCounter
 *fill*         0x00000000200002d9        0x3 
 .bss.__sbrk_heap_end
                0x00000000200002dc        0x4 Core/Src/sysmem.o
 .bss._ZZN3Log15getLogBookEntryEmE8rxBuffer
                0x00000000200002e0        0x3 Core/Src/Log/Log.o
 *fill*         0x00000000200002e3        0x1 
 .bss._ZZN3Log15getLogBookEntryEmE8rxBuffer_0
                0x00000000200002e4       0x10 Core/Src/Log/Log.o
 .bss._ZZN5Tools14intToAsciiCharElhE1d
                0x00000000200002f4        0x5 Core/Src/Model/Tools.o
 *fill*         0x00000000200002f9        0x3 
 .bss._ZZN5Tools14intToAsciiCharElhE6result
                0x00000000200002fc        0x6 Core/Src/Model/Tools.o
 *fill*         0x0000000020000302        0x2 
 .bss._ZZN5Tools11byteToAsciiEhE6result
                0x0000000020000304        0x3 Core/Src/Model/Tools.o
 .bss._ZL4init  0x0000000020000307        0x1 Core/Src/Model/Tools.o
 .bss._ZZN10BWSettings16prizeToCharArrayEmE6result
                0x0000000020000308        0xc Core/Src/Screen/BWSettings.o
 .bss.weightStableCounter
                0x0000000020000314        0x1 Core/Src/Screen/MainScreen.o