gthr-default.h:229:1:int __gthread_key_delete(__gthread_key_t)	16	static
Model.cpp:10:1:Model::Model()	16	static
Model.cpp:61:9:uint8_t Model::getDay() const	16	static
Model.cpp:65:6:void Model::setDay(uint8_t)	16	static
Model.cpp:69:9:uint8_t Model::getDayOfWeek() const	16	static
Model.cpp:73:6:void Model::setDayOfWeek(uint8_t)	16	static
Model.cpp:77:9:uint8_t Model::getHour() const	16	static
Model.cpp:81:6:void Model::setHour(uint8_t)	16	static
Model.cpp:85:9:int32_t Model::getLoadCell1() const	16	static
Model.cpp:89:6:void Model::setLoadCell1(int32_t)	16	static
Model.cpp:93:9:int32_t Model::getLoadCell2() const	16	static
Model.cpp:97:6:void Model::setLoadCell2(int32_t)	16	static
Model.cpp:101:9:uint8_t Model::getMinute() const	16	static
Model.cpp:105:6:void Model::setMinute(uint8_t)	16	static
Model.cpp:109:9:uint8_t Model::getMonth() const	16	static
Model.cpp:113:6:void Model::setMonth(uint8_t)	16	static
Model.cpp:117:9:uint8_t Model::getSeconds() const	16	static
Model.cpp:121:6:void Model::setSeconds(uint8_t)	16	static
Model.cpp:125:9:int16_t Model::getWeight() const	16	static
Model.cpp:129:6:void Model::setWeight(int16_t)	16	static
Model.cpp:133:9:uint8_t Model::getYear() const	16	static
Model.cpp:137:6:void Model::setYear(uint8_t)	16	static
Model.cpp:141:6:bool Model::isT1Long() const	16	static
Model.cpp:145:6:void Model::setT1Long(bool)	16	static
Model.cpp:149:6:bool Model::isT1Short() const	16	static
Model.cpp:153:6:void Model::setT1Short(bool)	16	static
Model.cpp:157:6:bool Model::isT2Long() const	16	static
Model.cpp:161:6:void Model::setT2Long(bool)	16	static
Model.cpp:165:6:bool Model::isT2Short() const	16	static
Model.cpp:169:6:void Model::setT2Short(bool)	16	static
Model.cpp:173:6:bool Model::isT3Long() const	16	static
Model.cpp:177:6:void Model::setT3Long(bool)	16	static
Model.cpp:181:6:bool Model::isT3Short() const	16	static
Model.cpp:185:6:void Model::setT3Short(bool)	16	static
Model.cpp:189:6:bool Model::isT4Long() const	16	static
Model.cpp:193:6:void Model::setT4Long(bool)	16	static
Model.cpp:197:6:bool Model::isT4Short() const	16	static
Model.cpp:201:6:void Model::setT4Short(bool)	16	static
Model.cpp:205:6:bool Model::isT5Long() const	16	static
Model.cpp:209:6:void Model::setT5Long(bool)	16	static
Model.cpp:213:6:bool Model::isT5Short() const	16	static
Model.cpp:217:6:void Model::setT5Short(bool)	16	static
Model.cpp:221:7:float Model::getLoadCellGradient1() const	16	static
Model.cpp:228:6:void Model::setLoadCellGradient1(float)	16	static
Model.cpp:232:7:float Model::getLoadCellGradient2() const	16	static
Model.cpp:239:6:void Model::setLoadCellGradient2(float)	16	static
Model.cpp:243:9:int32_t Model::getLoadCellOffset1() const	16	static
Model.cpp:247:6:void Model::setLoadCellOffset1(int32_t)	16	static
Model.cpp:251:9:int32_t Model::getLoadCellOffset2() const	16	static
Model.cpp:255:7:float Model::getBienenwachsPreis() const	16	static
Model.cpp:259:6:void Model::setBienenwachsPreis(float)	16	static
Model.cpp:263:7:float Model::getParafinwachsPreis() const	16	static
Model.cpp:267:6:void Model::setParafinwachsPreis(float)	16	static
Model.cpp:271:15:Model::EWACHS Model::getWachstyp() const	16	static
Model.cpp:275:6:void Model::setWachstyp(Model::EWACHS)	16	static
Model.cpp:294:6:void Model::setLoadCellOffset2(int32_t)	16	static
