Archive member included to satisfy reference by file (symbol)

c:/st/stm32cubeide_1.3.0/stm32cubeide/plugins/com.st.stm32cube.ide.mcu.externaltools.gnu-tools-for-stm32.7-2018-q2-update.win32_1.4.0.202007081208/tools/bin/../lib/gcc/arm-none-eabi/7.3.1/../../../../arm-none-eabi/lib/thumb/v7e-m/fpv4-sp/hard\libc_nano.a(lib_a-errno.o)
                              Core/Src/syscalls.o (__errno)
c:/st/stm32cubeide_1.3.0/stm32cubeide/plugins/com.st.stm32cube.ide.mcu.externaltools.gnu-tools-for-stm32.7-2018-q2-update.win32_1.4.0.202007081208/tools/bin/../lib/gcc/arm-none-eabi/7.3.1/../../../../arm-none-eabi/lib/thumb/v7e-m/fpv4-sp/hard\libc_nano.a(lib_a-exit.o)
                              c:/st/stm32cubeide_1.3.0/stm32cubeide/plugins/com.st.stm32cube.ide.mcu.externaltools.gnu-tools-for-stm32.7-2018-q2-update.win32_1.4.0.202007081208/tools/bin/../lib/gcc/arm-none-eabi/7.3.1/../../../../arm-none-eabi/lib/thumb/v7e-m/fpv4-sp/hard/crt0.o (exit)
c:/st/stm32cubeide_1.3.0/stm32cubeide/plugins/com.st.stm32cube.ide.mcu.externaltools.gnu-tools-for-stm32.7-2018-q2-update.win32_1.4.0.202007081208/tools/bin/../lib/gcc/arm-none-eabi/7.3.1/../../../../arm-none-eabi/lib/thumb/v7e-m/fpv4-sp/hard\libc_nano.a(lib_a-impure.o)
                              c:/st/stm32cubeide_1.3.0/stm32cubeide/plugins/com.st.stm32cube.ide.mcu.externaltools.gnu-tools-for-stm32.7-2018-q2-update.win32_1.4.0.202007081208/tools/bin/../lib/gcc/arm-none-eabi/7.3.1/../../../../arm-none-eabi/lib/thumb/v7e-m/fpv4-sp/hard\libc_nano.a(lib_a-exit.o) (_global_impure_ptr)
c:/st/stm32cubeide_1.3.0/stm32cubeide/plugins/com.st.stm32cube.ide.mcu.externaltools.gnu-tools-for-stm32.7-2018-q2-update.win32_1.4.0.202007081208/tools/bin/../lib/gcc/arm-none-eabi/7.3.1/../../../../arm-none-eabi/lib/thumb/v7e-m/fpv4-sp/hard\libc_nano.a(lib_a-init.o)
                              c:/st/stm32cubeide_1.3.0/stm32cubeide/plugins/com.st.stm32cube.ide.mcu.externaltools.gnu-tools-for-stm32.7-2018-q2-update.win32_1.4.0.202007081208/tools/bin/../lib/gcc/arm-none-eabi/7.3.1/../../../../arm-none-eabi/lib/thumb/v7e-m/fpv4-sp/hard/crt0.o (__libc_init_array)
c:/st/stm32cubeide_1.3.0/stm32cubeide/plugins/com.st.stm32cube.ide.mcu.externaltools.gnu-tools-for-stm32.7-2018-q2-update.win32_1.4.0.202007081208/tools/bin/../lib/gcc/arm-none-eabi/7.3.1/../../../../arm-none-eabi/lib/thumb/v7e-m/fpv4-sp/hard\libc_nano.a(lib_a-memset.o)
                              c:/st/stm32cubeide_1.3.0/stm32cubeide/plugins/com.st.stm32cube.ide.mcu.externaltools.gnu-tools-for-stm32.7-2018-q2-update.win32_1.4.0.202007081208/tools/bin/../lib/gcc/arm-none-eabi/7.3.1/../../../../arm-none-eabi/lib/thumb/v7e-m/fpv4-sp/hard/crt0.o (memset)

Allocating common symbols
Common symbol       size              file

uwTick              0x4               Drivers/STM32F3xx_HAL_Driver/Src/stm32f3xx_hal.o
pFlash              0x20              Drivers/STM32F3xx_HAL_Driver/Src/stm32f3xx_hal_flash.o
huart2              0x80              Core/Src/main.o

Discarded input sections

 .text          0x0000000000000000        0x0 c:/st/stm32cubeide_1.3.0/stm32cubeide/plugins/com.st.stm32cube.ide.mcu.externaltools.gnu-tools-for-stm32.7-2018-q2-update.win32_1.4.0.202007081208/tools/bin/../lib/gcc/arm-none-eabi/7.3.1/thumb/v7e-m/fpv4-sp/hard/crti.o
 .data          0x0000000000000000        0x0 c:/st/stm32cubeide_1.3.0/stm32cubeide/plugins/com.st.stm32cube.ide.mcu.externaltools.gnu-tools-for-stm32.7-2018-q2-update.win32_1.4.0.202007081208/tools/bin/../lib/gcc/arm-none-eabi/7.3.1/thumb/v7e-m/fpv4-sp/hard/crti.o
 .bss           0x0000000000000000        0x0 c:/st/stm32cubeide_1.3.0/stm32cubeide/plugins/com.st.stm32cube.ide.mcu.externaltools.gnu-tools-for-stm32.7-2018-q2-update.win32_1.4.0.202007081208/tools/bin/../lib/gcc/arm-none-eabi/7.3.1/thumb/v7e-m/fpv4-sp/hard/crti.o
 .data          0x0000000000000000        0x4 c:/st/stm32cubeide_1.3.0/stm32cubeide/plugins/com.st.stm32cube.ide.mcu.externaltools.gnu-tools-for-stm32.7-2018-q2-update.win32_1.4.0.202007081208/tools/bin/../lib/gcc/arm-none-eabi/7.3.1/thumb/v7e-m/fpv4-sp/hard/crtbegin.o
 .text          0x0000000000000000       0x74 c:/st/stm32cubeide_1.3.0/stm32cubeide/plugins/com.st.stm32cube.ide.mcu.externaltools.gnu-tools-for-stm32.7-2018-q2-update.win32_1.4.0.202007081208/tools/bin/../lib/gcc/arm-none-eabi/7.3.1/../../../../arm-none-eabi/lib/thumb/v7e-m/fpv4-sp/hard/crt0.o
 .data          0x0000000000000000        0x0 c:/st/stm32cubeide_1.3.0/stm32cubeide/plugins/com.st.stm32cube.ide.mcu.externaltools.gnu-tools-for-stm32.7-2018-q2-update.win32_1.4.0.202007081208/tools/bin/../lib/gcc/arm-none-eabi/7.3.1/../../../../arm-none-eabi/lib/thumb/v7e-m/fpv4-sp/hard/crt0.o
 .bss           0x0000000000000000        0x0 c:/st/stm32cubeide_1.3.0/stm32cubeide/plugins/com.st.stm32cube.ide.mcu.externaltools.gnu-tools-for-stm32.7-2018-q2-update.win32_1.4.0.202007081208/tools/bin/../lib/gcc/arm-none-eabi/7.3.1/../../../../arm-none-eabi/lib/thumb/v7e-m/fpv4-sp/hard/crt0.o
[...]
Memory Configuration

Name             Origin             Length             Attributes
CCMRAM           0x0000000010000000 0x0000000000001000 xrw
RAM              0x0000000020000000 0x0000000000003000 xrw
FLASH            0x0000000008000000 0x0000000000010000 xr
*default*        0x0000000000000000 0xffffffffffffffff

Linker script and memory map

LOAD c:/st/stm32cubeide_1.3.0/stm32cubeide/plugins/com.st.stm32cube.ide.mcu.externaltools.gnu-tools-for-stm32.7-2018-q2-update.win32_1.4.0.202007081208/tools/bin/../lib/gcc/arm-none-eabi/7.3.1/thumb/v7e-m/fpv4-sp/hard/crti.o
LOAD c:/st/stm32cubeide_1.3.0/stm32cubeide/plugins/com.st.stm32cube.ide.mcu.externaltools.gnu-tools-for-stm32.7-2018-q2-update.win32_1.4.0.202007081208/tools/bin/../lib/gcc/arm-none-eabi/7.3.1/thumb/v7e-m/fpv4-sp/hard/crtbegin.o
LOAD c:/st/stm32cubeide_1.3.0/stm32cubeide/plugins/com.st.stm32cube.ide.mcu.externaltools.gnu-tools-for-stm32.7-2018-q2-update.win32_1.4.0.202007081208/tools/bin/../lib/gcc/arm-none-eabi/7.3.1/../../../../arm-none-eabi/lib/thumb/v7e-m/fpv4-sp/hard/crt0.o
LOAD Core/Src/HX711/HX711.o
LOAD Core/Src/main.o
LOAD Core/Src/stm32f3xx_hal_msp.o
LOAD Core/Src/stm32f3xx_it.o
LOAD Core/Src/syscalls.o
LOAD Core/Src/sysmem.o
LOAD Core/Src/system_stm32f3xx.o
LOAD Core/Startup/startup_stm32f303k8tx.o
LOAD Drivers/STM32F3xx_HAL_Driver/Src/stm32f3xx_hal.o
LOAD Drivers/STM32F3xx_HAL_Driver/Src/stm32f3xx_hal_cortex.o
LOAD Drivers/STM32F3xx_HAL_Driver/Src/stm32f3xx_hal_dma.o
LOAD Drivers/STM32F3xx_HAL_Driver/Src/stm32f3xx_hal_exti.o
LOAD Drivers/STM32F3xx_HAL_Driver/Src/stm32f3xx_hal_flash.o
LOAD Drivers/STM32F3xx_HAL_Driver/Src/stm32f3xx_hal_flash_ex.o
LOAD Drivers/STM32F3xx_HAL_Driver/Src/stm32f3xx_hal_gpio.o
LOAD Drivers/STM32F3xx_HAL_Driver/Src/stm32f3xx_hal_i2c.o
LOAD Drivers/STM32F3xx_HAL_Driver/Src/stm32f3xx_hal_i2c_ex.o
LOAD Drivers/STM32F3xx_HAL_Driver/Src/stm32f3xx_hal_pwr.o
LOAD Drivers/STM32F3xx_HAL_Driver/Src/stm32f3xx_hal_pwr_ex.o
LOAD Drivers/STM32F3xx_HAL_Driver/Src/stm32f3xx_hal_rcc.o
LOAD Drivers/STM32F3xx_HAL_Driver/Src/stm32f3xx_hal_rcc_ex.o
LOAD Drivers/STM32F3xx_HAL_Driver/Src/stm32f3xx_hal_tim.o
LOAD Drivers/STM32F3xx_HAL_Driver/Src/stm32f3xx_hal_tim_ex.o
LOAD Drivers/STM32F3xx_HAL_Driver/Src/stm32f3xx_hal_uart.o
LOAD Drivers/STM32F3xx_HAL_Driver/Src/stm32f3xx_hal_uart_ex.o
START GROUP
LOAD c:/st/stm32cubeide_1.3.0/stm32cubeide/plugins/com.st.stm32cube.ide.mcu.externaltools.gnu-tools-for-stm32.7-2018-q2-update.win32_1.4.0.202007081208/tools/bin/../lib/gcc/arm-none-eabi/7.3.1/../../../../arm-none-eabi/lib/thumb/v7e-m/fpv4-sp/hard\libc_nano.a
LOAD c:/st/stm32cubeide_1.3.0/stm32cubeide/plugins/com.st.stm32cube.ide.mcu.externaltools.gnu-tools-for-stm32.7-2018-q2-update.win32_1.4.0.202007081208/tools/bin/../lib/gcc/arm-none-eabi/7.3.1/../../../../arm-none-eabi/lib/thumb/v7e-m/fpv4-sp/hard\libm.a
END GROUP
START GROUP
LOAD c:/st/stm32cubeide_1.3.0/stm32cubeide/plugins/com.st.stm32cube.ide.mcu.externaltools.gnu-tools-for-stm32.7-2018-q2-update.win32_1.4.0.202007081208/tools/bin/../lib/gcc/arm-none-eabi/7.3.1/thumb/v7e-m/fpv4-sp/hard\libgcc.a
LOAD c:/st/stm32cubeide_1.3.0/stm32cubeide/plugins/com.st.stm32cube.ide.mcu.externaltools.gnu-tools-for-stm32.7-2018-q2-update.win32_1.4.0.202007081208/tools/bin/../lib/gcc/arm-none-eabi/7.3.1/../../../../arm-none-eabi/lib/thumb/v7e-m/fpv4-sp/hard\libc_nano.a
END GROUP
START GROUP
LOAD c:/st/stm32cubeide_1.3.0/stm32cubeide/plugins/com.st.stm32cube.ide.mcu.externaltools.gnu-tools-for-stm32.7-2018-q2-update.win32_1.4.0.202007081208/tools/bin/../lib/gcc/arm-none-eabi/7.3.1/thumb/v7e-m/fpv4-sp/hard\libgcc.a
LOAD c:/st/stm32cubeide_1.3.0/stm32cubeide/plugins/com.st.stm32cube.ide.mcu.externaltools.gnu-tools-for-stm32.7-2018-q2-update.win32_1.4.0.202007081208/tools/bin/../lib/gcc/arm-none-eabi/7.3.1/../../../../arm-none-eabi/lib/thumb/v7e-m/fpv4-sp/hard\libc_nano.a
LOAD c:/st/stm32cubeide_1.3.0/stm32cubeide/plugins/com.st.stm32cube.ide.mcu.externaltools.gnu-tools-for-stm32.7-2018-q2-update.win32_1.4.0.202007081208/tools/bin/../lib/gcc/arm-none-eabi/7.3.1/../../../../arm-none-eabi/lib/thumb/v7e-m/fpv4-sp/hard\libnosys.a
END GROUP
START GROUP
LOAD c:/st/stm32cubeide_1.3.0/stm32cubeide/plugins/com.st.stm32cube.ide.mcu.externaltools.gnu-tools-for-stm32.7-2018-q2-update.win32_1.4.0.202007081208/tools/bin/../lib/gcc/arm-none-eabi/7.3.1/thumb/v7e-m/fpv4-sp/hard\libgcc.a
LOAD c:/st/stm32cubeide_1.3.0/stm32cubeide/plugins/com.st.stm32cube.ide.mcu.externaltools.gnu-tools-for-stm32.7-2018-q2-update.win32_1.4.0.202007081208/tools/bin/../lib/gcc/arm-none-eabi/7.3.1/../../../../arm-none-eabi/lib/thumb/v7e-m/fpv4-sp/hard\libc_nano.a
LOAD c:/st/stm32cubeide_1.3.0/stm32cubeide/plugins/com.st.stm32cube.ide.mcu.externaltools.gnu-tools-for-stm32.7-2018-q2-update.win32_1.4.0.202007081208/tools/bin/../lib/gcc/arm-none-eabi/7.3.1/../../../../arm-none-eabi/lib/thumb/v7e-m/fpv4-sp/hard\libnosys.a
END GROUP
LOAD c:/st/stm32cubeide_1.3.0/stm32cubeide/plugins/com.st.stm32cube.ide.mcu.externaltools.gnu-tools-for-stm32.7-2018-q2-update.win32_1.4.0.202007081208/tools/bin/../lib/gcc/arm-none-eabi/7.3.1/thumb/v7e-m/fpv4-sp/hard/crtend.o
LOAD c:/st/stm32cubeide_1.3.0/stm32cubeide/plugins/com.st.stm32cube.ide.mcu.externaltools.gnu-tools-for-stm32.7-2018-q2-update.win32_1.4.0.202007081208/tools/bin/../lib/gcc/arm-none-eabi/7.3.1/thumb/v7e-m/fpv4-sp/hard/crtn.o
                0x0000000020003000                _estack = (ORIGIN (RAM) + LENGTH (RAM))
                0x0000000000000200                _Min_Heap_Size = 0x200
                0x0000000000000400                _Min_Stack_Size = 0x400

.isr_vector     0x0000000008000000      0x188
                0x0000000008000000                . = ALIGN (0x4)
 *(.isr_vector)
 .isr_vector    0x0000000008000000      0x188 Core/Startup/startup_stm32f303k8tx.o
                0x0000000008000000                g_pfnVectors
                0x0000000008000188                . = ALIGN (0x4)

.text           0x0000000008000188     0x2574
                0x0000000008000188                . = ALIGN (0x4)
 *(.text)
 .text          0x0000000008000188       0x40 c:/st/stm32cubeide_1.3.0/stm32cubeide/plugins/com.st.stm32cube.ide.mcu.externaltools.gnu-tools-for-stm32.7-2018-q2-update.win32_1.4.0.202007081208/tools/bin/../lib/gcc/arm-none-eabi/7.3.1/thumb/v7e-m/fpv4-sp/hard/crtbegin.o
 *(.text*)
 .text.readData
                0x00000000080001c8       0xc0 Core/Src/HX711/HX711.o
                0x00000000080001c8                readData
 .text.DWT_Init
                0x0000000008000288       0x34 Core/Src/HX711/HX711.o
                0x0000000008000288                DWT_Init
 .text.DWT_Delay_us
                0x00000000080002bc       0x44 Core/Src/HX711/HX711.o
                0x00000000080002bc                DWT_Delay_us
 .text.main     0x0000000008000300       0x26 Core/Src/main.o
                0x0000000008000300                main
 .text.SystemClock_Config
                0x0000000008000326       0x76 Core/Src/main.o
                0x0000000008000326                SystemClock_Config
 .text.MX_USART2_UART_Init
                0x000000000800039c       0x60 Core/Src/main.o
 .text.MX_GPIO_Init
                0x00000000080003fc       0xac Core/Src/main.o
 .text.Error_Handler
                0x00000000080004a8        0xe Core/Src/main.o
                0x00000000080004a8                Error_Handler
 *fill*         0x00000000080004b6        0x2 
 .text.HAL_MspInit
                0x00000000080004b8       0x48 Core/Src/stm32f3xx_hal_msp.o
                0x00000000080004b8                HAL_MspInit
 .text.HAL_UART_MspInit
                0x0000000008000500       0x88 Core/Src/stm32f3xx_hal_msp.o
                0x0000000008000500                HAL_UART_MspInit
 .text.NMI_Handler
                0x0000000008000588        0xe Core/Src/stm32f3xx_it.o
                0x0000000008000588                NMI_Handler
 .text.HardFault_Handler
                0x0000000008000596        0x6 Core/Src/stm32f3xx_it.o
                0x0000000008000596                HardFault_Handler
 .text.MemManage_Handler
                0x000000000800059c        0x6 Core/Src/stm32f3xx_it.o
                0x000000000800059c                MemManage_Handler
 .text.BusFault_Handler
                0x00000000080005a2        0x6 Core/Src/stm32f3xx_it.o
                0x00000000080005a2                BusFault_Handler
 .text.UsageFault_Handler
                0x00000000080005a8        0x6 Core/Src/stm32f3xx_it.o
                0x00000000080005a8                UsageFault_Handler
 .text.SVC_Handler
                0x00000000080005ae        0xe Core/Src/stm32f3xx_it.o
                0x00000000080005ae                SVC_Handler
 .text.DebugMon_Handler
                0x00000000080005bc        0xe Core/Src/stm32f3xx_it.o
                0x00000000080005bc                DebugMon_Handler
 .text.PendSV_Handler
                0x00000000080005ca        0xe Core/Src/stm32f3xx_it.o
                0x00000000080005ca                PendSV_Handler
 .text.SysTick_Handler
                0x00000000080005d8        0xc Core/Src/stm32f3xx_it.o
                0x00000000080005d8                SysTick_Handler
 .text.SystemInit
                0x00000000080005e4       0x2c Core/Src/system_stm32f3xx.o
                0x00000000080005e4                SystemInit
 .text.Reset_Handler
                0x0000000008000610       0x50 Core/Startup/startup_stm32f303k8tx.o
                0x0000000008000610                Reset_Handler
 .text.Default_Handler
                0x0000000008000660        0x2 Core/Startup/startup_stm32f303k8tx.o
                0x0000000008000660                RTC_Alarm_IRQHandler
                0x0000000008000660                TIM1_CC_IRQHandler
                0x0000000008000660                PVD_IRQHandler
                0x0000000008000660                TAMP_STAMP_IRQHandler
                0x0000000008000660                EXTI3_IRQHandler
                0x0000000008000660                EXTI0_IRQHandler
                0x0000000008000660                FPU_IRQHandler
                0x0000000008000660                CAN_TX_IRQHandler
                0x0000000008000660                TIM1_UP_TIM16_IRQHandler
                0x0000000008000660                ADC1_2_IRQHandler
                0x0000000008000660                SPI1_IRQHandler
                0x0000000008000660                CAN_SCE_IRQHandler
                0x0000000008000660                DMA1_Channel4_IRQHandler
                0x0000000008000660                USART3_IRQHandler
                0x0000000008000660                DMA1_Channel7_IRQHandler
                0x0000000008000660                TIM7_DAC2_IRQHandler
                0x0000000008000660                CAN_RX1_IRQHandler
                0x0000000008000660                I2C1_EV_IRQHandler
                0x0000000008000660                DMA1_Channel6_IRQHandler
                0x0000000008000660                TIM3_IRQHandler
                0x0000000008000660                RCC_IRQHandler
                0x0000000008000660                DMA1_Channel1_IRQHandler
                0x0000000008000660                Default_Handler
                0x0000000008000660                EXTI15_10_IRQHandler
                0x0000000008000660                COMP2_IRQHandler
                0x0000000008000660                TIM6_DAC1_IRQHandler
                0x0000000008000660                EXTI9_5_IRQHandler
                0x0000000008000660                RTC_WKUP_IRQHandler
                0x0000000008000660                DMA1_Channel5_IRQHandler
                0x0000000008000660                EXTI4_IRQHandler
                0x0000000008000660                TIM1_TRG_COM_TIM17_IRQHandler
                0x0000000008000660                DMA1_Channel3_IRQHandler
                0x0000000008000660                WWDG_IRQHandler
                0x0000000008000660                TIM2_IRQHandler
                0x0000000008000660                EXTI1_IRQHandler
                0x0000000008000660                COMP4_6_IRQHandler
                0x0000000008000660                USART2_IRQHandler
                0x0000000008000660                DMA1_Channel2_IRQHandler
                0x0000000008000660                FLASH_IRQHandler
                0x0000000008000660                USART1_IRQHandler
                0x0000000008000660                CAN_RX0_IRQHandler
                0x0000000008000660                I2C1_ER_IRQHandler
                0x0000000008000660                EXTI2_TSC_IRQHandler
                0x0000000008000660                TIM1_BRK_TIM15_IRQHandler
 *fill*         0x0000000008000662        0x2 
 .text.HAL_Init
                0x0000000008000664       0x2c Drivers/STM32F3xx_HAL_Driver/Src/stm32f3xx_hal.o
                0x0000000008000664                HAL_Init
 .text.HAL_InitTick
                0x0000000008000690       0x60 Drivers/STM32F3xx_HAL_Driver/Src/stm32f3xx_hal.o
                0x0000000008000690                HAL_InitTick
 .text.HAL_IncTick
                0x00000000080006f0       0x28 Drivers/STM32F3xx_HAL_Driver/Src/stm32f3xx_hal.o
                0x00000000080006f0                HAL_IncTick
 .text.HAL_GetTick
                0x0000000008000718       0x18 Drivers/STM32F3xx_HAL_Driver/Src/stm32f3xx_hal.o
                0x0000000008000718                HAL_GetTick
 .text.HAL_Delay
                0x0000000008000730       0x44 Drivers/STM32F3xx_HAL_Driver/Src/stm32f3xx_hal.o
                0x0000000008000730                HAL_Delay
 .text.__NVIC_SetPriorityGrouping
                0x0000000008000774       0x48 Drivers/STM32F3xx_HAL_Driver/Src/stm32f3xx_hal_cortex.o
 .text.__NVIC_GetPriorityGrouping
                0x00000000080007bc       0x1c Drivers/STM32F3xx_HAL_Driver/Src/stm32f3xx_hal_cortex.o
 .text.__NVIC_SetPriority
                0x00000000080007d8       0x54 Drivers/STM32F3xx_HAL_Driver/Src/stm32f3xx_hal_cortex.o
 .text.NVIC_EncodePriority
                0x000000000800082c       0x66 Drivers/STM32F3xx_HAL_Driver/Src/stm32f3xx_hal_cortex.o
 *fill*         0x0000000008000892        0x2 
 .text.SysTick_Config
                0x0000000008000894       0x44 Drivers/STM32F3xx_HAL_Driver/Src/stm32f3xx_hal_cortex.o
 .text.HAL_NVIC_SetPriorityGrouping
                0x00000000080008d8       0x16 Drivers/STM32F3xx_HAL_Driver/Src/stm32f3xx_hal_cortex.o
                0x00000000080008d8                HAL_NVIC_SetPriorityGrouping
 .text.HAL_NVIC_SetPriority
                0x00000000080008ee       0x38 Drivers/STM32F3xx_HAL_Driver/Src/stm32f3xx_hal_cortex.o
                0x00000000080008ee                HAL_NVIC_SetPriority
 .text.HAL_SYSTICK_Config
                0x0000000008000926       0x18 Drivers/STM32F3xx_HAL_Driver/Src/stm32f3xx_hal_cortex.o
                0x0000000008000926                HAL_SYSTICK_Config
 *fill*         0x000000000800093e        0x2 
 .text.HAL_GPIO_Init
                0x0000000008000940      0x2e4 Drivers/STM32F3xx_HAL_Driver/Src/stm32f3xx_hal_gpio.o
                0x0000000008000940                HAL_GPIO_Init
 .text.HAL_GPIO_ReadPin
                0x0000000008000c24       0x30 Drivers/STM32F3xx_HAL_Driver/Src/stm32f3xx_hal_gpio.o
                0x0000000008000c24                HAL_GPIO_ReadPin
 .text.HAL_GPIO_WritePin
                0x0000000008000c54       0x30 Drivers/STM32F3xx_HAL_Driver/Src/stm32f3xx_hal_gpio.o
                0x0000000008000c54                HAL_GPIO_WritePin
 .text.HAL_RCC_OscConfig
                0x0000000008000c84      0xe10 Drivers/STM32F3xx_HAL_Driver/Src/stm32f3xx_hal_rcc.o
                0x0000000008000c84                HAL_RCC_OscConfig
 .text.HAL_RCC_ClockConfig
                0x0000000008001a94      0x2f8 Drivers/STM32F3xx_HAL_Driver/Src/stm32f3xx_hal_rcc.o
                0x0000000008001a94                HAL_RCC_ClockConfig
 .text.HAL_RCC_GetSysClockFreq
                0x0000000008001d8c       0xd4 Drivers/STM32F3xx_HAL_Driver/Src/stm32f3xx_hal_rcc.o
                0x0000000008001d8c                HAL_RCC_GetSysClockFreq
 .text.HAL_RCC_GetHCLKFreq
                0x0000000008001e60       0x18 Drivers/STM32F3xx_HAL_Driver/Src/stm32f3xx_hal_rcc.o
                0x0000000008001e60                HAL_RCC_GetHCLKFreq
 .text.HAL_RCC_GetPCLK1Freq
                0x0000000008001e78       0x44 Drivers/STM32F3xx_HAL_Driver/Src/stm32f3xx_hal_rcc.o
                0x0000000008001e78                HAL_RCC_GetPCLK1Freq
 .text.HAL_RCC_GetPCLK2Freq
                0x0000000008001ebc       0x44 Drivers/STM32F3xx_HAL_Driver/Src/stm32f3xx_hal_rcc.o
                0x0000000008001ebc                HAL_RCC_GetPCLK2Freq
 .text.HAL_UART_Init
                0x0000000008001f00       0x9c Drivers/STM32F3xx_HAL_Driver/Src/stm32f3xx_hal_uart.o
                0x0000000008001f00                HAL_UART_Init
 .text.HAL_UART_Transmit
                0x0000000008001f9c      0x126 Drivers/STM32F3xx_HAL_Driver/Src/stm32f3xx_hal_uart.o
                0x0000000008001f9c                HAL_UART_Transmit
 *fill*         0x00000000080020c2        0x2 
 .text.UART_SetConfig
                0x00000000080020c4      0x304 Drivers/STM32F3xx_HAL_Driver/Src/stm32f3xx_hal_uart.o
                0x00000000080020c4                UART_SetConfig
 .text.UART_AdvFeatureConfig
                0x00000000080023c8      0x144 Drivers/STM32F3xx_HAL_Driver/Src/stm32f3xx_hal_uart.o
                0x00000000080023c8                UART_AdvFeatureConfig
 .text.UART_CheckIdleState
                0x000000000800250c       0x8a Drivers/STM32F3xx_HAL_Driver/Src/stm32f3xx_hal_uart.o
                0x000000000800250c                UART_CheckIdleState
 .text.UART_WaitOnFlagUntilTimeout
                0x0000000008002596       0xf6 Drivers/STM32F3xx_HAL_Driver/Src/stm32f3xx_hal_uart.o
                0x0000000008002596                UART_WaitOnFlagUntilTimeout
 .text.__libc_init_array
                0x000000000800268c       0x48 c:/st/stm32cubeide_1.3.0/stm32cubeide/plugins/com.st.stm32cube.ide.mcu.externaltools.gnu-tools-for-stm32.7-2018-q2-update.win32_1.4.0.202007081208/tools/bin/../lib/gcc/arm-none-eabi/7.3.1/../../../../arm-none-eabi/lib/thumb/v7e-m/fpv4-sp/hard\libc_nano.a(lib_a-init.o)
                0x000000000800268c                __libc_init_array
 .text.memset   0x00000000080026d4       0x10 c:/st/stm32cubeide_1.3.0/stm32cubeide/plugins/com.st.stm32cube.ide.mcu.externaltools.gnu-tools-for-stm32.7-2018-q2-update.win32_1.4.0.202007081208/tools/bin/../lib/gcc/arm-none-eabi/7.3.1/../../../../arm-none-eabi/lib/thumb/v7e-m/fpv4-sp/hard\libc_nano.a(lib_a-memset.o)
                0x00000000080026d4                memset
 *(.glue_7)
 .glue_7        0x00000000080026e4        0x0 linker stubs
 *(.glue_7t)
 .glue_7t       0x00000000080026e4        0x0 linker stubs
 *(.eh_frame)
 .eh_frame      0x00000000080026e4        0x0 c:/st/stm32cubeide_1.3.0/stm32cubeide/plugins/com.st.stm32cube.ide.mcu.externaltools.gnu-tools-for-stm32.7-2018-q2-update.win32_1.4.0.202007081208/tools/bin/../lib/gcc/arm-none-eabi/7.3.1/thumb/v7e-m/fpv4-sp/hard/crtbegin.o
 *(.init)
 .init          0x00000000080026e4        0x4 c:/st/stm32cubeide_1.3.0/stm32cubeide/plugins/com.st.stm32cube.ide.mcu.externaltools.gnu-tools-for-stm32.7-2018-q2-update.win32_1.4.0.202007081208/tools/bin/../lib/gcc/arm-none-eabi/7.3.1/thumb/v7e-m/fpv4-sp/hard/crti.o
                0x00000000080026e4                _init
 .init          0x00000000080026e8        0x8 c:/st/stm32cubeide_1.3.0/stm32cubeide/plugins/com.st.stm32cube.ide.mcu.externaltools.gnu-tools-for-stm32.7-2018-q2-update.win32_1.4.0.202007081208/tools/bin/../lib/gcc/arm-none-eabi/7.3.1/thumb/v7e-m/fpv4-sp/hard/crtn.o
 *(.fini)
 .fini          0x00000000080026f0        0x4 c:/st/stm32cubeide_1.3.0/stm32cubeide/plugins/com.st.stm32cube.ide.mcu.externaltools.gnu-tools-for-stm32.7-2018-q2-update.win32_1.4.0.202007081208/tools/bin/../lib/gcc/arm-none-eabi/7.3.1/thumb/v7e-m/fpv4-sp/hard/crti.o
                0x00000000080026f0                _fini
 .fini          0x00000000080026f4        0x8 c:/st/stm32cubeide_1.3.0/stm32cubeide/plugins/com.st.stm32cube.ide.mcu.externaltools.gnu-tools-for-stm32.7-2018-q2-update.win32_1.4.0.202007081208/tools/bin/../lib/gcc/arm-none-eabi/7.3.1/thumb/v7e-m/fpv4-sp/hard/crtn.o
                0x00000000080026fc                . = ALIGN (0x4)
                0x00000000080026fc                _etext = .

.vfp11_veneer   0x00000000080026fc        0x0
 .vfp11_veneer  0x00000000080026fc        0x0 linker stubs

.v4_bx          0x00000000080026fc        0x0
 .v4_bx         0x00000000080026fc        0x0 linker stubs

.iplt           0x00000000080026fc        0x0
 .iplt          0x00000000080026fc        0x0 c:/st/stm32cubeide_1.3.0/stm32cubeide/plugins/com.st.stm32cube.ide.mcu.externaltools.gnu-tools-for-stm32.7-2018-q2-update.win32_1.4.0.202007081208/tools/bin/../lib/gcc/arm-none-eabi/7.3.1/thumb/v7e-m/fpv4-sp/hard/crtbegin.o

.rodata         0x00000000080026fc       0x38
                0x00000000080026fc                . = ALIGN (0x4)
 *(.rodata)
 *(.rodata*)
 .rodata.AHBPrescTable
                0x00000000080026fc       0x10 Core/Src/system_stm32f3xx.o
                0x00000000080026fc                AHBPrescTable
 .rodata.APBPrescTable
                0x000000000800270c        0x8 Core/Src/system_stm32f3xx.o
                0x000000000800270c                APBPrescTable
 .rodata.aPLLMULFactorTable
                0x0000000008002714       0x10 Drivers/STM32F3xx_HAL_Driver/Src/stm32f3xx_hal_rcc.o
                0x0000000008002714                aPLLMULFactorTable
 .rodata.aPredivFactorTable
                0x0000000008002724       0x10 Drivers/STM32F3xx_HAL_Driver/Src/stm32f3xx_hal_rcc.o
                0x0000000008002724                aPredivFactorTable
                0x0000000008002734                . = ALIGN (0x4)

.rel.dyn        0x0000000008002734        0x0
 .rel.iplt      0x0000000008002734        0x0 c:/st/stm32cubeide_1.3.0/stm32cubeide/plugins/com.st.stm32cube.ide.mcu.externaltools.gnu-tools-for-stm32.7-2018-q2-update.win32_1.4.0.202007081208/tools/bin/../lib/gcc/arm-none-eabi/7.3.1/thumb/v7e-m/fpv4-sp/hard/crtbegin.o

.ARM.extab      0x0000000008002734        0x0
                0x0000000008002734                . = ALIGN (0x4)
 *(.ARM.extab* .gnu.linkonce.armextab.*)
                0x0000000008002734                . = ALIGN (0x4)

.ARM            0x0000000008002734        0x0
                0x0000000008002734                . = ALIGN (0x4)
                0x0000000008002734                __exidx_start = .
 *(.ARM.exidx*)
                0x0000000008002734                __exidx_end = .
                0x0000000008002734                . = ALIGN (0x4)

.preinit_array  0x0000000008002734        0x0
                0x0000000008002734                . = ALIGN (0x4)
                0x0000000008002734                PROVIDE (__preinit_array_start = .)
 *(.preinit_array*)
                0x0000000008002734                PROVIDE (__preinit_array_end = .)
                0x0000000008002734                . = ALIGN (0x4)

.init_array     0x0000000008002734        0x4
                0x0000000008002734                . = ALIGN (0x4)
                0x0000000008002734                PROVIDE (__init_array_start = .)
 *(SORT_BY_NAME(.init_array.*))
 *(.init_array*)
 .init_array    0x0000000008002734        0x4 c:/st/stm32cubeide_1.3.0/stm32cubeide/plugins/com.st.stm32cube.ide.mcu.externaltools.gnu-tools-for-stm32.7-2018-q2-update.win32_1.4.0.202007081208/tools/bin/../lib/gcc/arm-none-eabi/7.3.1/thumb/v7e-m/fpv4-sp/hard/crtbegin.o
                0x0000000008002738                PROVIDE (__init_array_end = .)
                0x0000000008002738                . = ALIGN (0x4)

.fini_array     0x0000000008002738        0x4
                0x0000000008002738                . = ALIGN (0x4)
                [!provide]                        PROVIDE (__fini_array_start = .)
 *(SORT_BY_NAME(.fini_array.*))
 *(.fini_array*)
 .fini_array    0x0000000008002738        0x4 c:/st/stm32cubeide_1.3.0/stm32cubeide/plugins/com.st.stm32cube.ide.mcu.externaltools.gnu-tools-for-stm32.7-2018-q2-update.win32_1.4.0.202007081208/tools/bin/../lib/gcc/arm-none-eabi/7.3.1/thumb/v7e-m/fpv4-sp/hard/crtbegin.o
                [!provide]                        PROVIDE (__fini_array_end = .)
                0x000000000800273c                . = ALIGN (0x4)
                0x000000000800273c                _sidata = LOADADDR (.data)

.data           0x0000000020000000        0xc load address 0x000000000800273c
                0x0000000020000000                . = ALIGN (0x4)
                0x0000000020000000                _sdata = .
 *(.data)
 *(.data*)
 .data.SystemCoreClock
                0x0000000020000000        0x4 Core/Src/system_stm32f3xx.o
                0x0000000020000000                SystemCoreClock
 .data.uwTickPrio
                0x0000000020000004        0x4 Drivers/STM32F3xx_HAL_Driver/Src/stm32f3xx_hal.o
                0x0000000020000004                uwTickPrio
 .data.uwTickFreq
                0x0000000020000008        0x1 Drivers/STM32F3xx_HAL_Driver/Src/stm32f3xx_hal.o
                0x0000000020000008                uwTickFreq
                0x000000002000000c                . = ALIGN (0x4)
 *fill*         0x0000000020000009        0x3 
                0x000000002000000c                _edata = .

.igot.plt       0x000000002000000c        0x0 load address 0x0000000008002748
 .igot.plt      0x000000002000000c        0x0 c:/st/stm32cubeide_1.3.0/stm32cubeide/plugins/com.st.stm32cube.ide.mcu.externaltools.gnu-tools-for-stm32.7-2018-q2-update.win32_1.4.0.202007081208/tools/bin/../lib/gcc/arm-none-eabi/7.3.1/thumb/v7e-m/fpv4-sp/hard/crtbegin.o
                0x000000002000000c                . = ALIGN (0x4)

.bss            0x000000002000000c       0xa4 load address 0x0000000008002748
                0x000000002000000c                _sbss = .
                0x000000002000000c                __bss_start__ = _sbss
 *(.bss)
 .bss           0x000000002000000c       0x1c c:/st/stm32cubeide_1.3.0/stm32cubeide/plugins/com.st.stm32cube.ide.mcu.externaltools.gnu-tools-for-stm32.7-2018-q2-update.win32_1.4.0.202007081208/tools/bin/../lib/gcc/arm-none-eabi/7.3.1/thumb/v7e-m/fpv4-sp/hard/crtbegin.o
 *(.bss*)
 .bss.init      0x0000000020000028        0x1 Core/Src/HX711/HX711.o
                0x0000000020000028                init
 *(COMMON)
 *fill*         0x0000000020000029        0x3 
 COMMON         0x000000002000002c       0x80 Core/Src/main.o
                0x000000002000002c                huart2
 COMMON         0x00000000200000ac        0x4 Drivers/STM32F3xx_HAL_Driver/Src/stm32f3xx_hal.o
                0x00000000200000ac                uwTick
                0x00000000200000b0                . = ALIGN (0x4)
                0x00000000200000b0                _ebss = .
                0x00000000200000b0                __bss_end__ = _ebss

._user_heap_stack
                0x00000000200000b0      0x600 load address 0x0000000008002748
                0x00000000200000b0                . = ALIGN (0x8)
                [!provide]                        PROVIDE (end = .)
                0x00000000200000b0                PROVIDE (_end = .)
                0x00000000200002b0                . = (. + _Min_Heap_Size)
 *fill*         0x00000000200000b0      0x200 
                0x00000000200006b0                . = (. + _Min_Stack_Size)
 *fill*         0x00000000200002b0      0x400 
                0x00000000200006b0                . = ALIGN (0x8)

/DISCARD/
 libc.a(*)
 libm.a(*)
 libgcc.a(*)

.ARM.attributes
                0x0000000000000000       0x30
 *(.ARM.attributes)
 .ARM.attributes
                0x0000000000000000       0x22 c:/st/stm32cubeide_1.3.0/stm32cubeide/plugins/com.st.stm32cube.ide.mcu.externaltools.gnu-tools-for-stm32.7-2018-q2-update.win32_1.4.0.202007081208/tools/bin/../lib/gcc/arm-none-eabi/7.3.1/thumb/v7e-m/fpv4-sp/hard/crti.o
 .ARM.attributes
                0x0000000000000022       0x34 c:/st/stm32cubeide_1.3.0/stm32cubeide/plugins/com.st.stm32cube.ide.mcu.externaltools.gnu-tools-for-stm32.7-2018-q2-update.win32_1.4.0.202007081208/tools/bin/../lib/gcc/arm-none-eabi/7.3.1/thumb/v7e-m/fpv4-sp/hard/crtbegin.o
 .ARM.attributes
                0x0000000000000056       0x39 Core/Src/HX711/HX711.o
 .ARM.attributes
                0x000000000000008f       0x39 Core/Src/main.o
 .ARM.attributes
                0x00000000000000c8       0x39 Core/Src/stm32f3xx_hal_msp.o
 .ARM.attributes
                0x0000000000000101       0x39 Core/Src/stm32f3xx_it.o
 .ARM.attributes
                0x000000000000013a       0x39 Core/Src/system_stm32f3xx.o
 .ARM.attributes
                0x0000000000000173       0x21 Core/Startup/startup_stm32f303k8tx.o
 .ARM.attributes
                0x0000000000000194       0x39 Drivers/STM32F3xx_HAL_Driver/Src/stm32f3xx_hal.o
 .ARM.attributes
                0x00000000000001cd       0x39 Drivers/STM32F3xx_HAL_Driver/Src/stm32f3xx_hal_cortex.o
 .ARM.attributes
                0x0000000000000206       0x39 Drivers/STM32F3xx_HAL_Driver/Src/stm32f3xx_hal_gpio.o
 .ARM.attributes
                0x000000000000023f       0x39 Drivers/STM32F3xx_HAL_Driver/Src/stm32f3xx_hal_rcc.o
 .ARM.attributes
                0x0000000000000278       0x39 Drivers/STM32F3xx_HAL_Driver/Src/stm32f3xx_hal_uart.o
 .ARM.attributes
                0x00000000000002b1       0x34 c:/st/stm32cubeide_1.3.0/stm32cubeide/plugins/com.st.stm32cube.ide.mcu.externaltools.gnu-tools-for-stm32.7-2018-q2-update.win32_1.4.0.202007081208/tools/bin/../lib/gcc/arm-none-eabi/7.3.1/../../../../arm-none-eabi/lib/thumb/v7e-m/fpv4-sp/hard\libc_nano.a(lib_a-init.o)
 .ARM.attributes
                0x00000000000002e5       0x34 c:/st/stm32cubeide_1.3.0/stm32cubeide/plugins/com.st.stm32cube.ide.mcu.externaltools.gnu-tools-for-stm32.7-2018-q2-update.win32_1.4.0.202007081208/tools/bin/../lib/gcc/arm-none-eabi/7.3.1/../../../../arm-none-eabi/lib/thumb/v7e-m/fpv4-sp/hard\libc_nano.a(lib_a-memset.o)
 .ARM.attributes
                0x0000000000000319       0x22 c:/st/stm32cubeide_1.3.0/stm32cubeide/plugins/com.st.stm32cube.ide.mcu.externaltools.gnu-tools-for-stm32.7-2018-q2-update.win32_1.4.0.202007081208/tools/bin/../lib/gcc/arm-none-eabi/7.3.1/thumb/v7e-m/fpv4-sp/hard/crtn.o
OUTPUT(HX711.elf elf32-littlearm)

.debug_info     0x0000000000000000     0x6bee
 .debug_info    0x0000000000000000      0x9d2 Core/Src/HX711/HX711.o
 .debug_info    0x00000000000009d2      0xa76 Core/Src/main.o
 .debug_info    0x0000000000001448      0x90d Core/Src/stm32f3xx_hal_msp.o
 .debug_info    0x0000000000001d55      0x20d Core/Src/stm32f3xx_it.o
 .debug_info    0x0000000000001f62      0x45c Core/Src/system_stm32f3xx.o
 .debug_info    0x00000000000023be       0x22 Core/Startup/startup_stm32f303k8tx.o
 .debug_info    0x00000000000023e0      0x758 Drivers/STM32F3xx_HAL_Driver/Src/stm32f3xx_hal.o
 .debug_info    0x0000000000002b38      0xb54 Drivers/STM32F3xx_HAL_Driver/Src/stm32f3xx_hal_cortex.o
 .debug_info    0x000000000000368c      0x7c1 Drivers/STM32F3xx_HAL_Driver/Src/stm32f3xx_hal_gpio.o
 .debug_info    0x0000000000003e4d     0x180f Drivers/STM32F3xx_HAL_Driver/Src/stm32f3xx_hal_rcc.o
 .debug_info    0x000000000000565c     0x1592 Drivers/STM32F3xx_HAL_Driver/Src/stm32f3xx_hal_uart.o

.debug_abbrev   0x0000000000000000     0x120c
 .debug_abbrev  0x0000000000000000      0x1ba Core/Src/HX711/HX711.o
 .debug_abbrev  0x00000000000001ba      0x1d6 Core/Src/main.o
 .debug_abbrev  0x0000000000000390      0x18c Core/Src/stm32f3xx_hal_msp.o
 .debug_abbrev  0x000000000000051c       0xc6 Core/Src/stm32f3xx_it.o
 .debug_abbrev  0x00000000000005e2      0x12b Core/Src/system_stm32f3xx.o
 .debug_abbrev  0x000000000000070d       0x12 Core/Startup/startup_stm32f303k8tx.o
 .debug_abbrev  0x000000000000071f      0x1c7 Drivers/STM32F3xx_HAL_Driver/Src/stm32f3xx_hal.o
 .debug_abbrev  0x00000000000008e6      0x2d5 Drivers/STM32F3xx_HAL_Driver/Src/stm32f3xx_hal_cortex.o
 .debug_abbrev  0x0000000000000bbb      0x1c0 Drivers/STM32F3xx_HAL_Driver/Src/stm32f3xx_hal_gpio.o
 .debug_abbrev  0x0000000000000d7b      0x28c Drivers/STM32F3xx_HAL_Driver/Src/stm32f3xx_hal_rcc.o
 .debug_abbrev  0x0000000000001007      0x205 Drivers/STM32F3xx_HAL_Driver/Src/stm32f3xx_hal_uart.o

.debug_aranges  0x0000000000000000      0x620
 .debug_aranges
                0x0000000000000000       0x30 Core/Src/HX711/HX711.o
 .debug_aranges
                0x0000000000000030       0x40 Core/Src/main.o
 .debug_aranges
                0x0000000000000070       0x30 Core/Src/stm32f3xx_hal_msp.o
 .debug_aranges
                0x00000000000000a0       0x60 Core/Src/stm32f3xx_it.o
 .debug_aranges
                0x0000000000000100       0x28 Core/Src/system_stm32f3xx.o
 .debug_aranges
                0x0000000000000128       0x28 Core/Startup/startup_stm32f303k8tx.o
 .debug_aranges
                0x0000000000000150       0xe0 Drivers/STM32F3xx_HAL_Driver/Src/stm32f3xx_hal.o
 .debug_aranges
                0x0000000000000230      0x100 Drivers/STM32F3xx_HAL_Driver/Src/stm32f3xx_hal_cortex.o
 .debug_aranges
                0x0000000000000330       0x58 Drivers/STM32F3xx_HAL_Driver/Src/stm32f3xx_hal_gpio.o
 .debug_aranges
                0x0000000000000388       0x88 Drivers/STM32F3xx_HAL_Driver/Src/stm32f3xx_hal_rcc.o
 .debug_aranges
                0x0000000000000410      0x210 Drivers/STM32F3xx_HAL_Driver/Src/stm32f3xx_hal_uart.o

.debug_ranges   0x0000000000000000      0x578
 .debug_ranges  0x0000000000000000       0x20 Core/Src/HX711/HX711.o
 .debug_ranges  0x0000000000000020       0x30 Core/Src/main.o
 .debug_ranges  0x0000000000000050       0x20 Core/Src/stm32f3xx_hal_msp.o
 .debug_ranges  0x0000000000000070       0x50 Core/Src/stm32f3xx_it.o
 .debug_ranges  0x00000000000000c0       0x18 Core/Src/system_stm32f3xx.o
 .debug_ranges  0x00000000000000d8       0x20 Core/Startup/startup_stm32f303k8tx.o
 .debug_ranges  0x00000000000000f8       0xd0 Drivers/STM32F3xx_HAL_Driver/Src/stm32f3xx_hal.o
 .debug_ranges  0x00000000000001c8       0xf0 Drivers/STM32F3xx_HAL_Driver/Src/stm32f3xx_hal_cortex.o
 .debug_ranges  0x00000000000002b8       0x48 Drivers/STM32F3xx_HAL_Driver/Src/stm32f3xx_hal_gpio.o
 .debug_ranges  0x0000000000000300       0x78 Drivers/STM32F3xx_HAL_Driver/Src/stm32f3xx_hal_rcc.o
 .debug_ranges  0x0000000000000378      0x200 Drivers/STM32F3xx_HAL_Driver/Src/stm32f3xx_hal_uart.o

.debug_macro    0x0000000000000000    0x16234
 .debug_macro   0x0000000000000000      0x1cf Core/Src/HX711/HX711.o
 .debug_macro   0x00000000000001cf      0xa5a Core/Src/HX711/HX711.o
 .debug_macro   0x0000000000000c29      0x151 Core/Src/HX711/HX711.o
 .debug_macro   0x0000000000000d7a       0x2e Core/Src/HX711/HX711.o
 .debug_macro   0x0000000000000da8       0x28 Core/Src/HX711/HX711.o
 .debug_macro   0x0000000000000dd0       0x22 Core/Src/HX711/HX711.o
 .debug_macro   0x0000000000000df2       0x8e Core/Src/HX711/HX711.o
 .debug_macro   0x0000000000000e80       0x51 Core/Src/HX711/HX711.o
 .debug_macro   0x0000000000000ed1       0xef Core/Src/HX711/HX711.o
 .debug_macro   0x0000000000000fc0       0x6a Core/Src/HX711/HX711.o
 .debug_macro   0x000000000000102a      0x1df Core/Src/HX711/HX711.o
 .debug_macro   0x0000000000001209       0x1c Core/Src/HX711/HX711.o
 .debug_macro   0x0000000000001225       0x22 Core/Src/HX711/HX711.o
 .debug_macro   0x0000000000001247       0xdf Core/Src/HX711/HX711.o
 .debug_macro   0x0000000000001326      0xf07 Core/Src/HX711/HX711.o
 .debug_macro   0x000000000000222d    0x10bd9 Core/Src/HX711/HX711.o
 .debug_macro   0x0000000000012e06       0x43 Core/Src/HX711/HX711.o
 .debug_macro   0x0000000000012e49      0x174 Core/Src/HX711/HX711.o
 .debug_macro   0x0000000000012fbd       0x53 Core/Src/HX711/HX711.o
 .debug_macro   0x0000000000013010      0x8f9 Core/Src/HX711/HX711.o
 .debug_macro   0x0000000000013909      0x304 Core/Src/HX711/HX711.o
 .debug_macro   0x0000000000013c0d      0x12f Core/Src/HX711/HX711.o
 .debug_macro   0x0000000000013d3c      0x11b Core/Src/HX711/HX711.o
 .debug_macro   0x0000000000013e57      0x1d5 Core/Src/HX711/HX711.o
 .debug_macro   0x000000000001402c      0x1bc Core/Src/HX711/HX711.o
 .debug_macro   0x00000000000141e8       0x34 Core/Src/HX711/HX711.o
 .debug_macro   0x000000000001421c       0x3c Core/Src/HX711/HX711.o
 .debug_macro   0x0000000000014258       0x57 Core/Src/HX711/HX711.o
 .debug_macro   0x00000000000142af       0xc5 Core/Src/HX711/HX711.o
 .debug_macro   0x0000000000014374      0x19f Core/Src/HX711/HX711.o
 .debug_macro   0x0000000000014513      0x22c Core/Src/HX711/HX711.o
 .debug_macro   0x000000000001473f       0x5b Core/Src/HX711/HX711.o
 .debug_macro   0x000000000001479a       0xa5 Core/Src/HX711/HX711.o
 .debug_macro   0x000000000001483f       0x81 Core/Src/HX711/HX711.o
 .debug_macro   0x00000000000148c0       0xd3 Core/Src/HX711/HX711.o
 .debug_macro   0x0000000000014993      0x589 Core/Src/HX711/HX711.o
 .debug_macro   0x0000000000014f1c       0x44 Core/Src/HX711/HX711.o
 .debug_macro   0x0000000000014f60      0x285 Core/Src/HX711/HX711.o
 .debug_macro   0x00000000000151e5       0x58 Core/Src/HX711/HX711.o
 .debug_macro   0x000000000001523d       0x22 Core/Src/HX711/HX711.o
 .debug_macro   0x000000000001525f      0x1c2 Core/Src/main.o
 .debug_macro   0x0000000000015421      0x1b8 Core/Src/stm32f3xx_hal_msp.o
 .debug_macro   0x00000000000155d9      0x1c2 Core/Src/stm32f3xx_it.o
 .debug_macro   0x000000000001579b      0x1af Core/Src/system_stm32f3xx.o
 .debug_macro   0x000000000001594a      0x1cd Drivers/STM32F3xx_HAL_Driver/Src/stm32f3xx_hal.o
 .debug_macro   0x0000000000015b17      0x1a9 Drivers/STM32F3xx_HAL_Driver/Src/stm32f3xx_hal_cortex.o
 .debug_macro   0x0000000000015cc0      0x1e1 Drivers/STM32F3xx_HAL_Driver/Src/stm32f3xx_hal_gpio.o
 .debug_macro   0x0000000000015ea1      0x1cd Drivers/STM32F3xx_HAL_Driver/Src/stm32f3xx_hal_rcc.o
 .debug_macro   0x000000000001606e      0x1c6 Drivers/STM32F3xx_HAL_Driver/Src/stm32f3xx_hal_uart.o

.debug_line     0x0000000000000000     0x5ab4
 .debug_line    0x0000000000000000      0x6e2 Core/Src/HX711/HX711.o
 .debug_line    0x00000000000006e2      0x6fd Core/Src/main.o
 .debug_line    0x0000000000000ddf      0x69a Core/Src/stm32f3xx_hal_msp.o
 .debug_line    0x0000000000001479      0x70f Core/Src/stm32f3xx_it.o
 .debug_line    0x0000000000001b88      0x689 Core/Src/system_stm32f3xx.o
 .debug_line    0x0000000000002211       0x85 Core/Startup/startup_stm32f303k8tx.o
 .debug_line    0x0000000000002296      0x846 Drivers/STM32F3xx_HAL_Driver/Src/stm32f3xx_hal.o
 .debug_line    0x0000000000002adc      0x91d Drivers/STM32F3xx_HAL_Driver/Src/stm32f3xx_hal_cortex.o
 .debug_line    0x00000000000033f9      0x7e5 Drivers/STM32F3xx_HAL_Driver/Src/stm32f3xx_hal_gpio.o
 .debug_line    0x0000000000003bde      0xdbe Drivers/STM32F3xx_HAL_Driver/Src/stm32f3xx_hal_rcc.o
 .debug_line    0x000000000000499c     0x1118 Drivers/STM32F3xx_HAL_Driver/Src/stm32f3xx_hal_uart.o

.debug_str      0x0000000000000000    0x7dc11
 .debug_str     0x0000000000000000    0x7c170 Core/Src/HX711/HX711.o
                                      0x7c3a4 (size before relaxing)
 .debug_str     0x000000000007c170      0x220 Core/Src/main.o
                                      0x7c44e (size before relaxing)
 .debug_str     0x000000000007c390       0x56 Core/Src/stm32f3xx_hal_msp.o
                                      0x7c2dd (size before relaxing)
 .debug_str     0x000000000007c3e6       0xbd Core/Src/stm32f3xx_it.o
                                      0x7bea7 (size before relaxing)
 .debug_str     0x000000000007c4a3       0xc7 Core/Src/system_stm32f3xx.o
                                      0x7bdda (size before relaxing)
 .debug_str     0x000000000007c56a       0x36 Core/Startup/startup_stm32f303k8tx.o
                                         0x6a (size before relaxing)
 .debug_str     0x000000000007c5a0      0x611 Drivers/STM32F3xx_HAL_Driver/Src/stm32f3xx_hal.o
                                      0x7c414 (size before relaxing)
 .debug_str     0x000000000007cbb1      0x2be Drivers/STM32F3xx_HAL_Driver/Src/stm32f3xx_hal_cortex.o
                                      0x7c3f5 (size before relaxing)
 .debug_str     0x000000000007ce6f      0x278 Drivers/STM32F3xx_HAL_Driver/Src/stm32f3xx_hal_gpio.o
                                      0x7c09e (size before relaxing)
 .debug_str     0x000000000007d0e7      0x31a Drivers/STM32F3xx_HAL_Driver/Src/stm32f3xx_hal_rcc.o
                                      0x7c234 (size before relaxing)
 .debug_str     0x000000000007d401      0x810 Drivers/STM32F3xx_HAL_Driver/Src/stm32f3xx_hal_uart.o
                                      0x7c994 (size before relaxing)

.comment        0x0000000000000000       0x7b
 .comment       0x0000000000000000       0x7b Core/Src/HX711/HX711.o
                                         0x7c (size before relaxing)
 .comment       0x000000000000007b       0x7c Core/Src/main.o
 .comment       0x000000000000007b       0x7c Core/Src/stm32f3xx_hal_msp.o
 .comment       0x000000000000007b       0x7c Core/Src/stm32f3xx_it.o
 .comment       0x000000000000007b       0x7c Core/Src/system_stm32f3xx.o
 .comment       0x000000000000007b       0x7c Drivers/STM32F3xx_HAL_Driver/Src/stm32f3xx_hal.o
 .comment       0x000000000000007b       0x7c Drivers/STM32F3xx_HAL_Driver/Src/stm32f3xx_hal_cortex.o
 .comment       0x000000000000007b       0x7c Drivers/STM32F3xx_HAL_Driver/Src/stm32f3xx_hal_gpio.o
 .comment       0x000000000000007b       0x7c Drivers/STM32F3xx_HAL_Driver/Src/stm32f3xx_hal_rcc.o
 .comment       0x000000000000007b       0x7c Drivers/STM32F3xx_HAL_Driver/Src/stm32f3xx_hal_uart.o

.debug_frame    0x0000000000000000     0x1784
 .debug_frame   0x0000000000000000       0x78 Core/Src/HX711/HX711.o
 .debug_frame   0x0000000000000078       0xb0 Core/Src/main.o
 .debug_frame   0x0000000000000128       0x80 Core/Src/stm32f3xx_hal_msp.o
 .debug_frame   0x00000000000001a8      0x10c Core/Src/stm32f3xx_it.o
 .debug_frame   0x00000000000002b4       0x58 Core/Src/system_stm32f3xx.o
 .debug_frame   0x000000000000030c      0x334 Drivers/STM32F3xx_HAL_Driver/Src/stm32f3xx_hal.o
 .debug_frame   0x0000000000000640      0x428 Drivers/STM32F3xx_HAL_Driver/Src/stm32f3xx_hal_cortex.o
 .debug_frame   0x0000000000000a68      0x14c Drivers/STM32F3xx_HAL_Driver/Src/stm32f3xx_hal_gpio.o
 .debug_frame   0x0000000000000bb4      0x214 Drivers/STM32F3xx_HAL_Driver/Src/stm32f3xx_hal_rcc.o
 .debug_frame   0x0000000000000dc8      0x970 Drivers/STM32F3xx_HAL_Driver/Src/stm32f3xx_hal_uart.o
 .debug_frame   0x0000000000001738       0x2c c:/st/stm32cubeide_1.3.0/stm32cubeide/plugins/com.st.stm32cube.ide.mcu.externaltools.gnu-tools-for-stm32.7-2018-q2-update.win32_1.4.0.202007081208/tools/bin/../lib/gcc/arm-none-eabi/7.3.1/../../../../arm-none-eabi/lib/thumb/v7e-m/fpv4-sp/hard\libc_nano.a(lib_a-init.o)
 .debug_frame   0x0000000000001764       0x20 c:/st/stm32cubeide_1.3.0/stm32cubeide/plugins/com.st.stm32cube.ide.mcu.externaltools.gnu-tools-for-stm32.7-2018-q2-update.win32_1.4.0.202007081208/tools/bin/../lib/gcc/arm-none-eabi/7.3.1/../../../../arm-none-eabi/lib/thumb/v7e-m/fpv4-sp/hard\libc_nano.a(lib_a-memset.o)
